
> ernos@2026.2.27 test:fast /Users/mettamazza/Desktop/ErnOS
> vitest run --config vitest.unit.config.ts


[1m[46m RUN [49m[22m [36mv4.0.18 [39m[90m/Users/mettamazza/Desktop/ErnOS[39m

[90mstdout[2m | src/cron/isolated-agent.uses-last-non-empty-agent-text-as.test.ts
[22m[39m[MemoryStore] Initializing the Five-Tier Central Nervous System...
KnowledgeGraph connected to Neo4j successfully.

[90mstdout[2m | src/cron/isolated-agent.auth-profile-propagation.test.ts
[22m[39m[MemoryStore] Initializing the Five-Tier Central Nervous System...
KnowledgeGraph connected to Neo4j successfully.

[90mstdout[2m | src/cron/isolated-agent.skips-delivery-without-whatsapp-recipient-besteffortdeliver-true.test.ts
[22m[39m[MemoryStore] Initializing the Five-Tier Central Nervous System...
KnowledgeGraph connected to Neo4j successfully.

[90mstdout[2m | src/commands/agent.test.ts
[22m[39m[MemoryStore] Initializing the Five-Tier Central Nervous System...
KnowledgeGraph connected to Neo4j successfully.

[90mstdout[2m | src/cron/isolated-agent.direct-delivery-forum-topics.test.ts
[22m[39m[MemoryStore] Initializing the Five-Tier Central Nervous System...
KnowledgeGraph connected to Neo4j successfully.

[90mstdout[2m | src/cron/isolated-agent.delivers-response-has-heartbeat-ok-but-includes.test.ts
[22m[39m[MemoryStore] Initializing the Five-Tier Central Nervous System...
KnowledgeGraph connected to Neo4j successfully.

[90mstdout[2m | src/commands/agent.test.ts
[22m[39mKnowledgeGraph Schema Initialized.

[90mstdout[2m | src/cron/isolated-agent.direct-delivery-forum-topics.test.ts
[22m[39mKnowledgeGraph Schema Initialized.

[90mstdout[2m | src/cron/isolated-agent.skips-delivery-without-whatsapp-recipient-besteffortdeliver-true.test.ts
[22m[39mKnowledgeGraph Schema Initialized.

[90mstdout[2m | src/cron/isolated-agent.uses-last-non-empty-agent-text-as.test.ts
[22m[39mKnowledgeGraph Schema Initialized.

[90mstdout[2m | src/cron/isolated-agent.auth-profile-propagation.test.ts
[22m[39mKnowledgeGraph Schema Initialized.

[90mstdout[2m | src/cron/isolated-agent.delivers-response-has-heartbeat-ok-but-includes.test.ts
[22m[39mKnowledgeGraph Schema Initialized.

[90mstdout[2m | src/auto-reply/reply/agent-runner.misc.runreplyagent.test.ts
[22m[39m[MemoryStore] Initializing the Five-Tier Central Nervous System...
KnowledgeGraph connected to Neo4j successfully.

[90mstdout[2m | src/auto-reply/reply/agent-runner.misc.runreplyagent.test.ts
[22m[39mKnowledgeGraph Schema Initialized.

[90mstdout[2m | src/agents/pi-embedded-runner.test.ts
[22m[39m[MemoryStore] Initializing the Five-Tier Central Nervous System...
KnowledgeGraph connected to Neo4j successfully.

 [31m❯[39m src/cron/isolated-agent.auth-profile-propagation.test.ts [2m([22m[2m1 test[22m[2m | [22m[31m1 failed[39m[2m)[22m[32m 34[2mms[22m[39m
[31m     [31m×[31m passes authProfileId to runEmbeddedPiAgent when auth profiles exist[39m[32m 32[2mms[22m[39m
 [31m❯[39m src/cron/isolated-agent.direct-delivery-forum-topics.test.ts [2m([22m[2m2 tests[22m[2m | [22m[31m2 failed[39m[2m)[22m[32m 44[2mms[22m[39m
[31m     [31m×[31m uses direct delivery for text-only forum topic targets[39m[32m 33[2mms[22m[39m
[31m     [31m×[31m keeps text-only non-threaded targets on announce flow[39m[32m 10[2mms[22m[39m
 [31m❯[39m src/cron/isolated-agent.delivers-response-has-heartbeat-ok-but-includes.test.ts [2m([22m[2m4 tests[22m[2m | [22m[31m3 failed[39m[2m)[22m[32m 64[2mms[22m[39m
[31m     [31m×[31m does not fan out telegram cron delivery across allowFrom entries[39m[32m 32[2mms[22m[39m
[31m     [31m×[31m handles media heartbeat delivery and announce cleanup modes[39m[32m 10[2mms[22m[39m
     [32m✓[39m skips structured outbound delivery when timeout abort is already set[32m 8[2mms[22m[39m
[31m     [31m×[31m uses a unique announce childRunId for each cron run[39m[32m 13[2mms[22m[39m
[90mstdout[2m | src/agents/pi-embedded-runner.test.ts
[22m[39mKnowledgeGraph Schema Initialized.

[90mstdout[2m | src/auto-reply/reply.triggers.trigger-handling.targets-active-session-native-stop.test.ts
[22m[39m[MemoryStore] Initializing the Five-Tier Central Nervous System...
KnowledgeGraph connected to Neo4j successfully.

[90mstdout[2m | src/auto-reply/reply.directive.directive-behavior.applies-inline-reasoning-mixed-messages-acks-immediately.test.ts
[22m[39m[MemoryStore] Initializing the Five-Tier Central Nervous System...
KnowledgeGraph connected to Neo4j successfully.

[90mstdout[2m | src/auto-reply/reply.directive.directive-behavior.defaults-think-low-reasoning-capable-models-no.test.ts
[22m[39m[MemoryStore] Initializing the Five-Tier Central Nervous System...
KnowledgeGraph connected to Neo4j successfully.

[90mstdout[2m | src/auto-reply/reply.raw-body.test.ts
[22m[39m[MemoryStore] Initializing the Five-Tier Central Nervous System...
KnowledgeGraph connected to Neo4j successfully.

[90mstdout[2m | src/auto-reply/reply.block-streaming.test.ts
[22m[39m[MemoryStore] Initializing the Five-Tier Central Nervous System...
KnowledgeGraph connected to Neo4j successfully.

[90mstdout[2m | src/auto-reply/reply.directive.directive-behavior.shows-current-verbose-level-verbose-has-no.test.ts
[22m[39m[MemoryStore] Initializing the Five-Tier Central Nervous System...
KnowledgeGraph connected to Neo4j successfully.

[90mstdout[2m | src/auto-reply/reply.media-note.test.ts
[22m[39m[MemoryStore] Initializing the Five-Tier Central Nervous System...
KnowledgeGraph connected to Neo4j successfully.

 [31m❯[39m src/cron/isolated-agent.skips-delivery-without-whatsapp-recipient-besteffortdeliver-true.test.ts [2m([22m[2m11 tests[22m[2m | [22m[31m11 failed[39m[2m)[22m[32m 102[2mms[22m[39m
[31m     [31m×[31m routes text-only explicit target delivery through announce flow[39m[32m 32[2mms[22m[39m
[31m     [31m×[31m announces the final payload text when delivery has an explicit target[39m[32m 11[2mms[22m[39m
[31m     [31m×[31m routes announce injection to the delivery-target session key[39m[32m 8[2mms[22m[39m
[31m     [31m×[31m routes threaded announce targets through direct delivery[39m[32m 7[2mms[22m[39m
[31m     [31m×[31m skips announce when messaging tool already sent to target[39m[32m 5[2mms[22m[39m
[31m     [31m×[31m reports not-delivered when best-effort structured outbound sends all fail[39m[32m 6[2mms[22m[39m
[31m     [31m×[31m skips announce for heartbeat-only output[39m[32m 11[2mms[22m[39m
[31m     [31m×[31m fails when structured direct delivery fails and best-effort is disabled[39m[32m 6[2mms[22m[39m
[31m     [31m×[31m fails when announce delivery reports false and best-effort is disabled[39m[32m 5[2mms[22m[39m
[31m     [31m×[31m marks attempted when announce delivery reports false and best-effort is enabled[39m[32m 5[2mms[22m[39m
[31m     [31m×[31m ignores structured direct delivery failures when best-effort is enabled[39m[32m 5[2mms[22m[39m
[90mstdout[2m | src/auto-reply/reply.triggers.trigger-handling.targets-active-session-native-stop.test.ts
[22m[39mKnowledgeGraph Schema Initialized.

[90mstdout[2m | src/auto-reply/reply.directive.directive-behavior.applies-inline-reasoning-mixed-messages-acks-immediately.test.ts
[22m[39mKnowledgeGraph Schema Initialized.

[90mstdout[2m | src/auto-reply/reply.directive.directive-behavior.defaults-think-low-reasoning-capable-models-no.test.ts
[22m[39mKnowledgeGraph Schema Initialized.

 [31m❯[39m src/cron/isolated-agent.uses-last-non-empty-agent-text-as.test.ts [2m([22m[2m19 tests[22m[2m | [22m[31m16 failed[39m[2m)[22m[32m 143[2mms[22m[39m
[31m     [31m×[31m treats blank model overrides as unset[39m[32m 27[2mms[22m[39m
[31m     [31m×[31m uses last non-empty agent text as summary[39m[32m 7[2mms[22m[39m
[31m     [31m×[31m returns error when embedded run payload is marked as error[39m[32m 12[2mms[22m[39m
[31m     [31m×[31m passes resolved agentDir to runEmbeddedPiAgent[39m[32m 6[2mms[22m[39m
[31m     [31m×[31m appends current time after the cron header line[39m[32m 10[2mms[22m[39m
[31m     [31m×[31m uses agentId for workspace, session key, and store paths[39m[32m 8[2mms[22m[39m
[31m     [31m×[31m uses model override when provided[39m[32m 13[2mms[22m[39m
[31m     [31m×[31m uses stored session override when no job model override is provided[39m[32m 6[2mms[22m[39m
[31m     [31m×[31m prefers job model override over stored session override[39m[32m 7[2mms[22m[39m
[31m     [31m×[31m uses hooks.gmail.model for Gmail hook sessions[39m[32m 5[2mms[22m[39m
[31m     [31m×[31m keeps hooks.gmail.model precedence over stored session override[39m[32m 5[2mms[22m[39m
[31m     [31m×[31m wraps external hook content by default[39m[32m 5[2mms[22m[39m
[31m     [31m×[31m skips external content wrapping when hooks.gmail opts out[39m[32m 4[2mms[22m[39m
[31m     [31m×[31m ignores hooks.gmail.model when not in the allowlist[39m[32m 5[2mms[22m[39m
     [32m✓[39m rejects invalid model override[32m 5[2mms[22m[39m
[31m     [31m×[31m defaults thinking to low for reasoning-capable models[39m[32m 5[2mms[22m[39m
[31m     [31m×[31m truncates long summaries[39m[32m 4[2mms[22m[39m
     [32m✓[39m starts a fresh session id for each cron run[32m 5[2mms[22m[39m
     [32m✓[39m preserves an existing cron session label[32m 5[2mms[22m[39m
[90mstdout[2m | src/auto-reply/reply.directive.directive-behavior.shows-current-verbose-level-verbose-has-no.test.ts
[22m[39mKnowledgeGraph Schema Initialized.

[90mstdout[2m | src/auto-reply/reply.raw-body.test.ts
[22m[39mKnowledgeGraph Schema Initialized.

[90mstdout[2m | src/auto-reply/reply.block-streaming.test.ts
[22m[39mKnowledgeGraph Schema Initialized.

[90mstdout[2m | src/auto-reply/reply.media-note.test.ts
[22m[39mKnowledgeGraph Schema Initialized.

 [31m❯[39m src/commands/agent.test.ts [2m([22m[2m24 tests[22m[2m | [22m[31m23 failed[39m[2m)[22m[32m 187[2mms[22m[39m
[31m     [31m×[31m creates a session entry when deriving from --to[39m[32m 15[2mms[22m[39m
[31m     [31m×[31m persists thinking and verbose overrides[39m[32m 8[2mms[22m[39m
[31m     [31m×[31m resumes when session-id is provided[39m[32m 4[2mms[22m[39m
[31m     [31m×[31m uses the resumed session agent scope when sessionId resolves to another agent store[39m[32m 8[2mms[22m[39m
[31m     [31m×[31m forwards resolved outbound session context when resuming by sessionId[39m[32m 8[2mms[22m[39m
[31m     [31m×[31m resolves resumed session transcript path from custom session store directory[39m[32m 5[2mms[22m[39m
[31m     [31m×[31m does not duplicate agent events from embedded runs[39m[32m 12[2mms[22m[39m
[31m     [31m×[31m uses provider/model from agents.defaults.model.primary[39m[32m 11[2mms[22m[39m
[31m     [31m×[31m uses default fallback list for session model overrides[39m[32m 12[2mms[22m[39m
[31m     [31m×[31m keeps stored session model override when models allowlist is empty[39m[32m 10[2mms[22m[39m
[31m     [31m×[31m persists cleared model and auth override fields when stored override falls back to default[39m[32m 11[2mms[22m[39m
[31m     [31m×[31m keeps explicit sessionKey even when sessionId exists elsewhere[39m[32m 8[2mms[22m[39m
[31m     [31m×[31m persists resolved sessionFile for existing session keys[39m[32m 6[2mms[22m[39m
[31m     [31m×[31m preserves topic transcript suffix when persisting missing sessionFile[39m[32m 7[2mms[22m[39m
[31m     [31m×[31m derives session key from --agent when no routing target is provided[39m[32m 7[2mms[22m[39m
     [32m✓[39m rejects unknown agent overrides[32m 5[2mms[22m[39m
[31m     [31m×[31m defaults thinking to low for reasoning-capable models[39m[32m 6[2mms[22m[39m
[31m     [31m×[31m prints JSON payload when requested[39m[32m 6[2mms[22m[39m
[31m     [31m×[31m passes the message through as the agent prompt[39m[32m 6[2mms[22m[39m
[31m     [31m×[31m passes through telegram accountId when delivering[39m[32m 7[2mms[22m[39m
[31m     [31m×[31m uses reply channel as the message channel context[39m[32m 6[2mms[22m[39m
[31m     [31m×[31m prefers runContext for embedded routing[39m[32m 6[2mms[22m[39m
[31m     [31m×[31m forwards accountId to embedded runs[39m[32m 6[2mms[22m[39m
[31m     [31m×[31m logs output when delivery is disabled[39m[32m 6[2mms[22m[39m
 [31m❯[39m src/auto-reply/reply.media-note.test.ts [2m([22m[2m1 test[22m[2m | [22m[31m1 failed[39m[2m)[22m[32m 32[2mms[22m[39m
[31m     [31m×[31m includes all MediaPaths in the agent prompt[39m[32m 31[2mms[22m[39m
 [31m❯[39m src/auto-reply/reply.raw-body.test.ts [2m([22m[2m1 test[22m[2m | [22m[31m1 failed[39m[2m)[22m[32m 37[2mms[22m[39m
[31m     [31m×[31m handles directives and history in the prompt[39m[32m 30[2mms[22m[39m
 [31m❯[39m src/auto-reply/reply.block-streaming.test.ts [2m([22m[2m3 tests[22m[2m | [22m[31m3 failed[39m[2m)[22m[32m 60[2mms[22m[39m
[31m     [31m×[31m handles ordering, timeout fallback, and telegram streamMode block[39m[32m 30[2mms[22m[39m
[31m     [31m×[31m trims leading whitespace in block-streamed replies[39m[32m 10[2mms[22m[39m
[31m     [31m×[31m still parses media directives for direct block payloads[39m[32m 19[2mms[22m[39m
 [31m❯[39m src/auto-reply/reply.triggers.trigger-handling.targets-active-session-native-stop.test.ts [2m([22m[2m3 tests[22m[2m | [22m[31m2 failed[39m[2m)[22m[33m 2705[2mms[22m[39m
[31m       [31m×[31m labels group chats using channel-specific metadata[39m[32m 25[2mms[22m[39m
       [32m✓[39m handles status, usage cycles, and auth-profile status details[32m 55[2mms[22m[39m
[31m     [31m×[31m handles trigger command and heartbeat flows end-to-end[39m[32m 11[2mms[22m[39m
 [31m❯[39m src/auto-reply/reply.directive.directive-behavior.shows-current-verbose-level-verbose-has-no.test.ts [2m([22m[2m7 tests[22m[2m | [22m[31m1 failed[39m[2m)[22m[32m 161[2mms[22m[39m
     [32m✓[39m reports current directive defaults when no arguments are provided[32m 31[2mms[22m[39m
     [32m✓[39m persists elevated toggles across /status and /elevated[32m 39[2mms[22m[39m
     [32m✓[39m enforces per-agent elevated restrictions and status visibility[32m 15[2mms[22m[39m
     [32m✓[39m applies per-agent allowlist requirements before allowing elevated[32m 16[2mms[22m[39m
     [32m✓[39m handles runtime warning, invalid level, and multi-directive elevated inputs[32m 17[2mms[22m[39m
     [32m✓[39m persists queue overrides and reset behavior[32m 21[2mms[22m[39m
[31m     [31m×[31m strips inline elevated directives from the user text (does not persist session override)[39m[32m 21[2mms[22m[39m
 [31m❯[39m src/auto-reply/reply/agent-runner.misc.runreplyagent.test.ts [2m([22m[2m22 tests[22m[2m | [22m[31m18 failed[39m[2m)[22m[32m 135[2mms[22m[39m
     [32m✓[39m does not emit start callback when fallback fails before run start[32m 5[2mms[22m[39m
     [32m✓[39m emits start callback when cli runner starts[32m 2[2mms[22m[39m
[31m     [31m×[31m drops authProfileId when provider changes during fallback[39m[32m 14[2mms[22m[39m
[31m     [31m×[31m updates totalTokens after auto-compaction using lastCallUsage[39m[32m 7[2mms[22m[39m
[31m     [31m×[31m updates totalTokens from lastCallUsage even without compaction[39m[32m 10[2mms[22m[39m
[31m     [31m×[31m coalesces duplicate text_end block replies[39m[32m 5[2mms[22m[39m
[31m     [31m×[31m returns the final payload when onBlockReply times out[39m[32m 5[2mms[22m[39m
     [32m✓[39m uses claude-cli runner for claude-cli provider[32m 1[2mms[22m[39m
[31m     [31m×[31m drops replies when a messaging tool sent via the same provider + target[39m[32m 5[2mms[22m[39m
[31m     [31m×[31m delivers replies when tool provider does not match[39m[32m 5[2mms[22m[39m
[31m     [31m×[31m keeps final reply when text matches a cross-target messaging send[39m[32m 5[2mms[22m[39m
[31m     [31m×[31m delivers replies when account ids do not match[39m[32m 5[2mms[22m[39m
[31m     [31m×[31m persists usage fields even when replies are suppressed[39m[32m 8[2mms[22m[39m
[31m     [31m×[31m persists totalTokens from promptTokens when snapshot is available[39m[32m 6[2mms[22m[39m
[31m     [31m×[31m persists totalTokens from promptTokens when provider omits usage[39m[32m 6[2mms[22m[39m
[31m     [31m×[31m appends guard note when reminder commitment is not backed by cron.add[39m[32m 3[2mms[22m[39m
[31m     [31m×[31m keeps reminder commitment unchanged when cron.add succeeded[39m[32m 4[2mms[22m[39m
[31m     [31m×[31m enforces <final> when the fallback provider requires reasoning tags[39m[32m 4[2mms[22m[39m
     [32m✓[39m enforces <final> during memory flush on fallback providers[32m 21[2mms[22m[39m
[31m     [31m×[31m appends session key when responseUsage=full[39m[32m 4[2mms[22m[39m
[31m     [31m×[31m does not append session key when responseUsage=tokens[39m[32m 3[2mms[22m[39m
[31m     [31m×[31m retries once after transient 521 HTML failure and then succeeds[39m[32m 3[2mms[22m[39m
[90mstdout[2m | src/agents/pi-embedded-runner.test.ts[2m > [22m[2mrunEmbeddedPiAgent[2m > [22m[2mhandles prompt error paths without dropping user state
[22m[39m[image-debug] detectAndLoadPromptImages: model does NOT support images, input=["text"]

 [31m❯[39m src/auto-reply/reply.directive.directive-behavior.applies-inline-reasoning-mixed-messages-acks-immediately.test.ts [2m([22m[2m7 tests[22m[2m | [22m[31m3 failed[39m[2m)[22m[32m 222[2mms[22m[39m
[31m     [31m×[31m keeps reasoning acks out of mixed messages, including rapid repeats[39m[32m 30[2mms[22m[39m
     [32m✓[39m handles standalone verbose directives and persistence[32m 26[2mms[22m[39m
[31m     [31m×[31m updates tool verbose during in-flight runs for toggle on/off[39m[32m 10[2mms[22m[39m
     [32m✓[39m covers think status and /thinking xhigh support matrix[32m 26[2mms[22m[39m
     [32m✓[39m keeps reserved command aliases from matching after trimming[32m 8[2mms[22m[39m
[31m     [31m×[31m treats skill commands as reserved for model aliases[39m[32m 109[2mms[22m[39m
     [32m✓[39m reports invalid queue options and current queue settings[32m 12[2mms[22m[39m
 [31m❯[39m src/auto-reply/reply.directive.directive-behavior.defaults-think-low-reasoning-capable-models-no.test.ts [2m([22m[2m7 tests[22m[2m | [22m[31m5 failed[39m[2m)[22m[32m 236[2mms[22m[39m
[31m     [31m×[31m covers /think status and reasoning defaults for reasoning and non-reasoning models[39m[32m 45[2mms[22m[39m
     [32m✓[39m renders model list and status variants across catalog/config combinations[32m 127[2mms[22m[39m
     [32m✓[39m sets model override on /model directive[32m 11[2mms[22m[39m
[31m     [31m×[31m ignores inline /model and /think directives while still running agent content[39m[32m 17[2mms[22m[39m
[31m     [31m×[31m passes elevated defaults when sender is approved[39m[32m 10[2mms[22m[39m
[31m     [31m×[31m persists /reasoning off on discord even when model defaults reasoning on[39m[32m 15[2mms[22m[39m
[31m     [31m×[31m handles reply_to_current tags and explicit reply_to precedence[39m[32m 11[2mms[22m[39m
[90mstdout[2m | src/agents/pi-embedded-runner.test.ts[2m > [22m[2mrunEmbeddedPiAgent[2m > [22m[2mappends new user + assistant after existing transcript entries
[22m[39m[image-debug] detectAndLoadPromptImages: model does NOT support images, input=["text"]

[90mstdout[2m | src/agents/pi-embedded-runner.test.ts[2m > [22m[2mrunEmbeddedPiAgent[2m > [22m[2mrepairs orphaned user messages and continues
[22m[39m[image-debug] detectAndLoadPromptImages: model does NOT support images, input=["text"]

 [32m✓[39m src/agents/pi-embedded-runner.test.ts [2m([22m[2m3 tests[22m[2m)[22m[33m 5121[2mms[22m[39m
 [32m✓[39m src/agents/pi-embedded-runner.run-embedded-pi-agent.auth-profile-rotation.test.ts [2m([22m[2m13 tests[22m[2m)[22m[33m 1140[2mms[22m[39m
 [32m✓[39m src/commands/doctor.warns-state-directory-is-missing.test.ts [2m([22m[2m3 tests[22m[2m)[22m[33m 1114[2mms[22m[39m
 [32m✓[39m src/agents/subagent-announce.format.test.ts [2m([22m[2m50 tests[22m[2m)[22m[33m 1272[2mms[22m[39m
 [32m✓[39m src/commands/doctor.warns-per-agent-sandbox-docker-browser-prune.test.ts [2m([22m[2m2 tests[22m[2m)[22m[33m 1267[2mms[22m[39m
 [32m✓[39m src/process/exec.test.ts [2m([22m[2m6 tests[22m[2m)[22m[33m 1417[2mms[22m[39m
     [33m[2m✓[22m[39m resets no output timer when command keeps emitting output [33m 1262[2mms[22m[39m
 [32m✓[39m src/secrets/resolve.test.ts [2m([22m[2m14 tests[22m[2m)[22m[33m 1447[2mms[22m[39m
 [32m✓[39m src/commands/doctor-sandbox.warns-sandbox-enabled-without-docker.test.ts [2m([22m[2m4 tests[22m[2m)[22m[33m 900[2mms[22m[39m
     [33m[2m✓[22m[39m warns when sandbox mode is enabled but Docker is not available [33m 899[2mms[22m[39m
 [32m✓[39m src/commands/doctor.runs-legacy-state-migrations-yes-mode-without.test.ts [2m([22m[2m4 tests[22m[2m)[22m[33m 1465[2mms[22m[39m
[90mstdout[2m | src/discord/voice/manager.test.ts[2m > [22m[2mDiscordVoiceManager
[22m[39m[MemoryStore] Initializing the Five-Tier Central Nervous System...
KnowledgeGraph connected to Neo4j successfully.

[90mstdout[2m | src/discord/voice/manager.test.ts[2m > [22m[2mDiscordVoiceManager
[22m[39mKnowledgeGraph Schema Initialized.

 [32m✓[39m test/scripts/ios-team-id.test.ts [2m([22m[2m4 tests[22m[2m)[22m[33m 1937[2mms[22m[39m
     [33m[2m✓[22m[39m falls back to Xcode-managed provisioning profiles when preference teams are empty [33m 472[2mms[22m[39m
     [33m[2m✓[22m[39m prints actionable guidance when Xcode account exists but no Team ID is resolvable [33m 419[2mms[22m[39m
     [33m[2m✓[22m[39m honors IOS_PREFERRED_TEAM_ID when multiple profile teams are available [33m 665[2mms[22m[39m
     [33m[2m✓[22m[39m matches preferred team IDs even when parser output uses CRLF line endings [33m 379[2mms[22m[39m
[90mstdout[2m | src/web/auto-reply.web-auto-reply.reconnects-after-connection-close.test.ts[2m > [22m[2mweb auto-reply
[22m[39m[MemoryStore] Initializing the Five-Tier Central Nervous System...
KnowledgeGraph connected to Neo4j successfully.

[90mstdout[2m | src/line/monitor.lifecycle.test.ts[2m > [22m[2mmonitorLineProvider lifecycle[2m > [22m[2mwaits for abort before resolving
[22m[39m[MemoryStore] Initializing the Five-Tier Central Nervous System...
KnowledgeGraph connected to Neo4j successfully.

[90mstdout[2m | src/discord/monitor.tool-result.accepts-guild-messages-mentionpatterns-match.test.ts
[22m[39m[MemoryStore] Initializing the Five-Tier Central Nervous System...
KnowledgeGraph connected to Neo4j successfully.

[90mstdout[2m | src/telegram/bot.media.downloads-media-file-path-no-file-download.test.ts
[22m[39m[MemoryStore] Initializing the Five-Tier Central Nervous System...
KnowledgeGraph connected to Neo4j successfully.

[90mstdout[2m | src/telegram/bot.media.stickers-and-fragments.test.ts
[22m[39m[MemoryStore] Initializing the Five-Tier Central Nervous System...
KnowledgeGraph connected to Neo4j successfully.

[90mstdout[2m | src/web/auto-reply.web-auto-reply.reconnects-after-connection-close.test.ts[2m > [22m[2mweb auto-reply
[22m[39mKnowledgeGraph Schema Initialized.

[90mstdout[2m | src/line/monitor.lifecycle.test.ts[2m > [22m[2mmonitorLineProvider lifecycle[2m > [22m[2mwaits for abort before resolving
[22m[39mKnowledgeGraph Schema Initialized.

[90mstdout[2m | src/discord/monitor.tool-result.accepts-guild-messages-mentionpatterns-match.test.ts
[22m[39mKnowledgeGraph Schema Initialized.

[90mstdout[2m | src/telegram/bot.media.stickers-and-fragments.test.ts
[22m[39mKnowledgeGraph Schema Initialized.

[90mstdout[2m | src/telegram/bot.media.downloads-media-file-path-no-file-download.test.ts
[22m[39mKnowledgeGraph Schema Initialized.

 [32m✓[39m src/line/monitor.lifecycle.test.ts [2m([22m[2m3 tests[22m[2m)[22m[33m 2198[2mms[22m[39m
     [33m[2m✓[22m[39m waits for abort before resolving [33m 2196[2mms[22m[39m
 [32m✓[39m src/telegram/bot.media.stickers-and-fragments.test.ts [2m([22m[2m4 tests[22m[2m)[22m[33m 2073[2mms[22m[39m
 [32m✓[39m src/discord/voice/manager.test.ts [2m([22m[2m5 tests[22m[2m)[22m[33m 2147[2mms[22m[39m
 [32m✓[39m src/telegram/bot.media.downloads-media-file-path-no-file-download.test.ts [2m([22m[2m6 tests[22m[2m)[22m[33m 2167[2mms[22m[39m
 [32m✓[39m src/web/auto-reply.web-auto-reply.reconnects-after-connection-close.test.ts [2m([22m[2m5 tests[22m[2m)[22m[33m 2281[2mms[22m[39m
 [32m✓[39m src/discord/monitor.tool-result.accepts-guild-messages-mentionpatterns-match.test.ts [2m([22m[2m7 tests[22m[2m)[22m[33m 1140[2mms[22m[39m
 [32m✓[39m src/agents/subagent-registry.archive.test.ts [2m([22m[2m2 tests[22m[2m)[22m[33m 883[2mms[22m[39m
 [32m✓[39m src/discord/monitor/provider.test.ts [2m([22m[2m3 tests[22m[2m)[22m[33m 732[2mms[22m[39m
     [33m[2m✓[22m[39m stops thread bindings when startup fails before lifecycle begins [33m 730[2mms[22m[39m
 [32m✓[39m src/agents/sandbox-agent-config.agent-specific-sandbox-config.test.ts [2m([22m[2m9 tests[22m[2m)[22m[33m 999[2mms[22m[39m
 [32m✓[39m src/agents/subagent-registry.nested.test.ts [2m([22m[2m4 tests[22m[2m)[22m[33m 851[2mms[22m[39m
 [32m✓[39m src/agents/subagent-registry.lifecycle-retry-grace.test.ts [2m([22m[2m2 tests[22m[2m)[22m[33m 857[2mms[22m[39m
 [32m✓[39m src/plugins/wired-hooks-after-tool-call.test.ts [2m([22m[2m3 tests[22m[2m)[22m[33m 1040[2mms[22m[39m
 [32m✓[39m src/config/config.meta-timestamp-coercion.test.ts [2m([22m[2m5 tests[22m[2m)[22m[33m 724[2mms[22m[39m
     [33m[2m✓[22m[39m accepts a numeric Unix timestamp and coerces it to an ISO string [33m 501[2mms[22m[39m
 [32m✓[39m src/docker-setup.test.ts [2m([22m[2m8 tests[22m[2m)[22m[33m 575[2mms[22m[39m
 [32m✓[39m src/agents/pi-model-discovery.compat.test.ts [2m([22m[2m1 test[22m[2m)[22m[33m 551[2mms[22m[39m
     [33m[2m✓[22m[39m loads when InMemoryAuthStorageBackend is not exported [33m 550[2mms[22m[39m
 [32m✓[39m src/cli/program.nodes-basic.test.ts [2m([22m[2m7 tests[22m[2m)[22m[33m 667[2mms[22m[39m
 [32m✓[39m src/browser/pw-ai.test.ts [2m([22m[2m6 tests[22m[2m)[22m[33m 635[2mms[22m[39m
 [32m✓[39m src/cli/program.nodes-media.test.ts [2m([22m[2m10 tests[22m[2m)[22m[33m 707[2mms[22m[39m
[90mstdout[2m | src/agents/observer/observer.test.ts[2m > [22m[2mObserverSystem[2m > [22m[2mreturns allowed: true when Ollama returns ALLOWED
[22m[39m[Observer] Running Skeptic Audit on candidate response using model: qwen3.5:35b...

[90mstdout[2m | src/agents/observer/observer.test.ts[2m > [22m[2mObserverSystem[2m > [22m[2mreturns allowed: true when Ollama returns ALLOWED
[22m[39m[Observer] Skeptic verdict: {"verdict": "ALLOWED"}
[Observer] Skeptic verdict: {"verdict": "ALLOWED"}
[Observer] Skeptic Audit PASSED

[90mstdout[2m | src/agents/observer/observer.test.ts[2m > [22m[2mObserverSystem[2m > [22m[2mreturns allowed: true for PASS verdict
[22m[39m[Observer] Running Skeptic Audit on candidate response using model: qwen3.5:35b...

[90mstdout[2m | src/agents/observer/observer.test.ts[2m > [22m[2mObserverSystem[2m > [22m[2mreturns allowed: true for PASS verdict
[22m[39m[Observer] Skeptic verdict: {"verdict": "PASS"}
[Observer] Skeptic verdict: {"verdict": "PASS"}
[Observer] Skeptic Audit PASSED

[90mstdout[2m | src/agents/observer/observer.test.ts[2m > [22m[2mObserverSystem[2m > [22m[2mreturns allowed: false with reason for BLOCKED verdict
[22m[39m[Observer] Running Skeptic Audit on candidate response using model: qwen3.5:35b...

[90mstdout[2m | src/agents/observer/observer.test.ts[2m > [22m[2mObserverSystem[2m > [22m[2mreturns allowed: false with reason for BLOCKED verdict
[22m[39m[Observer] Skeptic verdict: {"verdict": "BLOCKED", "reason": "Response claims to have checked a database without tool execution.", "guidance": "Re-generate without fabricated claims"}
[Observer] Skeptic verdict: {"verdict": "BLOCKED", "reason": "Response claims to have checked a database without tool execution.", "guidance": "Re-generate without fabricated claims"}

[90mstdout[2m | src/agents/observer/observer.test.ts[2m > [22m[2mObserverSystem[2m > [22m[2mhandles TIER2 verdict format
[22m[39m[Observer] Running Skeptic Audit on candidate response using model: qwen3.5:35b...

[90mstdout[2m | src/agents/observer/observer.test.ts[2m > [22m[2mObserverSystem[2m > [22m[2mhandles TIER2 verdict format
[22m[39m[Observer] Skeptic verdict: {"verdict": "BLOCKED", "reason": "TIER2:HALLUCINATION|Response fabricates visual details without image input"}
[Observer] Skeptic verdict: {"verdict": "BLOCKED", "reason": "TIER2:HALLUCINATION|Response fabricates visual details without image input"}

[90mstdout[2m | src/agents/observer/observer.test.ts[2m > [22m[2mObserverSystem[2m > [22m[2mhandles REJECTED verdict format with REASON/GUIDANCE
[22m[39m[Observer] Running Skeptic Audit on candidate response using model: qwen3.5:35b...

[90mstdout[2m | src/agents/observer/observer.test.ts[2m > [22m[2mObserverSystem[2m > [22m[2mhandles REJECTED verdict format with REASON/GUIDANCE
[22m[39m[Observer] Skeptic verdict: {"verdict": "BLOCKED", "reason": "Sycophantic agreement with factually incorrect claim", "guidance": "Challenge the user's incorrect assumption instead of agreeing"}
[Observer] Skeptic verdict: {"verdict": "BLOCKED", "reason": "Sycophantic agreement with factually incorrect claim", "guidance": "Challenge the user's incorrect assumption instead of agreeing"}

[90mstdout[2m | src/agents/observer/observer.test.ts[2m > [22m[2mObserverSystem[2m > [22m[2mfails open on network error
[22m[39m[Observer] Running Skeptic Audit on candidate response using model: qwen3.5:35b...

[90mstdout[2m | src/agents/observer/observer.test.ts[2m > [22m[2mObserverSystem[2m > [22m[2mfails open on empty verdict
[22m[39m[Observer] Running Skeptic Audit on candidate response using model: qwen3.5:35b...

[90mstdout[2m | src/agents/observer/observer.test.ts[2m > [22m[2mObserverSystem[2m > [22m[2mfails open on unparseable verdict
[22m[39m[Observer] Running Skeptic Audit on candidate response using model: qwen3.5:35b...

[90mstdout[2m | src/agents/observer/observer.test.ts[2m > [22m[2mObserverSystem[2m > [22m[2mfails open on unparseable verdict
[22m[39m[Observer] Skeptic verdict: Some random text that is not a verdict
[Observer] Skeptic verdict: Some random text that is not a verdict

[90mstdout[2m | src/agents/observer/observer.test.ts[2m > [22m[2mObserverSystem[2m > [22m[2mpasses full context to the audit prompt without truncation
[22m[39m[Observer] Running Skeptic Audit on candidate response using model: qwen3.5:35b...

[90mstdout[2m | src/agents/observer/observer.test.ts[2m > [22m[2mObserverSystem[2m > [22m[2mpasses full context to the audit prompt without truncation
[22m[39m[Observer] Skeptic verdict: {"verdict": "ALLOWED"}
[Observer] Skeptic verdict: {"verdict": "ALLOWED"}
[Observer] Skeptic Audit PASSED

[90mstdout[2m | src/agents/observer/observer.test.ts[2m > [22m[2mObserverSystem[2m > [22m[2mhandles zero imageCount correctly
[22m[39m[Observer] Running Skeptic Audit on candidate response using model: qwen3.5:35b...

[90mstdout[2m | src/agents/observer/observer.test.ts[2m > [22m[2mObserverSystem[2m > [22m[2mhandles zero imageCount correctly
[22m[39m[Observer] Skeptic verdict: {"verdict": "ALLOWED"}
[Observer] Skeptic verdict: {"verdict": "ALLOWED"}
[Observer] Skeptic Audit PASSED

 [32m✓[39m src/agents/observer/observer.test.ts [2m([22m[2m12 tests[22m[2m)[22m[33m 301[2mms[22m[39m
 [32m✓[39m src/commands/models.list.test.ts [2m([22m[2m11 tests[22m[2m)[22m[33m 383[2mms[22m[39m
 [32m✓[39m src/commands/models.set.test.ts [2m([22m[2m5 tests[22m[2m)[22m[33m 386[2mms[22m[39m
 [32m✓[39m src/browser/extension-relay.test.ts [2m([22m[2m21 tests[22m[2m)[22m[33m 778[2mms[22m[39m
     [33m[2m✓[22m[39m keeps CDP clients alive across a brief extension reconnect [33m 404[2mms[22m[39m
 [32m✓[39m src/cli/update-cli.test.ts [2m([22m[2m29 tests[22m[2m)[22m[33m 465[2mms[22m[39m
 [32m✓[39m src/process/supervisor/supervisor.test.ts [2m([22m[2m5 tests[22m[2m)[22m[33m 319[2mms[22m[39m
 [32m✓[39m src/telegram/webhook.test.ts [2m([22m[2m11 tests[22m[2m)[22m[32m 296[2mms[22m[39m
 [32m✓[39m src/config/schema.test.ts [2m([22m[2m5 tests[22m[2m)[22m[33m 327[2mms[22m[39m
     [33m[2m✓[22m[39m exports schema + hints [33m 306[2mms[22m[39m
 [32m✓[39m src/config/schema.tags.test.ts [2m([22m[2m4 tests[22m[2m)[22m[33m 333[2mms[22m[39m
     [33m[2m✓[22m[39m covers core/built-in config paths with tags [33m 330[2mms[22m[39m
 [32m✓[39m src/agents/skills.test.ts [2m([22m[2m12 tests[22m[2m)[22m[33m 304[2mms[22m[39m
[90mstdout[2m | src/commands/onboard-channels.test.ts
[22m[39m[MemoryStore] Initializing the Five-Tier Central Nervous System...
KnowledgeGraph connected to Neo4j successfully.

[90mstdout[2m | src/commands/onboard-channels.test.ts
[22m[39mKnowledgeGraph Schema Initialized.

 [32m✓[39m src/agents/skills.build-workspace-skills-prompt.syncs-merged-skills-into-target-workspace.test.ts [2m([22m[2m5 tests[22m[2m)[22m[33m 371[2mms[22m[39m
 [32m✓[39m src/agents/skills.buildworkspaceskillsnapshot.test.ts [2m([22m[2m8 tests[22m[2m)[22m[33m 308[2mms[22m[39m
 [32m✓[39m src/cli/program.smoke.test.ts [2m([22m[2m5 tests[22m[2m)[22m[32m 243[2mms[22m[39m
 [32m✓[39m src/agents/bash-tools.exec.background-abort.test.ts [2m([22m[2m5 tests[22m[2m)[22m[33m 346[2mms[22m[39m
 [32m✓[39m src/auto-reply/reply/agent-runner.runreplyagent.test.ts [2m([22m[2m36 tests[22m[2m)[22m[33m 327[2mms[22m[39m
 [32m✓[39m src/security/audit.test.ts [2m([22m[2m79 tests[22m[2m)[22m[33m 356[2mms[22m[39m
 [32m✓[39m src/media-understanding/apply.test.ts [2m([22m[2m28 tests[22m[2m)[22m[33m 322[2mms[22m[39m
 [32m✓[39m src/agents/sandbox/validate-sandbox-security.test.ts [2m([22m[2m24 tests[22m[2m)[22m[32m 277[2mms[22m[39m
 [32m✓[39m src/agents/sandbox/registry.test.ts [2m([22m[2m6 tests[22m[2m)[22m[32m 229[2mms[22m[39m
 [32m✓[39m src/secrets/audit.test.ts [2m([22m[2m4 tests[22m[2m)[22m[32m 243[2mms[22m[39m
 [32m✓[39m src/agents/skills.build-workspace-skills-prompt.prefers-workspace-skills-managed-skills.test.ts [2m([22m[2m3 tests[22m[2m)[22m[32m 259[2mms[22m[39m
 [32m✓[39m src/cron/service.issue-regressions.test.ts [2m([22m[2m24 tests[22m[2m)[22m[32m 245[2mms[22m[39m
[90mstdout[2m | src/telegram/bot.create-telegram-bot.test.ts
[22m[39m[MemoryStore] Initializing the Five-Tier Central Nervous System...
KnowledgeGraph connected to Neo4j successfully.

 [32m✓[39m test/git-hooks-pre-commit.test.ts [2m([22m[2m1 test[22m[2m)[22m[32m 225[2mms[22m[39m
[90mstdout[2m | src/auto-reply/reply.directive.directive-behavior.prefers-alias-matches-fuzzy-selection-is-ambiguous.test.ts
[22m[39m[MemoryStore] Initializing the Five-Tier Central Nervous System...
KnowledgeGraph connected to Neo4j successfully.

[90mstdout[2m | src/telegram/bot.create-telegram-bot.test.ts
[22m[39mKnowledgeGraph Schema Initialized.

[90mstdout[2m | src/auto-reply/reply.directive.directive-behavior.prefers-alias-matches-fuzzy-selection-is-ambiguous.test.ts
[22m[39mKnowledgeGraph Schema Initialized.

 [32m✓[39m src/agents/tools/web-tools.enabled-defaults.test.ts [2m([22m[2m29 tests[22m[2m)[22m[32m 115[2mms[22m[39m
 [32m✓[39m src/config/sessions.test.ts [2m([22m[2m35 tests[22m[2m)[22m[32m 253[2mms[22m[39m
 [32m✓[39m src/plugins/install.test.ts [2m([22m[2m17 tests[22m[2m)[22m[32m 176[2mms[22m[39m
 [32m✓[39m src/commands/onboard-channels.test.ts [2m([22m[2m10 tests[22m[2m)[22m[33m 718[2mms[22m[39m
 [32m✓[39m src/agents/skills-install-fallback.test.ts [2m([22m[2m3 tests[22m[2m)[22m[32m 278[2mms[22m[39m
 [32m✓[39m src/telegram/bot.create-telegram-bot.test.ts [2m([22m[2m45 tests[22m[2m)[22m[33m 379[2mms[22m[39m
 [32m✓[39m src/agents/bash-tools.test.ts [2m([22m[2m15 tests[22m[2m)[22m[32m 260[2mms[22m[39m
 [32m✓[39m src/auto-reply/reply.directive.directive-behavior.prefers-alias-matches-fuzzy-selection-is-ambiguous.test.ts [2m([22m[2m5 tests[22m[2m)[22m[33m 388[2mms[22m[39m
 [32m✓[39m src/security/temp-path-guard.test.ts [2m([22m[2m3 tests[22m[2m)[22m[32m 239[2mms[22m[39m
 [32m✓[39m src/commands/onboard-non-interactive.provider-auth.test.ts [2m([22m[2m33 tests[22m[2m)[22m[32m 205[2mms[22m[39m
 [32m✓[39m src/agents/bash-tools.process.send-keys.test.ts [2m([22m[2m2 tests[22m[2m)[22m[32m 202[2mms[22m[39m
 [32m✓[39m src/memory/qmd-manager.test.ts [2m([22m[2m48 tests[22m[2m)[22m[32m 140[2mms[22m[39m
 [32m✓[39m src/agents/tools/web-tools.fetch.test.ts [2m([22m[2m14 tests[22m[2m)[22m[32m 177[2mms[22m[39m
 [32m✓[39m src/agents/bash-tools.exec.path.test.ts [2m([22m[2m7 tests[22m[2m)[22m[32m 170[2mms[22m[39m
 [32m✓[39m src/hooks/bundled/session-memory/handler.test.ts [2m([22m[2m16 tests[22m[2m)[22m[32m 138[2mms[22m[39m
 [32m✓[39m src/config/config.plugin-validation.test.ts [2m([22m[2m11 tests[22m[2m)[22m[32m 145[2mms[22m[39m
 [32m✓[39m src/memory/batch-voyage.test.ts [2m([22m[2m2 tests[22m[2m)[22m[32m 98[2mms[22m[39m
 [32m✓[39m src/agents/sandbox-skills.test.ts [2m([22m[2m2 tests[22m[2m)[22m[32m 178[2mms[22m[39m
 [32m✓[39m src/agents/skills-install.test.ts [2m([22m[2m2 tests[22m[2m)[22m[32m 176[2mms[22m[39m
 [32m✓[39m src/agents/bash-tools.exec.approval-id.test.ts [2m([22m[2m8 tests[22m[2m)[22m[32m 143[2mms[22m[39m
│
◇  Config ───────────────────────────────────────────────────╮
│                                                            │
│  Config invalid; doctor will run with best-effort config.  │
│                                                            │
├────────────────────────────────────────────────────────────╯
│
◇  Config ───────────────────────────────────────────────────╮
│                                                            │
│  Config invalid; doctor will run with best-effort config.  │
│                                                            │
├────────────────────────────────────────────────────────────╯
│
◇  Doctor changes ───────╮
│                        │
│  - gateway.auth.extra  │
│  - bridge              │
│                        │
├────────────────────────╯
│
◇  Config ───────────────────────────────────────────────────╮
│                                                            │
│  Config invalid; doctor will run with best-effort config.  │
│                                                            │
├────────────────────────────────────────────────────────────╯
│
◇  Doctor changes ──────────────────────────────────────────────────╮
│                                                                   │
│  Normalized channels.discord.streaming boolean → enum (partial).  │
│                                                                   │
├───────────────────────────────────────────────────────────────────╯
│
◇  Doctor changes ─────────────────────────────╮
│                                              │
│  Discord configured, enabled automatically.  │
│                                              │
├──────────────────────────────────────────────╯
│
◇  Doctor changes ───────────────╮
│                                │
│  - channels.discord.lifecycle  │
│                                │
├────────────────────────────────╯
│
◇  Doctor changes ───────────────────────────────────────────────╮
│                                                                │
│  Moved channels.telegram single-account top-level values into  │
│  channels.telegram.accounts.default.                           │
│                                                                │
├────────────────────────────────────────────────────────────────╯
│
◇  Doctor changes ──────────────────────────────╮
│                                               │
│  Telegram configured, enabled automatically.  │
│                                               │
├───────────────────────────────────────────────╯
│
◇  Doctor changes ────────────────────────────────────────────────────────╮
│                                                                         │
│  - channels.telegram.groups.-100123.allowFrom: resolved tg:@topicUser   │
│    -> 333                                                               │
│  - channels.telegram.groups.-100123.topics.99.allowFrom: resolved       │
│    @accountUser -> 444                                                  │
│  - channels.telegram.accounts.alerts.allowFrom: resolved @accountUser   │
│    -> 444                                                               │
│  - channels.telegram.accounts.default.allowFrom: resolved @testuser ->  │
│    111                                                                  │
│  - channels.telegram.accounts.default.groupAllowFrom: resolved          │
│    groupUser -> 222                                                     │
│                                                                         │
├─────────────────────────────────────────────────────────────────────────╯
 [32m✓[39m src/agents/tool-images.test.ts [2m([22m[2m5 tests[22m[2m)[22m[32m 137[2mms[22m[39m
│
◇  Config ───────────────────────────────────────────────────╮
│                                                            │
│  Config invalid; doctor will run with best-effort config.  │
│                                                            │
├────────────────────────────────────────────────────────────╯
│
◇  Doctor changes ──────────────────────────────────────────────╮
│                                                               │
│  Moved channels.discord single-account top-level values into  │
│  channels.discord.accounts.default.                           │
│                                                               │
├───────────────────────────────────────────────────────────────╯
│
◇  Doctor changes ─────────────────────────────╮
│                                              │
│  Discord configured, enabled automatically.  │
│                                              │
├──────────────────────────────────────────────╯
│
◇  Doctor changes ─────────────────────────────────────────────────────────╮
│                                                                          │
│  - channels.discord.dm.allowFrom: converted 1 numeric entry to strings   │
│  - channels.discord.dm.groupChannels: converted 1 numeric entry to       │
│    strings                                                               │
│  - channels.discord.execApprovals.approvers: converted 1 numeric entry   │
│    to strings                                                            │
│  - channels.discord.guilds.100.users: converted 1 numeric entry to       │
│    strings                                                               │
│  - channels.discord.guilds.100.roles: converted 1 numeric entry to       │
│    strings                                                               │
│  - channels.discord.guilds.100.channels.general.users: converted 1       │
│    numeric entry to strings                                              │
│  - channels.discord.guilds.100.channels.general.roles: converted 1       │
│    numeric entry to strings                                              │
│  - channels.discord.accounts.work.allowFrom: converted 1 numeric entry   │
│    to strings                                                            │
│  - channels.discord.accounts.work.dm.allowFrom: converted 1 numeric      │
│    entry to strings                                                      │
│  - channels.discord.accounts.work.dm.groupChannels: converted 1 numeric  │
│    entry to strings                                                      │
│  - channels.discord.accounts.work.execApprovals.approvers: converted 1   │
│    numeric entry to strings                                              │
│  - channels.discord.accounts.work.guilds.200.users: converted 1 numeric  │
│    entry to strings                                                      │
│  - channels.discord.accounts.work.guilds.200.roles: converted 1 numeric  │
│    entry to strings                                                      │
│  - channels.discord.accounts.work.guilds.200.channels.help.users:        │
│    converted 1 numeric entry to strings                                  │
│  - channels.discord.accounts.work.guilds.200.channels.help.roles:        │
│    converted 1 numeric entry to strings                                  │
│  - channels.discord.accounts.default.allowFrom: converted 1 numeric      │
│    entry to strings                                                      │
│                                                                          │
├──────────────────────────────────────────────────────────────────────────╯
│
◇  Doctor changes ─────────────────────────────╮
│                                              │
│  Discord configured, enabled automatically.  │
│                                              │
├──────────────────────────────────────────────╯
│
◇  Config ───────────────────────────────────────────────────╮
│                                                            │
│  Config invalid; doctor will run with best-effort config.  │
│                                                            │
├────────────────────────────────────────────────────────────╯
│
◇  Doctor changes ─────────────────────────────╮
│                                              │
│  Discord configured, enabled automatically.  │
│                                              │
├──────────────────────────────────────────────╯
│
◇  Doctor changes ──────────────────────────────────────────╮
│                                                           │
│  - channels.discord.allowFrom: set to ["*"] (required by  │
│    dmPolicy="open")                                       │
│                                                           │
├───────────────────────────────────────────────────────────╯
│
◇  Config ───────────────────────────────────────────────────╮
│                                                            │
│  Config invalid; doctor will run with best-effort config.  │
│                                                            │
├────────────────────────────────────────────────────────────╯
│
◇  Doctor changes ───────────────────────────╮
│                                            │
│  Slack configured, enabled automatically.  │
│                                            │
├────────────────────────────────────────────╯
│
◇  Doctor changes ──────────────────────────────────────────────────────╮
│                                                                       │
│  - channels.slack.allowFrom: added "*" (required by dmPolicy="open")  │
│                                                                       │
├───────────────────────────────────────────────────────────────────────╯
│
◇  Config ───────────────────────────────────────────────────╮
│                                                            │
│  Config invalid; doctor will run with best-effort config.  │
│                                                            │
├────────────────────────────────────────────────────────────╯
│
◇  Doctor changes ────────────────────────────────────────────────────╮
│                                                                     │
│  Moved channels.discord.dm.allowFrom → channels.discord.allowFrom.  │
│  Removed empty channels.discord.dm after migration.                 │
│                                                                     │
├─────────────────────────────────────────────────────────────────────╯
│
◇  Doctor changes ─────────────────────────────╮
│                                              │
│  Discord configured, enabled automatically.  │
│                                              │
├──────────────────────────────────────────────╯
│
◇  Doctor changes ────────────────────────────────────────────────────────╮
│                                                                         │
│  - channels.discord.allowFrom: added "*" (required by dmPolicy="open")  │
│                                                                         │
├─────────────────────────────────────────────────────────────────────────╯
│
◇  Doctor changes ─────────────────────────────╮
│                                              │
│  Discord configured, enabled automatically.  │
│                                              │
├──────────────────────────────────────────────╯
│
◇  Config ───────────────────────────────────────────────────╮
│                                                            │
│  Config invalid; doctor will run with best-effort config.  │
│                                                            │
├────────────────────────────────────────────────────────────╯
│
◇  Doctor changes ──────────────────────────────────────────────╮
│                                                               │
│  Moved channels.discord single-account top-level values into  │
│  channels.discord.accounts.default.                           │
│                                                               │
├───────────────────────────────────────────────────────────────╯
│
◇  Doctor changes ─────────────────────────────╮
│                                              │
│  Discord configured, enabled automatically.  │
│                                              │
├──────────────────────────────────────────────╯
│
◇  Doctor changes ────────────────────────────────────────────────────────╮
│                                                                         │
│  - channels.discord.accounts.work.allowFrom: set to ["*"] (required by  │
│    dmPolicy="open")                                                     │
│                                                                         │
├─────────────────────────────────────────────────────────────────────────╯
[90mstdout[2m | src/auto-reply/reply/session.test.ts
[22m[39m[MemoryStore] Initializing the Five-Tier Central Nervous System...
KnowledgeGraph connected to Neo4j successfully.

│
◇  Config ───────────────────────────────────────────────────╮
│                                                            │
│  Config invalid; doctor will run with best-effort config.  │
│                                                            │
├────────────────────────────────────────────────────────────╯
│
◇  Doctor changes ──────────────────────────────╮
│                                               │
│  Telegram configured, enabled automatically.  │
│                                               │
├───────────────────────────────────────────────╯
│
◇  Doctor changes ──────────────────────────────────────────────────────╮
│                                                                       │
│  - channels.telegram.allowFrom: restored 1 sender entry from pairing  │
│    store (dmPolicy="allowlist").                                      │
│                                                                       │
├───────────────────────────────────────────────────────────────────────╯
[90mstdout[2m | src/agents/tools/image-tool.test.ts
[22m[39m[MemoryStore] Initializing the Five-Tier Central Nervous System...
KnowledgeGraph connected to Neo4j successfully.

│
◇  Doctor changes ──────────────────────────────╮
│                                               │
│  WhatsApp configured, enabled automatically.  │
│                                               │
├───────────────────────────────────────────────╯
│
◇  Doctor changes ───────────────────────────────────────────────────────╮
│                                                                        │
│  - channels.whatsapp.groups.123@g.us.toolsBySender: migrated 1 legacy  │
│    key to typed id: entries (owner (kept existing id:owner), alice ->  │
│    id:alice).                                                          │
│  - channels.whatsapp.groups.123@g.us.toolsBySender: removed 1 legacy   │
│    key where typed id: entries already existed.                        │
│                                                                        │
├────────────────────────────────────────────────────────────────────────╯
│
◇  Config ───────────────────────────────────────────────────╮
│                                                            │
│  Config invalid; doctor will run with best-effort config.  │
│                                                            │
├────────────────────────────────────────────────────────────╯
│
◇  Doctor changes ─────────────────────────────────╮
│                                                  │
│  Google Chat configured, enabled automatically.  │
│                                                  │
├──────────────────────────────────────────────────╯
│
◇  Doctor changes ────────────────────────────────────────────────╮
│                                                                 │
│  - channels.googlechat.dm.allowFrom: set to ["*"] (required by  │
│    dmPolicy="open")                                             │
│                                                                 │
├─────────────────────────────────────────────────────────────────╯
│
◇  Config ───────────────────────────────────────────────────╮
│                                                            │
│  Config invalid; doctor will run with best-effort config.  │
│                                                            │
├────────────────────────────────────────────────────────────╯
│
◇  Doctor changes ─────────────────────────────────╮
│                                                  │
│  Google Chat configured, enabled automatically.  │
│                                                  │
├──────────────────────────────────────────────────╯
│
◇  Doctor warnings ─────────────────────────────────────────────────────╮
│                                                                       │
│  - channels.googlechat: accounts.default is missing and no valid      │
│    account-scoped binding exists for configured accounts (work).      │
│    Channel-only bindings (no accountId) match only default. Add       │
│    bindings[].match.accountId for one of these accounts (or "*"), or  │
│    add channels.googlechat.accounts.default.                          │
│                                                                       │
├───────────────────────────────────────────────────────────────────────╯
│
◇  Doctor changes ─────────────────────────────────────────────────╮
│                                                                  │
│  - channels.googlechat.accounts.work.dm.allowFrom: set to ["*"]  │
│    (required by dmPolicy="open")                                 │
│                                                                  │
├──────────────────────────────────────────────────────────────────╯
│
◇  Config ───────────────────────────────────────────────────╮
│                                                            │
│  Config invalid; doctor will run with best-effort config.  │
│                                                            │
├────────────────────────────────────────────────────────────╯
│
◇  Doctor changes ─────────────────────────────────╮
│                                                  │
│  Google Chat configured, enabled automatically.  │
│                                                  │
├──────────────────────────────────────────────────╯
│
◇  Doctor changes ────────────────────────────────────────────────╮
│                                                                 │
│  - channels.googlechat.dm.allowFrom: set to ["*"] (required by  │
│    dmPolicy="open")                                             │
│                                                                 │
├─────────────────────────────────────────────────────────────────╯
│
◇  Doctor changes ──────────────────╮
│                                   │
│  - channels.googlechat.allowFrom  │
│                                   │
├───────────────────────────────────╯
 [32m✓[39m src/commands/doctor-config-flow.test.ts [2m([22m[2m17 tests[22m[2m)[22m[32m 156[2mms[22m[39m
 [32m✓[39m src/agents/bash-tools.exec.script-preflight.test.ts [2m([22m[2m4 tests[22m[2m)[22m[32m 165[2mms[22m[39m
[90mstdout[2m | src/auto-reply/reply/session.test.ts
[22m[39mKnowledgeGraph Schema Initialized.

[90mstdout[2m | src/agents/tools/image-tool.test.ts
[22m[39mKnowledgeGraph Schema Initialized.

[90mstdout[2m | src/commands/agent.acp.test.ts
[22m[39m[MemoryStore] Initializing the Five-Tier Central Nervous System...
KnowledgeGraph connected to Neo4j successfully.

[90mstdout[2m | src/web/auto-reply.web-auto-reply.compresses-common-formats-jpeg-cap.test.ts
[22m[39m[MemoryStore] Initializing the Five-Tier Central Nervous System...
KnowledgeGraph connected to Neo4j successfully.

[90mstdout[2m | src/commands/agent.acp.test.ts
[22m[39mKnowledgeGraph Schema Initialized.

[90mstdout[2m | src/web/auto-reply.web-auto-reply.compresses-common-formats-jpeg-cap.test.ts
[22m[39mKnowledgeGraph Schema Initialized.

 [32m✓[39m src/browser/server.agent-contract-form-layout-act-commands.test.ts [2m([22m[2m14 tests[22m[2m)[22m[32m 137[2mms[22m[39m
[90mstdout[2m | src/telegram/bot.test.ts
[22m[39m[MemoryStore] Initializing the Five-Tier Central Nervous System...
KnowledgeGraph connected to Neo4j successfully.

[90mstdout[2m | src/plugins/loader.test.ts
[22m[39m[MemoryStore] Initializing the Five-Tier Central Nervous System...
KnowledgeGraph connected to Neo4j successfully.

[90mstdout[2m | src/telegram/bot.test.ts
[22m[39mKnowledgeGraph Schema Initialized.

[90mstdout[2m | src/plugins/loader.test.ts
[22m[39mKnowledgeGraph Schema Initialized.

 [32m✓[39m src/agents/tools/web-fetch.ssrf.test.ts [2m([22m[2m5 tests[22m[2m)[22m[32m 122[2mms[22m[39m
 [32m✓[39m src/media/store.test.ts [2m([22m[2m18 tests[22m[2m)[22m[32m 120[2mms[22m[39m
 [32m✓[39m src/cli/daemon-cli.coverage.test.ts [2m([22m[2m5 tests[22m[2m)[22m[32m 149[2mms[22m[39m
 [32m✓[39m src/slack/monitor/slash.test.ts [2m([22m[2m24 tests[22m[2m)[22m[32m 110[2mms[22m[39m
 [32m✓[39m src/telegram/bot.test.ts [2m([22m[2m40 tests[22m[2m)[22m[32m 200[2mms[22m[39m
 [32m✓[39m src/memory/index.test.ts [2m([22m[2m9 tests[22m[2m)[22m[32m 125[2mms[22m[39m
 [32m✓[39m src/browser/chrome.test.ts [2m([22m[2m15 tests[22m[2m)[22m[32m 127[2mms[22m[39m
 [32m✓[39m src/agents/skills.agents-skills-directory.test.ts [2m([22m[2m3 tests[22m[2m)[22m[32m 115[2mms[22m[39m
 [32m✓[39m src/web/auto-reply.web-auto-reply.compresses-common-formats-jpeg-cap.test.ts [2m([22m[2m6 tests[22m[2m)[22m[32m 233[2mms[22m[39m
 [32m✓[39m src/agents/workspace.test.ts [2m([22m[2m15 tests[22m[2m)[22m[32m 149[2mms[22m[39m
 [32m✓[39m src/auto-reply/reply/session.test.ts [2m([22m[2m35 tests[22m[2m)[22m[32m 231[2mms[22m[39m
 [32m✓[39m src/commands/agent.acp.test.ts [2m([22m[2m5 tests[22m[2m)[22m[32m 235[2mms[22m[39m
 [32m✓[39m src/browser/screenshot.test.ts [2m([22m[2m2 tests[22m[2m)[22m[32m 110[2mms[22m[39m
 [32m✓[39m src/commands/auth-choice.test.ts [2m([22m[2m26 tests[22m[2m)[22m[32m 109[2mms[22m[39m
 [32m✓[39m src/config/redact-snapshot.test.ts [2m([22m[2m37 tests[22m[2m)[22m[32m 105[2mms[22m[39m
 [32m✓[39m src/plugins/loader.test.ts [2m([22m[2m23 tests[22m[2m)[22m[32m 175[2mms[22m[39m
 [32m✓[39m src/pairing/pairing-store.test.ts [2m([22m[2m14 tests[22m[2m)[22m[32m 83[2mms[22m[39m
 [32m✓[39m src/acp/control-plane/manager.test.ts [2m([22m[2m25 tests[22m[2m)[22m[32m 107[2mms[22m[39m
 [32m✓[39m src/telegram/bot-native-command-menu.test.ts [2m([22m[2m5 tests[22m[2m)[22m[32m 106[2mms[22m[39m
 [32m✓[39m src/agents/tools/image-tool.test.ts [2m([22m[2m26 tests[22m[2m)[22m[32m 171[2mms[22m[39m
 [32m✓[39m src/web/media.test.ts [2m([22m[2m23 tests[22m[2m)[22m[32m 118[2mms[22m[39m
 [32m✓[39m src/infra/gateway-lock.test.ts [2m([22m[2m9 tests[22m[2m)[22m[32m 98[2mms[22m[39m
 [32m✓[39m src/channels/plugins/plugins-core.test.ts [2m([22m[2m25 tests[22m[2m)[22m[32m 69[2mms[22m[39m
 [32m✓[39m src/infra/boundary-path.test.ts [2m([22m[2m5 tests[22m[2m)[22m[32m 89[2mms[22m[39m
 [32m✓[39m src/memory/manager.batch.test.ts [2m([22m[2m3 tests[22m[2m)[22m[32m 110[2mms[22m[39m
 [32m✓[39m src/hooks/install.test.ts [2m([22m[2m14 tests[22m[2m)[22m[32m 106[2mms[22m[39m
 [32m✓[39m src/agents/bedrock-discovery.test.ts [2m([22m[2m5 tests[22m[2m)[22m[32m 105[2mms[22m[39m
 [32m✓[39m src/agents/session-write-lock.test.ts [2m([22m[2m14 tests[22m[2m)[22m[32m 90[2mms[22m[39m
 [32m✓[39m src/browser/pw-tools-core.screenshots-element-selector.test.ts [2m([22m[2m6 tests[22m[2m)[22m[32m 108[2mms[22m[39m
 [32m✓[39m src/agents/skills.compact-skill-paths.test.ts [2m([22m[2m2 tests[22m[2m)[22m[32m 89[2mms[22m[39m
 [32m✓[39m src/agents/pi-tools.before-tool-call.test.ts [2m([22m[2m10 tests[22m[2m)[22m[32m 90[2mms[22m[39m
 [32m✓[39m src/agents/skills.loadworkspaceskillentries.test.ts [2m([22m[2m3 tests[22m[2m)[22m[32m 136[2mms[22m[39m
 [32m✓[39m src/config/io.write-config.test.ts [2m([22m[2m15 tests[22m[2m)[22m[32m 98[2mms[22m[39m
 [32m✓[39m src/config/plugin-auto-enable.test.ts [2m([22m[2m20 tests[22m[2m)[22m[32m 70[2mms[22m[39m
 [32m✓[39m src/cli/program/preaction.test.ts [2m([22m[2m8 tests[22m[2m)[22m[32m 83[2mms[22m[39m
 [32m✓[39m src/secrets/apply.test.ts [2m([22m[2m7 tests[22m[2m)[22m[32m 82[2mms[22m[39m
[90mstdout[2m | src/infra/heartbeat-runner.returns-default-unset.test.ts
[22m[39m[MemoryStore] Initializing the Five-Tier Central Nervous System...
KnowledgeGraph connected to Neo4j successfully.

[90mstdout[2m | src/infra/heartbeat-runner.returns-default-unset.test.ts
[22m[39mKnowledgeGraph Schema Initialized.

 [32m✓[39m src/acp/server.startup.test.ts [2m([22m[2m2 tests[22m[2m)[22m[32m 81[2mms[22m[39m
 [32m✓[39m src/canvas-host/server.test.ts [2m([22m[2m6 tests[22m[2m)[22m[32m 75[2mms[22m[39m
 [32m✓[39m src/agents/tools/web-fetch-visibility.test.ts [2m([22m[2m41 tests[22m[2m)[22m[32m 78[2mms[22m[39m
 [32m✓[39m src/infra/heartbeat-runner.returns-default-unset.test.ts [2m([22m[2m24 tests[22m[2m)[22m[32m 127[2mms[22m[39m
 [32m✓[39m src/agents/tools/web-tools.readability.test.ts [2m([22m[2m2 tests[22m[2m)[22m[32m 76[2mms[22m[39m
[90mstdout[2m | src/commands/channels.add.test.ts
[22m[39m[MemoryStore] Initializing the Five-Tier Central Nervous System...
KnowledgeGraph connected to Neo4j successfully.

 [32m✓[39m src/commands/doctor-state-migrations.test.ts [2m([22m[2m22 tests[22m[2m)[22m[32m 78[2mms[22m[39m
[90mstdout[2m | src/commands/channels.add.test.ts
[22m[39mKnowledgeGraph Schema Initialized.

[90mstdout[2m | src/slack/monitor.tool-result.test.ts
[22m[39m[MemoryStore] Initializing the Five-Tier Central Nervous System...
KnowledgeGraph connected to Neo4j successfully.

[90mstdout[2m | src/commands/health.snapshot.test.ts
[22m[39m[MemoryStore] Initializing the Five-Tier Central Nervous System...
KnowledgeGraph connected to Neo4j successfully.

[90mstdout[2m | src/slack/monitor.tool-result.test.ts
[22m[39mKnowledgeGraph Schema Initialized.

[90mstdout[2m | src/commands/health.snapshot.test.ts
[22m[39mKnowledgeGraph Schema Initialized.

 [32m✓[39m src/commands/channels.add.test.ts [2m([22m[2m2 tests[22m[2m)[22m[32m 124[2mms[22m[39m
 [32m✓[39m src/slack/monitor.tool-result.test.ts [2m([22m[2m24 tests[22m[2m)[22m[32m 112[2mms[22m[39m
 [32m✓[39m src/memory/manager.embedding-batches.test.ts [2m([22m[2m4 tests[22m[2m)[22m[32m 71[2mms[22m[39m
[90mstdout[2m | src/agents/session-tool-result-guard.tool-result-persist-hook.test.ts
[22m[39m[MemoryStore] Initializing the Five-Tier Central Nervous System...
KnowledgeGraph connected to Neo4j successfully.

 [32m✓[39m src/agents/bash-tools.exec.pty.test.ts [2m([22m[2m1 test[22m[2m)[22m[32m 77[2mms[22m[39m
[90mstdout[2m | src/agents/session-tool-result-guard.tool-result-persist-hook.test.ts
[22m[39mKnowledgeGraph Schema Initialized.

 [32m✓[39m src/memory/embeddings.test.ts [2m([22m[2m18 tests[22m[2m)[22m[32m 29[2mms[22m[39m
[90mstdout[2m | src/infra/heartbeat-runner.respects-ackmaxchars-heartbeat-acks.test.ts
[22m[39m[MemoryStore] Initializing the Five-Tier Central Nervous System...
KnowledgeGraph connected to Neo4j successfully.

 [32m✓[39m src/commands/doctor-config-flow.missing-default-account-bindings.integration.test.ts [2m([22m[2m1 test[22m[2m)[22m[32m 43[2mms[22m[39m
[90mstdout[2m | src/infra/heartbeat-runner.respects-ackmaxchars-heartbeat-acks.test.ts
[22m[39mKnowledgeGraph Schema Initialized.

 [32m✓[39m src/commands/health.snapshot.test.ts [2m([22m[2m6 tests[22m[2m)[22m[32m 111[2mms[22m[39m
[90mstdout[2m | src/cli/gateway-cli.coverage.test.ts
[22m[39m[MemoryStore] Initializing the Five-Tier Central Nervous System...
KnowledgeGraph connected to Neo4j successfully.

 [32m✓[39m src/telegram/send.test.ts [2m([22m[2m51 tests[22m[2m)[22m[32m 70[2mms[22m[39m
 [32m✓[39m src/slack/monitor/media.test.ts [2m([22m[2m24 tests[22m[2m)[22m[32m 74[2mms[22m[39m
 [32m✓[39m src/infra/system-presence.version.test.ts [2m([22m[2m3 tests[22m[2m)[22m[32m 56[2mms[22m[39m
[90mstdout[2m | src/slack/monitor/message-handler/prepare.test.ts
[22m[39m[MemoryStore] Initializing the Five-Tier Central Nervous System...
KnowledgeGraph connected to Neo4j successfully.

 [32m✓[39m src/telegram/monitor.test.ts [2m([22m[2m13 tests[22m[2m)[22m[32m 71[2mms[22m[39m
[90mstdout[2m | src/cli/gateway-cli.coverage.test.ts
[22m[39mKnowledgeGraph Schema Initialized.

[90mstdout[2m | src/slack/monitor/message-handler/prepare.test.ts
[22m[39mKnowledgeGraph Schema Initialized.

 [32m✓[39m src/auto-reply/reply/export-html/template.security.test.ts [2m([22m[2m3 tests[22m[2m)[22m[32m 66[2mms[22m[39m
 [32m✓[39m src/memory/temporal.test.ts [2m([22m[2m13 tests[22m[2m)[22m[32m 67[2mms[22m[39m
 [32m✓[39m src/cli/gateway-cli.coverage.test.ts [2m([22m[2m8 tests[22m[2m)[22m[32m 101[2mms[22m[39m
 [32m✓[39m src/config/schema.hints.test.ts [2m([22m[2m7 tests[22m[2m)[22m[32m 76[2mms[22m[39m
 [32m✓[39m src/infra/heartbeat-runner.respects-ackmaxchars-heartbeat-acks.test.ts [2m([22m[2m12 tests[22m[2m)[22m[32m 93[2mms[22m[39m
[90mstdout[2m | src/agents/pi-tools-agent-config.test.ts
[22m[39m[MemoryStore] Initializing the Five-Tier Central Nervous System...
KnowledgeGraph connected to Neo4j successfully.

 [32m✓[39m src/cli/nodes-cli.coverage.test.ts [2m([22m[2m4 tests[22m[2m)[22m[32m 62[2mms[22m[39m
[90mstdout[2m | src/agents/pi-tools-agent-config.test.ts
[22m[39mKnowledgeGraph Schema Initialized.

 [32m✓[39m src/agents/session-tool-result-guard.tool-result-persist-hook.test.ts [2m([22m[2m3 tests[22m[2m)[22m[32m 90[2mms[22m[39m
 [32m✓[39m src/slack/monitor/message-handler/prepare.test.ts [2m([22m[2m16 tests[22m[2m)[22m[32m 87[2mms[22m[39m
 [32m✓[39m src/agents/workspace.bootstrap-cache.test.ts [2m([22m[2m7 tests[22m[2m)[22m[32m 57[2mms[22m[39m
[90mstdout[2m | test/integration/memory-pipeline.test.ts[2m > [22m[2mMemory Pipeline Integration[2m > [22m[2mKnowledgeGraph (graceful degradation)[2m > [22m[2mshould not crash when Neo4j is unavailable
[22m[39mKnowledgeGraph connected to Neo4j successfully.

[90mstdout[2m | test/integration/memory-pipeline.test.ts[2m > [22m[2mMemory Pipeline Integration[2m > [22m[2mKnowledgeGraph (graceful degradation)[2m > [22m[2mshould have a quarantine queue
[22m[39mKnowledgeGraph connected to Neo4j successfully.

[90mstdout[2m | test/integration/memory-pipeline.test.ts[2m > [22m[2mMemory Pipeline Integration[2m > [22m[2mKnowledgeGraph (graceful degradation)[2m > [22m[2mshould support decay operations without crashing
[22m[39mKnowledgeGraph connected to Neo4j successfully.

[90mstdout[2m | src/web/auto-reply.broadcast-groups.broadcasts-sequentially-configured-order.test.ts
[22m[39m[MemoryStore] Initializing the Five-Tier Central Nervous System...
KnowledgeGraph connected to Neo4j successfully.

[90mstdout[2m | test/integration/memory-pipeline.test.ts[2m > [22m[2mMemory Pipeline Integration[2m > [22m[2mKnowledgeGraph (graceful degradation)[2m > [22m[2mshould support decay operations without crashing
[22m[39mKnowledgeGraph Schema Initialized.

[90mstdout[2m | test/integration/memory-pipeline.test.ts[2m > [22m[2mMemory Pipeline Integration[2m > [22m[2mKnowledgeGraph (graceful degradation)[2m > [22m[2mshould support decay operations without crashing
[22m[39mKnowledgeGraph Schema Initialized.

[90mstdout[2m | test/integration/memory-pipeline.test.ts[2m > [22m[2mMemory Pipeline Integration[2m > [22m[2mKnowledgeGraph (graceful degradation)[2m > [22m[2mshould support decay operations without crashing
[22m[39mKnowledgeGraph Schema Initialized.

 [32m✓[39m test/integration/memory-pipeline.test.ts [2m([22m[2m10 tests[22m[2m)[22m[32m 64[2mms[22m[39m
[90mstdout[2m | src/web/auto-reply.broadcast-groups.broadcasts-sequentially-configured-order.test.ts
[22m[39mKnowledgeGraph Schema Initialized.

 [32m✓[39m src/agents/auth-profiles/oauth.fallback-to-main-agent.test.ts [2m([22m[2m7 tests[22m[2m)[22m[32m 43[2mms[22m[39m
 [32m✓[39m src/cron/service.persists-delivered-status.test.ts [2m([22m[2m6 tests[22m[2m)[22m[32m 73[2mms[22m[39m
 [32m✓[39m src/infra/update-runner.test.ts [2m([22m[2m16 tests[22m[2m)[22m[32m 59[2mms[22m[39m
 [32m✓[39m src/agents/skills/refresh.test.ts [2m([22m[2m1 test[22m[2m)[22m[32m 49[2mms[22m[39m
 [32m✓[39m src/web/auto-reply.broadcast-groups.broadcasts-sequentially-configured-order.test.ts [2m([22m[2m3 tests[22m[2m)[22m[32m 87[2mms[22m[39m
 [32m✓[39m src/browser/server.agent-contract-snapshot-endpoints.test.ts [2m([22m[2m2 tests[22m[2m)[22m[32m 65[2mms[22m[39m
 [32m✓[39m src/telegram/draft-stream.test.ts [2m([22m[2m17 tests[22m[2m)[22m[32m 61[2mms[22m[39m
 [32m✓[39m src/config/config.nix-integration-u3-u5-u9.test.ts [2m([22m[2m19 tests[22m[2m)[22m[32m 77[2mms[22m[39m
 [32m✓[39m src/hooks/loader.test.ts [2m([22m[2m13 tests[22m[2m)[22m[32m 74[2mms[22m[39m
 [32m✓[39m src/agents/pi-tools-agent-config.test.ts [2m([22m[2m21 tests[22m[2m)[22m[32m 81[2mms[22m[39m
 [32m✓[39m src/process/command-queue.test.ts [2m([22m[2m16 tests[22m[2m)[22m[32m 58[2mms[22m[39m
[90mstdout[2m | src/agents/pi-tools.workspace-paths.test.ts
[22m[39m[MemoryStore] Initializing the Five-Tier Central Nervous System...
KnowledgeGraph connected to Neo4j successfully.

 [32m✓[39m src/agents/tool-images.log.test.ts [2m([22m[2m2 tests[22m[2m)[22m[32m 58[2mms[22m[39m
[90mstdout[2m | src/agents/ernos-tools.sessions.test.ts
[22m[39m[MemoryStore] Initializing the Five-Tier Central Nervous System...
KnowledgeGraph connected to Neo4j successfully.

[90mstdout[2m | src/agents/pi-tools.workspace-paths.test.ts
[22m[39mKnowledgeGraph Schema Initialized.

[90mstdout[2m | src/agents/ernos-tools.sessions.test.ts
[22m[39mKnowledgeGraph Schema Initialized.

 [32m✓[39m src/cron/service.every-jobs-fire.test.ts [2m([22m[2m3 tests[22m[2m)[22m[32m 58[2mms[22m[39m
 [32m✓[39m src/commands/doctor-config-flow.safe-bins.test.ts [2m([22m[2m3 tests[22m[2m)[22m[32m 79[2mms[22m[39m
 [32m✓[39m src/config/sessions/store.pruning.integration.test.ts [2m([22m[2m10 tests[22m[2m)[22m[32m 61[2mms[22m[39m
 [32m✓[39m src/telegram/fetch.test.ts [2m([22m[2m11 tests[22m[2m)[22m[32m 51[2mms[22m[39m
 [32m✓[39m src/infra/device-pairing.test.ts [2m([22m[2m11 tests[22m[2m)[22m[32m 48[2mms[22m[39m
 [32m✓[39m src/browser/server.post-tabs-open-profile-unknown-returns-404.test.ts [2m([22m[2m3 tests[22m[2m)[22m[32m 57[2mms[22m[39m
 [32m✓[39m src/agents/ernos-tools.subagents.sessions-spawn.lifecycle.test.ts [2m([22m[2m5 tests[22m[2m)[22m[32m 59[2mms[22m[39m
 [32m✓[39m src/browser/pw-tools-core.last-file-chooser-arm-wins.test.ts [2m([22m[2m3 tests[22m[2m)[22m[32m 58[2mms[22m[39m
[90mstdout[2m | src/infra/outbound/outbound.test.ts
[22m[39m[MemoryStore] Initializing the Five-Tier Central Nervous System...
KnowledgeGraph connected to Neo4j successfully.

 [32m✓[39m src/config/config.legacy-config-detection.accepts-imessage-dmpolicy.test.ts [2m([22m[2m29 tests[22m[2m)[22m[32m 58[2mms[22m[39m
 [32m✓[39m src/agents/ernos-tools.sessions.test.ts [2m([22m[2m18 tests[22m[2m)[22m[32m 66[2mms[22m[39m
[90mstdout[2m | src/infra/outbound/outbound.test.ts
[22m[39mKnowledgeGraph Schema Initialized.

 [32m✓[39m src/telegram/bot-native-commands.session-meta.test.ts [2m([22m[2m2 tests[22m[2m)[22m[32m 59[2mms[22m[39m
 [32m✓[39m src/agents/system-prompt-stability.test.ts [2m([22m[2m4 tests[22m[2m)[22m[32m 52[2mms[22m[39m
 [32m✓[39m src/cron/service.read-ops-nonblocking.test.ts [2m([22m[2m3 tests[22m[2m)[22m[32m 43[2mms[22m[39m
 [32m✓[39m src/security/fix.test.ts [2m([22m[2m5 tests[22m[2m)[22m[32m 57[2mms[22m[39m
[90mstdout[2m | src/infra/outbound/message-action-runner.test.ts
[22m[39m[MemoryStore] Initializing the Five-Tier Central Nervous System...
KnowledgeGraph connected to Neo4j successfully.

[90mstdout[2m | src/infra/outbound/message-action-runner.test.ts
[22m[39mKnowledgeGraph Schema Initialized.

 [32m✓[39m src/cli/memory-cli.test.ts [2m([22m[2m20 tests[22m[2m)[22m[32m 53[2mms[22m[39m
 [32m✓[39m src/infra/archive.test.ts [2m([22m[2m11 tests[22m[2m)[22m[32m 59[2mms[22m[39m
 [32m✓[39m src/agents/pi-tools.workspace-paths.test.ts [2m([22m[2m7 tests[22m[2m)[22m[32m 68[2mms[22m[39m
 [32m✓[39m src/infra/outbound/outbound.test.ts [2m([22m[2m58 tests[22m[2m)[22m[32m 68[2mms[22m[39m
 [32m✓[39m src/memory/manager.async-search.test.ts [2m([22m[2m2 tests[22m[2m)[22m[32m 55[2mms[22m[39m
 [32m✓[39m src/infra/provider-usage.auth.normalizes-keys.test.ts [2m([22m[2m15 tests[22m[2m)[22m[32m 65[2mms[22m[39m
 [32m✓[39m src/infra/outbound/message-action-runner.test.ts [2m([22m[2m33 tests[22m[2m)[22m[32m 83[2mms[22m[39m
[90mstdout[2m | src/agents/pi-embedded-runner/run/images.test.ts[2m > [22m[2mloadImageFromRef[2m > [22m[2mallows sandbox-validated host paths outside default media roots
[22m[39m[image-debug] loadImageFromRef: ref=./photo.png, type=path, workspaceOnly=undefined, hasSandbox=true

[90mstdout[2m | src/agents/pi-embedded-runner/run/images.test.ts[2m > [22m[2mloadImageFromRef[2m > [22m[2mallows sandbox-validated host paths outside default media roots
[22m[39m[image-debug] loadImageFromRef: SUCCESS loaded /var/folders/tg/68mp4m652f995jt41lk0_h2r0000gn/T/ernos-test-home-w583Im/ernos-sandbox-image-7XZZHf/sandbox/photo.png mimeType=image/png base64Length=124

[90mstdout[2m | src/agents/pi-embedded-runner/run/images.test.ts[2m > [22m[2mdetectAndLoadPromptImages[2m > [22m[2mreturns no images for non-vision models even when existing images are provided
[22m[39m[image-debug] detectAndLoadPromptImages: model does NOT support images, input=["text"]

[90mstdout[2m | src/agents/pi-embedded-runner/run/images.test.ts[2m > [22m[2mdetectAndLoadPromptImages[2m > [22m[2mreturns no detected refs when prompt has no image references
[22m[39m[image-debug] detectAndLoadPromptImages: scanning prompt (14 chars), first 500: no images here
[image-debug] detectAndLoadPromptImages: detected 0 refs: []

[90mstdout[2m | src/agents/pi-embedded-runner/run/images.test.ts[2m > [22m[2mdetectAndLoadPromptImages[2m > [22m[2mblocks prompt image refs outside workspace when sandbox workspaceOnly is enabled
[22m[39m[image-debug] detectAndLoadPromptImages: scanning prompt (25 chars), first 500: Inspect /agent/secret.png
[image-debug] detectAndLoadPromptImages: detected 1 refs: [{"raw":"/agent/secret.png","resolved":"/agent/secret.png"}]
[image-debug] loadImageFromRef: ref=/agent/secret.png, type=path, workspaceOnly=true, hasSandbox=true

 [32m✓[39m src/agents/pi-embedded-runner/run/images.test.ts [2m([22m[2m27 tests[22m[2m)[22m[32m 46[2mms[22m[39m
 [32m✓[39m src/cli/config-cli.test.ts [2m([22m[2m11 tests[22m[2m)[22m[32m 52[2mms[22m[39m
 [32m✓[39m src/agents/skills.build-workspace-skills-prompt.applies-bundled-allowlist-without-affecting-workspace-skills.test.ts [2m([22m[2m1 test[22m[2m)[22m[32m 47[2mms[22m[39m
[90mstdout[2m | src/infra/heartbeat-runner.ghost-reminder.test.ts
[22m[39m[MemoryStore] Initializing the Five-Tier Central Nervous System...
KnowledgeGraph connected to Neo4j successfully.

[90mstdout[2m | src/infra/heartbeat-runner.ghost-reminder.test.ts
[22m[39mKnowledgeGraph Schema Initialized.

 [32m✓[39m src/commands/doctor.migrates-routing-allowfrom-channels-whatsapp-allowfrom.test.ts [2m([22m[2m3 tests[22m[2m)[22m[32m 48[2mms[22m[39m
 [32m✓[39m src/commands/models.list.auth-sync.test.ts [2m([22m[2m2 tests[22m[2m)[22m[32m 51[2mms[22m[39m
 [32m✓[39m src/cron/service.store.migration.test.ts [2m([22m[2m5 tests[22m[2m)[22m[32m 47[2mms[22m[39m
 [32m✓[39m src/infra/update-startup.test.ts [2m([22m[2m10 tests[22m[2m)[22m[32m 42[2mms[22m[39m
 [32m✓[39m src/agents/cli-runner.test.ts [2m([22m[2m5 tests[22m[2m)[22m[32m 53[2mms[22m[39m
 [32m✓[39m src/browser/cdp.test.ts [2m([22m[2m10 tests[22m[2m)[22m[32m 48[2mms[22m[39m
 [32m✓[39m src/infra/heartbeat-runner.ghost-reminder.test.ts [2m([22m[2m6 tests[22m[2m)[22m[32m 55[2mms[22m[39m
 [32m✓[39m src/commands/doctor.migrates-slack-discord-dm-policy-aliases.test.ts [2m([22m[2m1 test[22m[2m)[22m[32m 41[2mms[22m[39m
 [32m✓[39m src/memory/manager.atomic-reindex.test.ts [2m([22m[2m1 test[22m[2m)[22m[32m 41[2mms[22m[39m
 [32m✓[39m src/commands/doctor-config-flow.include-warning.test.ts [2m([22m[2m1 test[22m[2m)[22m[32m 35[2mms[22m[39m
[90mstdout[2m | src/auto-reply/reply/commands.test.ts
[22m[39m[MemoryStore] Initializing the Five-Tier Central Nervous System...
KnowledgeGraph connected to Neo4j successfully.

 [32m✓[39m src/cli/nodes-camera.test.ts [2m([22m[2m15 tests[22m[2m)[22m[32m 38[2mms[22m[39m
[90mstdout[2m | src/auto-reply/reply/commands.test.ts
[22m[39mKnowledgeGraph Schema Initialized.

 [32m✓[39m src/agents/apply-patch.test.ts [2m([22m[2m13 tests[22m[2m)[22m[32m 39[2mms[22m[39m
 [32m✓[39m src/agents/claude-cli-runner.test.ts [2m([22m[2m3 tests[22m[2m)[22m[32m 48[2mms[22m[39m
 [32m✓[39m src/commands/gateway-status.test.ts [2m([22m[2m7 tests[22m[2m)[22m[32m 46[2mms[22m[39m
 [32m✓[39m src/media/server.test.ts [2m([22m[2m9 tests[22m[2m)[22m[32m 41[2mms[22m[39m
 [32m✓[39m src/cron/service.issue-16156-list-skips-cron.test.ts [2m([22m[2m3 tests[22m[2m)[22m[32m 47[2mms[22m[39m
 [32m✓[39m src/agents/sandbox-create-args.test.ts [2m([22m[2m14 tests[22m[2m)[22m[32m 58[2mms[22m[39m
 [32m✓[39m src/discord/monitor/message-handler.process.test.ts [2m([22m[2m19 tests[22m[2m)[22m[32m 41[2mms[22m[39m
 [32m✓[39m src/auto-reply/reply/commands.test.ts [2m([22m[2m42 tests[22m[2m)[22m[32m 54[2mms[22m[39m
[90mstdout[2m | src/cli/program/build-program.version-alias.test.ts
[22m[39m[MemoryStore] Initializing the Five-Tier Central Nervous System...
KnowledgeGraph connected to Neo4j successfully.

[90mstdout[2m | src/agents/pi-tools.safe-bins.test.ts
[22m[39m[MemoryStore] Initializing the Five-Tier Central Nervous System...
KnowledgeGraph connected to Neo4j successfully.

[90mstdout[2m | src/cli/program/build-program.version-alias.test.ts
[22m[39mKnowledgeGraph Schema Initialized.

[90mstdout[2m | src/agents/pi-tools.safe-bins.test.ts
[22m[39mKnowledgeGraph Schema Initialized.

 [32m✓[39m src/browser/server.evaluate-disabled-does-not-block-storage.test.ts [2m([22m[2m1 test[22m[2m)[22m[32m 43[2mms[22m[39m
 [32m✓[39m src/agents/subagent-registry.persistence.test.ts [2m([22m[2m8 tests[22m[2m)[22m[32m 41[2mms[22m[39m
 [32m✓[39m src/agents/skills.buildworkspaceskillstatus.test.ts [2m([22m[2m4 tests[22m[2m)[22m[32m 45[2mms[22m[39m
 [32m✓[39m src/memory/stream.test.ts [2m([22m[2m7 tests[22m[2m)[22m[32m 34[2mms[22m[39m
 [32m✓[39m src/infra/session-cost-usage.test.ts [2m([22m[2m9 tests[22m[2m)[22m[32m 37[2mms[22m[39m
 [32m✓[39m src/config/sessions/sessions.test.ts [2m([22m[2m13 tests[22m[2m)[22m[32m 45[2mms[22m[39m
 [32m✓[39m src/slack/monitor/monitor.test.ts [2m([22m[2m22 tests[22m[2m)[22m[32m 45[2mms[22m[39m
 [32m✓[39m src/cli/program/build-program.version-alias.test.ts [2m([22m[2m2 tests[22m[2m)[22m[32m 54[2mms[22m[39m
 [32m✓[39m src/agents/models-config.fills-missing-provider-apikey-from-env-var.test.ts [2m([22m[2m6 tests[22m[2m)[22m[32m 40[2mms[22m[39m
 [32m✓[39m src/web/outbound.test.ts [2m([22m[2m10 tests[22m[2m)[22m[32m 38[2mms[22m[39m
 [32m✓[39m src/agents/pi-tools.safe-bins.test.ts [2m([22m[2m6 tests[22m[2m)[22m[32m 48[2mms[22m[39m
 [32m✓[39m src/agents/skills-status.test.ts [2m([22m[2m1 test[22m[2m)[22m[32m 39[2mms[22m[39m
 [32m✓[39m src/cron/service.delivery-plan.test.ts [2m([22m[2m3 tests[22m[2m)[22m[32m 36[2mms[22m[39m
[90mstdout[2m | src/web/auto-reply/monitor/process-message.inbound-contract.test.ts
[22m[39m[MemoryStore] Initializing the Five-Tier Central Nervous System...
KnowledgeGraph connected to Neo4j successfully.

[90mstdout[2m | src/web/auto-reply/monitor/process-message.inbound-contract.test.ts
[22m[39mKnowledgeGraph Schema Initialized.

 [32m✓[39m src/cli/program/register.status-health-sessions.test.ts [2m([22m[2m9 tests[22m[2m)[22m[32m 33[2mms[22m[39m
 [32m✓[39m src/auto-reply/reply/route-reply.test.ts [2m([22m[2m17 tests[22m[2m)[22m[32m 30[2mms[22m[39m
 [32m✓[39m src/media/input-files.fetch-guard.test.ts [2m([22m[2m5 tests[22m[2m)[22m[32m 34[2mms[22m[39m
 [32m✓[39m src/cron/service.runs-one-shot-main-job-disables-it.test.ts [2m([22m[2m14 tests[22m[2m)[22m[32m 39[2mms[22m[39m
 [32m✓[39m src/browser/bridge-server.auth.test.ts [2m([22m[2m3 tests[22m[2m)[22m[32m 36[2mms[22m[39m
 [32m✓[39m src/cron/service.skips-main-jobs-empty-systemevent-text.test.ts [2m([22m[2m3 tests[22m[2m)[22m[32m 35[2mms[22m[39m
 [32m✓[39m src/config/plugins-runtime-boundary.test.ts [2m([22m[2m3 tests[22m[2m)[22m[32m 32[2mms[22m[39m
 [32m✓[39m src/agents/skills-install.download.test.ts [2m([22m[2m5 tests[22m[2m)[22m[32m 36[2mms[22m[39m
 [32m✓[39m src/web/auto-reply/monitor/process-message.inbound-contract.test.ts [2m([22m[2m8 tests[22m[2m)[22m[32m 50[2mms[22m[39m
[90mstdout[2m | src/auto-reply/reply/abort.test.ts
[22m[39m[MemoryStore] Initializing the Five-Tier Central Nervous System...
KnowledgeGraph connected to Neo4j successfully.

[90mstdout[2m | src/infra/heartbeat-runner.model-override.test.ts
[22m[39m[MemoryStore] Initializing the Five-Tier Central Nervous System...
KnowledgeGraph connected to Neo4j successfully.

[90mstdout[2m | src/infra/heartbeat-runner.model-override.test.ts
[22m[39mKnowledgeGraph Schema Initialized.

[90mstdout[2m | src/auto-reply/reply/abort.test.ts
[22m[39mKnowledgeGraph Schema Initialized.

 [32m✓[39m src/cli/gateway-cli/run.option-collisions.test.ts [2m([22m[2m5 tests[22m[2m)[22m[32m 43[2mms[22m[39m
 [32m✓[39m src/cron/run-log.test.ts [2m([22m[2m8 tests[22m[2m)[22m[32m 33[2mms[22m[39m
 [32m✓[39m src/infra/heartbeat-runner.model-override.test.ts [2m([22m[2m5 tests[22m[2m)[22m[32m 42[2mms[22m[39m
 [32m✓[39m src/agents/bash-tools.exec.pty-cleanup.test.ts [2m([22m[2m2 tests[22m[2m)[22m[32m 34[2mms[22m[39m
 [32m✓[39m src/auto-reply/reply/abort.test.ts [2m([22m[2m16 tests[22m[2m)[22m[32m 42[2mms[22m[39m
 [32m✓[39m src/node-host/invoke-system-run.test.ts [2m([22m[2m15 tests[22m[2m)[22m[32m 28[2mms[22m[39m
[90mstdout[2m | src/agents/pi-tools.create-ernos-coding-tools.adds-claude-style-aliases-schemas-without-dropping-d.test.ts
[22m[39m[MemoryStore] Initializing the Five-Tier Central Nervous System...
KnowledgeGraph connected to Neo4j successfully.

[90mstdout[2m | src/agents/pi-tools.create-ernos-coding-tools.adds-claude-style-aliases-schemas-without-dropping-d.test.ts
[22m[39mKnowledgeGraph Schema Initialized.

 [32m✓[39m src/config/config.pruning-defaults.test.ts [2m([22m[2m6 tests[22m[2m)[22m[32m 34[2mms[22m[39m
 [32m✓[39m src/cron/service.restart-catchup.test.ts [2m([22m[2m2 tests[22m[2m)[22m[32m 36[2mms[22m[39m
[90mstdout[2m | src/agents/pi-tools.create-ernos-coding-tools.adds-claude-style-aliases-schemas-without-dropping.test.ts
[22m[39m[MemoryStore] Initializing the Five-Tier Central Nervous System...
KnowledgeGraph connected to Neo4j successfully.

[90mstdout[2m | src/agents/pi-tools.create-ernos-coding-tools.adds-claude-style-aliases-schemas-without-dropping.test.ts
[22m[39mKnowledgeGraph Schema Initialized.

[90mstdout[2m | src/web/auto-reply.broadcast-groups.skips-unknown-broadcast-agent-ids-agents-list.test.ts
[22m[39m[MemoryStore] Initializing the Five-Tier Central Nervous System...
KnowledgeGraph connected to Neo4j successfully.

[90mstdout[2m | src/auto-reply/reply.heartbeat-typing.test.ts
[22m[39m[MemoryStore] Initializing the Five-Tier Central Nervous System...
KnowledgeGraph connected to Neo4j successfully.

[90mstdout[2m | src/web/auto-reply.broadcast-groups.skips-unknown-broadcast-agent-ids-agents-list.test.ts
[22m[39mKnowledgeGraph Schema Initialized.

[90mstdout[2m | src/auto-reply/reply.heartbeat-typing.test.ts
[22m[39mKnowledgeGraph Schema Initialized.

 [32m✓[39m src/auto-reply/reply.heartbeat-typing.test.ts [2m([22m[2m2 tests[22m[2m)[22m[32m 40[2mms[22m[39m
 [32m✓[39m src/web/auto-reply.broadcast-groups.skips-unknown-broadcast-agent-ids-agents-list.test.ts [2m([22m[2m1 test[22m[2m)[22m[32m 33[2mms[22m[39m
 [32m✓[39m src/config/config.identity-defaults.test.ts [2m([22m[2m6 tests[22m[2m)[22m[32m 30[2mms[22m[39m
 [32m✓[39m src/discord/send.creates-thread.test.ts [2m([22m[2m22 tests[22m[2m)[22m[32m 32[2mms[22m[39m
[90mstdout[2m | src/web/auto-reply.typing-controller-idle.test.ts
[22m[39m[MemoryStore] Initializing the Five-Tier Central Nervous System...
KnowledgeGraph connected to Neo4j successfully.

[90mstdout[2m | src/signal/monitor.tool-result.sends-tool-summaries-responseprefix.test.ts
[22m[39m[MemoryStore] Initializing the Five-Tier Central Nervous System...
KnowledgeGraph connected to Neo4j successfully.

[90mstdout[2m | src/web/auto-reply.typing-controller-idle.test.ts
[22m[39mKnowledgeGraph Schema Initialized.

[90mstdout[2m | src/signal/monitor.tool-result.sends-tool-summaries-responseprefix.test.ts
[22m[39mKnowledgeGraph Schema Initialized.

 [32m✓[39m src/signal/monitor.tool-result.sends-tool-summaries-responseprefix.test.ts [2m([22m[2m16 tests[22m[2m)[22m[32m 41[2mms[22m[39m
 [32m✓[39m src/discord/send.sends-basic-channel-messages.test.ts [2m([22m[2m27 tests[22m[2m)[22m[32m 35[2mms[22m[39m
 [32m✓[39m src/agents/pi-tools.create-ernos-coding-tools.adds-claude-style-aliases-schemas-without-dropping-d.test.ts [2m([22m[2m3 tests[22m[2m)[22m[32m 40[2mms[22m[39m
 [32m✓[39m src/web/auto-reply.typing-controller-idle.test.ts [2m([22m[2m1 test[22m[2m)[22m[32m 34[2mms[22m[39m
 [32m✓[39m src/config/env-preserve-io.test.ts [2m([22m[2m4 tests[22m[2m)[22m[32m 32[2mms[22m[39m
 [32m✓[39m src/agents/pi-tools.create-ernos-coding-tools.adds-claude-style-aliases-schemas-without-dropping.test.ts [2m([22m[2m25 tests[22m[2m)[22m[32m 36[2mms[22m[39m
 [32m✓[39m src/memory/manager.read-file.test.ts [2m([22m[2m4 tests[22m[2m)[22m[32m 35[2mms[22m[39m
 [32m✓[39m src/wizard/onboarding.test.ts [2m([22m[2m5 tests[22m[2m)[22m[32m 38[2mms[22m[39m
 [32m✓[39m src/plugins/discovery.test.ts [2m([22m[2m11 tests[22m[2m)[22m[32m 30[2mms[22m[39m
 [32m✓[39m src/discord/resolve-users.test.ts [2m([22m[2m9 tests[22m[2m)[22m[32m 30[2mms[22m[39m
 [32m✓[39m src/hooks/hooks-install.test.ts [2m([22m[2m1 test[22m[2m)[22m[32m 33[2mms[22m[39m
 [32m✓[39m src/cli/program/register.agent.test.ts [2m([22m[2m13 tests[22m[2m)[22m[32m 33[2mms[22m[39m
[90mstdout[2m | src/web/auto-reply/web-auto-reply-monitor.test.ts
[22m[39m[MemoryStore] Initializing the Five-Tier Central Nervous System...
KnowledgeGraph connected to Neo4j successfully.

 [32m✓[39m src/config/config.legacy-config-detection.rejects-routing-allowfrom.test.ts [2m([22m[2m25 tests[22m[2m)[22m[32m 29[2mms[22m[39m
[90mstdout[2m | src/web/auto-reply/web-auto-reply-monitor.test.ts
[22m[39mKnowledgeGraph Schema Initialized.

 [32m✓[39m src/telegram/audit.test.ts [2m([22m[2m3 tests[22m[2m)[22m[32m 28[2mms[22m[39m
 [32m✓[39m src/commands/onboard-auth.test.ts [2m([22m[2m31 tests[22m[2m)[22m[32m 30[2mms[22m[39m
 [32m✓[39m src/memory/manager.sync-errors-do-not-crash.test.ts [2m([22m[2m1 test[22m[2m)[22m[32m 33[2mms[22m[39m
[90mstdout[2m | src/signal/monitor/event-handler.inbound-contract.test.ts
[22m[39m[MemoryStore] Initializing the Five-Tier Central Nervous System...
KnowledgeGraph connected to Neo4j successfully.

 [32m✓[39m src/agents/system-prompt-params.test.ts [2m([22m[2m5 tests[22m[2m)[22m[32m 32[2mms[22m[39m
[90mstdout[2m | src/signal/monitor/event-handler.inbound-contract.test.ts
[22m[39mKnowledgeGraph Schema Initialized.

 [32m✓[39m src/plugin-sdk/fetch-auth.test.ts [2m([22m[2m5 tests[22m[2m)[22m[32m 28[2mms[22m[39m
[90mstdout[2m | src/infra/heartbeat-runner.sender-prefers-delivery-target.test.ts
[22m[39m[MemoryStore] Initializing the Five-Tier Central Nervous System...
KnowledgeGraph connected to Neo4j successfully.

 [32m✓[39m src/signal/client.test.ts [2m([22m[2m3 tests[22m[2m)[22m[32m 27[2mms[22m[39m
[90mstdout[2m | src/infra/heartbeat-runner.sender-prefers-delivery-target.test.ts
[22m[39mKnowledgeGraph Schema Initialized.

 [32m✓[39m src/security/skill-scanner.test.ts [2m([22m[2m25 tests[22m[2m)[22m[32m 32[2mms[22m[39m
 [32m✓[39m src/discord/api.test.ts [2m([22m[2m3 tests[22m[2m)[22m[32m 29[2mms[22m[39m
 [32m✓[39m src/web/auto-reply/web-auto-reply-monitor.test.ts [2m([22m[2m13 tests[22m[2m)[22m[32m 30[2mms[22m[39m
 [32m✓[39m src/commands/onboard-non-interactive.gateway.test.ts [2m([22m[2m3 tests[22m[2m)[22m[32m 29[2mms[22m[39m
 [32m✓[39m src/commands/signal-install.test.ts [2m([22m[2m18 tests[22m[2m)[22m[32m 30[2mms[22m[39m
 [32m✓[39m src/cli/program/register.maintenance.test.ts [2m([22m[2m7 tests[22m[2m)[22m[32m 26[2mms[22m[39m
[90mstdout[2m | src/slack/monitor.threading.missing-thread-ts.test.ts
[22m[39m[MemoryStore] Initializing the Five-Tier Central Nervous System...
KnowledgeGraph connected to Neo4j successfully.

 [32m✓[39m src/daemon/service-audit.test.ts [2m([22m[2m11 tests[22m[2m)[22m[32m 24[2mms[22m[39m
 [32m✓[39m src/signal/monitor/event-handler.inbound-contract.test.ts [2m([22m[2m4 tests[22m[2m)[22m[32m 34[2mms[22m[39m
[90mstdout[2m | src/slack/monitor.threading.missing-thread-ts.test.ts
[22m[39mKnowledgeGraph Schema Initialized.

 [32m✓[39m src/infra/heartbeat-runner.sender-prefers-delivery-target.test.ts [2m([22m[2m1 test[22m[2m)[22m[32m 32[2mms[22m[39m
 [32m✓[39m src/cli/models-cli.test.ts [2m([22m[2m4 tests[22m[2m)[22m[32m 21[2mms[22m[39m
 [32m✓[39m src/infra/run-node.test.ts [2m([22m[2m1 test[22m[2m)[22m[32m 26[2mms[22m[39m
 [32m✓[39m src/slack/monitor.threading.missing-thread-ts.test.ts [2m([22m[2m3 tests[22m[2m)[22m[32m 32[2mms[22m[39m
 [32m✓[39m src/discord/monitor/provider.rest-proxy.test.ts [2m([22m[2m2 tests[22m[2m)[22m[32m 28[2mms[22m[39m
 [32m✓[39m src/memory/manager.mistral-provider.test.ts [2m([22m[2m2 tests[22m[2m)[22m[32m 25[2mms[22m[39m
 [32m✓[39m src/discord/resolve-channels.test.ts [2m([22m[2m4 tests[22m[2m)[22m[32m 28[2mms[22m[39m
 [32m✓[39m src/infra/fetch.test.ts [2m([22m[2m9 tests[22m[2m)[22m[32m 25[2mms[22m[39m
 [32m✓[39m src/agents/sandbox-paths.test.ts [2m([22m[2m20 tests[22m[2m)[22m[32m 24[2mms[22m[39m
 [32m✓[39m src/agents/model-fallback.test.ts [2m([22m[2m43 tests[22m[2m)[22m[32m 39[2mms[22m[39m
 [32m✓[39m src/agents/minimax-vlm.normalizes-api-key.test.ts [2m([22m[2m1 test[22m[2m)[22m[32m 30[2mms[22m[39m
 [32m✓[39m src/memory/post-json.test.ts [2m([22m[2m2 tests[22m[2m)[22m[32m 28[2mms[22m[39m
 [32m✓[39m src/security/skill-integrity.test.ts [2m([22m[2m7 tests[22m[2m)[22m[32m 20[2mms[22m[39m
 [32m✓[39m src/cli/pairing-cli.test.ts [2m([22m[2m12 tests[22m[2m)[22m[32m 21[2mms[22m[39m
[90mstdout[2m | src/agents/pi-tools.create-ernos-coding-tools.adds-claude-style-aliases-schemas-without-dropping-f.test.ts
[22m[39m[MemoryStore] Initializing the Five-Tier Central Nervous System...
KnowledgeGraph connected to Neo4j successfully.

[90mstdout[2m | src/agents/pi-tools.create-ernos-coding-tools.adds-claude-style-aliases-schemas-without-dropping-f.test.ts
[22m[39mKnowledgeGraph Schema Initialized.

 [32m✓[39m src/cron/service.store-migration.test.ts [2m([22m[2m2 tests[22m[2m)[22m[32m 29[2mms[22m[39m
 [32m✓[39m src/cron/isolated-agent/run.skill-filter.test.ts [2m([22m[2m11 tests[22m[2m)[22m[32m 10[2mms[22m[39m
 [32m✓[39m src/agents/pi-embedded-subscribe.subscribe-embedded-pi-session.subscribeembeddedpisession.test.ts [2m([22m[2m20 tests[22m[2m)[22m[32m 28[2mms[22m[39m
[90mstdout[2m | src/web/auto-reply.web-auto-reply.last-route.test.ts
[22m[39m[MemoryStore] Initializing the Five-Tier Central Nervous System...
KnowledgeGraph connected to Neo4j successfully.

 [32m✓[39m src/config/sessions.cache.test.ts [2m([22m[2m8 tests[22m[2m)[22m[32m 25[2mms[22m[39m
[90mstdout[2m | src/web/auto-reply.web-auto-reply.monitor-logging.test.ts
[22m[39m[MemoryStore] Initializing the Five-Tier Central Nervous System...
KnowledgeGraph connected to Neo4j successfully.

[90mstdout[2m | src/web/auto-reply.web-auto-reply.last-route.test.ts
[22m[39mKnowledgeGraph Schema Initialized.

[90mstdout[2m | src/commands/status.test.ts
[22m[39m[MemoryStore] Initializing the Five-Tier Central Nervous System...
KnowledgeGraph connected to Neo4j successfully.

 [32m✓[39m src/logging/log-file-size-cap.test.ts [2m([22m[2m3 tests[22m[2m)[22m[32m 27[2mms[22m[39m
[90mstdout[2m | src/web/auto-reply.web-auto-reply.monitor-logging.test.ts
[22m[39mKnowledgeGraph Schema Initialized.

[90mstdout[2m | src/commands/status.test.ts
[22m[39mKnowledgeGraph Schema Initialized.

 [32m✓[39m src/browser/extension-relay-auth.test.ts [2m([22m[2m5 tests[22m[2m)[22m[32m 30[2mms[22m[39m
 [32m✓[39m src/web/auto-reply.web-auto-reply.last-route.test.ts [2m([22m[2m2 tests[22m[2m)[22m[32m 42[2mms[22m[39m
[90mstdout[2m | src/infra/heartbeat-runner.transcript-prune.test.ts
[22m[39m[MemoryStore] Initializing the Five-Tier Central Nervous System...
KnowledgeGraph connected to Neo4j successfully.

 [32m✓[39m src/cron/session-reaper.test.ts [2m([22m[2m16 tests[22m[2m)[22m[32m 32[2mms[22m[39m
 [32m✓[39m src/web/auto-reply.web-auto-reply.monitor-logging.test.ts [2m([22m[2m2 tests[22m[2m)[22m[32m 33[2mms[22m[39m
[90mstdout[2m | src/infra/heartbeat-runner.transcript-prune.test.ts
[22m[39mKnowledgeGraph Schema Initialized.

 [32m✓[39m src/agents/pi-tools.create-ernos-coding-tools.adds-claude-style-aliases-schemas-without-dropping-f.test.ts [2m([22m[2m3 tests[22m[2m)[22m[32m 22[2mms[22m[39m
 [32m✓[39m src/agents/cli-credentials.test.ts [2m([22m[2m7 tests[22m[2m)[22m[32m 24[2mms[22m[39m
 [32m✓[39m src/browser/paths.test.ts [2m([22m[2m15 tests[22m[2m)[22m[32m 32[2mms[22m[39m
 [32m✓[39m src/commands/status.test.ts [2m([22m[2m11 tests[22m[2m)[22m[32m 33[2mms[22m[39m
[90mstdout[2m | src/agents/pi-tools.sandbox-mounted-paths.workspace-only.test.ts
[22m[39m[MemoryStore] Initializing the Five-Tier Central Nervous System...
KnowledgeGraph connected to Neo4j successfully.

 [32m✓[39m src/agents/pi-embedded-subscribe.subscribe-embedded-pi-session.waits-multiple-compaction-retries-before-resolving.test.ts [2m([22m[2m7 tests[22m[2m)[22m[32m 23[2mms[22m[39m
 [32m✓[39m src/cli/devices-cli.test.ts [2m([22m[2m13 tests[22m[2m)[22m[32m 28[2mms[22m[39m
[90mstdout[2m | src/agents/pi-tools.sandbox-mounted-paths.workspace-only.test.ts
[22m[39mKnowledgeGraph Schema Initialized.

 [32m✓[39m src/agents/tool-loop-detection.test.ts [2m([22m[2m29 tests[22m[2m)[22m[32m 21[2mms[22m[39m
 [32m✓[39m src/infra/heartbeat-runner.transcript-prune.test.ts [2m([22m[2m2 tests[22m[2m)[22m[32m 28[2mms[22m[39m
 [32m✓[39m src/discord/pluralkit.test.ts [2m([22m[2m3 tests[22m[2m)[22m[32m 25[2mms[22m[39m
 [32m✓[39m src/cli/acp-cli.option-collisions.test.ts [2m([22m[2m7 tests[22m[2m)[22m[32m 31[2mms[22m[39m
 [32m✓[39m src/agents/tools/web-fetch.cf-markdown.test.ts [2m([22m[2m6 tests[22m[2m)[22m[32m 24[2mms[22m[39m
 [32m✓[39m src/config/io.compat.test.ts [2m([22m[2m6 tests[22m[2m)[22m[32m 20[2mms[22m[39m
 [32m✓[39m src/hooks/workspace.test.ts [2m([22m[2m5 tests[22m[2m)[22m[32m 23[2mms[22m[39m
[90mstdout[2m | src/telegram/bot-message-context.dm-threads.test.ts
[22m[39m[MemoryStore] Initializing the Five-Tier Central Nervous System...
KnowledgeGraph connected to Neo4j successfully.

 [32m✓[39m src/memory/internal.test.ts [2m([22m[2m13 tests[22m[2m)[22m[32m 25[2mms[22m[39m
[90mstdout[2m | src/telegram/bot-message-context.dm-threads.test.ts
[22m[39mKnowledgeGraph Schema Initialized.

 [32m✓[39m src/cron/service.prevents-duplicate-timers.test.ts [2m([22m[2m1 test[22m[2m)[22m[32m 27[2mms[22m[39m
 [32m✓[39m src/commands/chutes-oauth.test.ts [2m([22m[2m4 tests[22m[2m)[22m[32m 23[2mms[22m[39m
 [32m✓[39m src/agents/model-catalog.test.ts [2m([22m[2m6 tests[22m[2m)[22m[32m 25[2mms[22m[39m
[90mstdout[2m | src/discord/monitor.tool-result.sends-status-replies-responseprefix.test.ts
[22m[39m[MemoryStore] Initializing the Five-Tier Central Nervous System...
KnowledgeGraph connected to Neo4j successfully.

 [32m✓[39m src/web/monitor-inbox.captures-media-path-image-messages.test.ts [2m([22m[2m8 tests[22m[2m)[22m[32m 24[2mms[22m[39m
[90mstdout[2m | src/discord/monitor.tool-result.sends-status-replies-responseprefix.test.ts
[22m[39mKnowledgeGraph Schema Initialized.

 [32m✓[39m src/agents/chutes-oauth.flow.test.ts [2m([22m[2m3 tests[22m[2m)[22m[32m 23[2mms[22m[39m
 [32m✓[39m src/infra/net/fetch-guard.ssrf.test.ts [2m([22m[2m8 tests[22m[2m)[22m[32m 24[2mms[22m[39m
 [32m✓[39m src/infra/fs-safe.test.ts [2m([22m[2m11 tests[22m[2m)[22m[32m 25[2mms[22m[39m
 [32m✓[39m src/web/auto-reply/deliver-reply.test.ts [2m([22m[2m12 tests[22m[2m)[22m[32m 23[2mms[22m[39m
 [32m✓[39m src/telegram/bot-message-context.dm-threads.test.ts [2m([22m[2m5 tests[22m[2m)[22m[32m 29[2mms[22m[39m
 [32m✓[39m src/agents/pi-tools.sandbox-mounted-paths.workspace-only.test.ts [2m([22m[2m4 tests[22m[2m)[22m[32m 33[2mms[22m[39m
[90mstdout[2m | src/agents/ernos-tools.session-status.test.ts
[22m[39m[MemoryStore] Initializing the Five-Tier Central Nervous System...
KnowledgeGraph connected to Neo4j successfully.

[90mstdout[2m | src/agents/ernos-tools.session-status.test.ts
[22m[39mKnowledgeGraph Schema Initialized.

 [32m✓[39m src/web/monitor-inbox.streams-inbound-messages.test.ts [2m([22m[2m8 tests[22m[2m)[22m[32m 30[2mms[22m[39m
 [32m✓[39m src/auto-reply/status.test.ts [2m([22m[2m25 tests[22m[2m)[22m[32m 28[2mms[22m[39m
 [32m✓[39m src/agents/bash-tools.exec.pty-fallback-failure.test.ts [2m([22m[2m1 test[22m[2m)[22m[32m 28[2mms[22m[39m
 [32m✓[39m src/discord/monitor.tool-result.sends-status-replies-responseprefix.test.ts [2m([22m[2m3 tests[22m[2m)[22m[32m 23[2mms[22m[39m
 [32m✓[39m src/cli/daemon-cli/lifecycle-core.test.ts [2m([22m[2m3 tests[22m[2m)[22m[32m 19[2mms[22m[39m
 [32m✓[39m src/commands/doctor-session-locks.test.ts [2m([22m[2m2 tests[22m[2m)[22m[32m 21[2mms[22m[39m
 [32m✓[39m src/memory/search-manager.test.ts [2m([22m[2m6 tests[22m[2m)[22m[32m 24[2mms[22m[39m
 [32m✓[39m src/web/monitor-inbox.blocks-messages-from-unauthorized-senders-not-allowfrom.test.ts [2m([22m[2m9 tests[22m[2m)[22m[32m 24[2mms[22m[39m
 [32m✓[39m src/cli/skills-cli.commands.test.ts [2m([22m[2m5 tests[22m[2m)[22m[32m 22[2mms[22m[39m
[90mstdout[2m | src/auto-reply/inbound.test.ts
[22m[39m[MemoryStore] Initializing the Five-Tier Central Nervous System...
KnowledgeGraph connected to Neo4j successfully.

[90mstdout[2m | src/auto-reply/inbound.test.ts
[22m[39mKnowledgeGraph Schema Initialized.

 [32m✓[39m src/infra/infra-runtime.test.ts [2m([22m[2m14 tests[22m[2m)[22m[32m 25[2mms[22m[39m
 [32m✓[39m src/commands/auth-choice.apply.huggingface.test.ts [2m([22m[2m5 tests[22m[2m)[22m[32m 23[2mms[22m[39m
 [32m✓[39m src/cron/service/jobs.schedule-error-isolation.test.ts [2m([22m[2m8 tests[22m[2m)[22m[32m 23[2mms[22m[39m
 [32m✓[39m src/web/inbound.media.test.ts [2m([22m[2m2 tests[22m[2m)[22m[32m 24[2mms[22m[39m
 [32m✓[39m src/config/sessions/store.pruning.test.ts [2m([22m[2m4 tests[22m[2m)[22m[32m 22[2mms[22m[39m
 [32m✓[39m src/agents/ernos-tools.session-status.test.ts [2m([22m[2m7 tests[22m[2m)[22m[32m 27[2mms[22m[39m
 [32m✓[39m src/agents/workspace.load-extra-bootstrap-files.test.ts [2m([22m[2m5 tests[22m[2m)[22m[32m 21[2mms[22m[39m
 [32m✓[39m src/commands/onboard-auth.credentials.test.ts [2m([22m[2m8 tests[22m[2m)[22m[32m 20[2mms[22m[39m
 [32m✓[39m src/cli/browser-cli-extension.test.ts [2m([22m[2m4 tests[22m[2m)[22m[32m 25[2mms[22m[39m
 [32m✓[39m src/telegram/format.test.ts [2m([22m[2m16 tests[22m[2m)[22m[32m 24[2mms[22m[39m
 [32m✓[39m src/config/includes.test.ts [2m([22m[2m26 tests[22m[2m)[22m[32m 21[2mms[22m[39m
 [32m✓[39m src/telegram/format.wrap-md.test.ts [2m([22m[2m32 tests[22m[2m)[22m[32m 22[2mms[22m[39m
 [32m✓[39m src/auto-reply/reply/followup-runner.test.ts [2m([22m[2m17 tests[22m[2m)[22m[32m 24[2mms[22m[39m
 [32m✓[39m src/agents/sandbox/fs-bridge.test.ts [2m([22m[2m9 tests[22m[2m)[22m[32m 22[2mms[22m[39m
[90mstdout[2m | src/memory/orchestrator.test.ts
[22m[39m[MemoryStore] Initializing the Five-Tier Central Nervous System...

[90mstdout[2m | src/memory/orchestrator.test.ts[2m > [22m[2mMemoryStore[2m > [22m[2mcreates with all subsystems initialized
[22m[39m[MemoryStore] Initializing the Five-Tier Central Nervous System...

[90mstdout[2m | src/memory/orchestrator.test.ts[2m > [22m[2mMemoryStore[2m > [22m[2mobserve records interaction via WorkingMemory
[22m[39m[MemoryStore] Initializing the Five-Tier Central Nervous System...

[90mstdout[2m | src/memory/orchestrator.test.ts[2m > [22m[2mMemoryStore[2m > [22m[2mobserve uses PRIVATE scope for DMs
[22m[39m[MemoryStore] Initializing the Five-Tier Central Nervous System...

[90mstdout[2m | src/memory/orchestrator.test.ts[2m > [22m[2mMemoryStore[2m > [22m[2mgetTape creates and caches tape per user+scope
[22m[39m[MemoryStore] Initializing the Five-Tier Central Nervous System...

[90mstdout[2m | src/memory/orchestrator.test.ts[2m > [22m[2mMemoryStore[2m > [22m[2mconfigure sets cfg and agentId
[22m[39m[MemoryStore] Initializing the Five-Tier Central Nervous System...

[90mstdout[2m | src/memory/orchestrator.test.ts[2m > [22m[2mMemoryStore[2m > [22m[2mrecall returns a ContextObject with all tiers
[22m[39m[MemoryStore] Initializing the Five-Tier Central Nervous System...

[90mstdout[2m | src/memory/orchestrator.test.ts[2m > [22m[2mMemoryStore[2m > [22m[2mrecall uses PRIVATE scope for DMs
[22m[39m[MemoryStore] Initializing the Five-Tier Central Nervous System...

[90mstdout[2m | src/memory/orchestrator.test.ts[2m > [22m[2mMemoryStore[2m > [22m[2mcompactAllTapes iterates all cached tapes
[22m[39m[MemoryStore] Initializing the Five-Tier Central Nervous System...

[90mstdout[2m | src/memory/orchestrator.test.ts[2m > [22m[2mMemoryStore[2m > [22m[2mrecall falls back gracefully when T2 vector search fails
[22m[39m[MemoryStore] Initializing the Five-Tier Central Nervous System...

 [32m✓[39m src/daemon/schtasks.test.ts [2m([22m[2m14 tests[22m[2m)[22m[32m 18[2mms[22m[39m
 [32m✓[39m src/memory/orchestrator.test.ts [2m([22m[2m9 tests[22m[2m)[22m[32m 19[2mms[22m[39m
 [32m✓[39m src/agents/subagent-registry.steer-restart.test.ts [2m([22m[2m10 tests[22m[2m)[22m[32m 23[2mms[22m[39m
 [32m✓[39m src/auto-reply/inbound.test.ts [2m([22m[2m28 tests[22m[2m)[22m[32m 26[2mms[22m[39m
 [32m✓[39m src/cli/program/register.onboard.test.ts [2m([22m[2m6 tests[22m[2m)[22m[32m 26[2mms[22m[39m
 [32m✓[39m src/browser/server.auth-token-gates-http.test.ts [2m([22m[2m1 test[22m[2m)[22m[32m 22[2mms[22m[39m
 [32m✓[39m src/agents/pi-tools.before-tool-call.integration.test.ts [2m([22m[2m8 tests[22m[2m)[22m[32m 20[2mms[22m[39m
[90mstdout[2m | src/discord/monitor/message-handler.inbound-contract.test.ts
[22m[39m[MemoryStore] Initializing the Five-Tier Central Nervous System...
KnowledgeGraph connected to Neo4j successfully.

 [32m✓[39m src/infra/outbound/deliver.test.ts [2m([22m[2m30 tests[22m[2m)[22m[32m 21[2mms[22m[39m
 [32m✓[39m src/telegram/bot-message-dispatch.test.ts [2m([22m[2m52 tests[22m[2m)[22m[32m 23[2mms[22m[39m
[90mstdout[2m | src/discord/monitor/message-handler.inbound-contract.test.ts
[22m[39mKnowledgeGraph Schema Initialized.

 [32m✓[39m src/discord/monitor/message-handler.inbound-contract.test.ts [2m([22m[2m2 tests[22m[2m)[22m[32m 27[2mms[22m[39m
[90mstdout[2m | src/agents/pi-embedded-runner-extraparams.test.ts
[22m[39m[MemoryStore] Initializing the Five-Tier Central Nervous System...
KnowledgeGraph connected to Neo4j successfully.

 [32m✓[39m src/plugins/uninstall.test.ts [2m([22m[2m23 tests[22m[2m)[22m[32m 20[2mms[22m[39m
[90mstdout[2m | src/agents/pi-embedded-runner-extraparams.test.ts
[22m[39mKnowledgeGraph Schema Initialized.

 [32m✓[39m src/agents/models-config.skips-writing-models-json-no-env-token.test.ts [2m([22m[2m4 tests[22m[2m)[22m[32m 24[2mms[22m[39m
 [32m✓[39m src/agents/models-config.uses-first-github-copilot-profile-env-tokens.test.ts [2m([22m[2m3 tests[22m[2m)[22m[32m 22[2mms[22m[39m
 [32m✓[39m src/agents/tools/web-search.redirect.test.ts [2m([22m[2m2 tests[22m[2m)[22m[32m 23[2mms[22m[39m
 [32m✓[39m src/memory/manager.vector-dedupe.test.ts [2m([22m[2m1 test[22m[2m)[22m[32m 21[2mms[22m[39m
 [32m✓[39m src/commands/sessions.test.ts [2m([22m[2m5 tests[22m[2m)[22m[32m 21[2mms[22m[39m
 [32m✓[39m src/web/monitor-inbox.allows-messages-from-senders-allowfrom-list.test.ts [2m([22m[2m7 tests[22m[2m)[22m[32m 22[2mms[22m[39m
 [32m✓[39m src/web/logout.test.ts [2m([22m[2m4 tests[22m[2m)[22m[32m 21[2mms[22m[39m
 [32m✓[39m src/agents/pi-embedded-runner-extraparams.test.ts [2m([22m[2m39 tests[22m[2m)[22m[32m 30[2mms[22m[39m
 [32m✓[39m src/auto-reply/reply/reply-state.test.ts [2m([22m[2m22 tests[22m[2m)[22m[32m 23[2mms[22m[39m
 [32m✓[39m src/commands/doctor-state-integrity.test.ts [2m([22m[2m7 tests[22m[2m)[22m[32m 22[2mms[22m[39m
[90mstdout[2m | src/auto-reply/reply/dispatch-from-config.test.ts
[22m[39m[MemoryStore] Initializing the Five-Tier Central Nervous System...
KnowledgeGraph connected to Neo4j successfully.

 [32m✓[39m src/infra/system-presence.test.ts [2m([22m[2m3 tests[22m[2m)[22m[32m 23[2mms[22m[39m
[90mstdout[2m | src/auto-reply/reply/dispatch-from-config.test.ts
[22m[39mKnowledgeGraph Schema Initialized.

[90mstdout[2m | src/agents/ernos-tools.camera.test.ts
[22m[39m[MemoryStore] Initializing the Five-Tier Central Nervous System...
KnowledgeGraph connected to Neo4j successfully.

 [32m✓[39m src/media-understanding/media-understanding-misc.test.ts [2m([22m[2m7 tests[22m[2m)[22m[32m 19[2mms[22m[39m
[90mstdout[2m | src/agents/ernos-tools.camera.test.ts
[22m[39mKnowledgeGraph Schema Initialized.

 [32m✓[39m src/config/io.owner-display-secret.test.ts [2m([22m[2m1 test[22m[2m)[22m[32m 19[2mms[22m[39m
 [32m✓[39m src/infra/install-source-utils.test.ts [2m([22m[2m13 tests[22m[2m)[22m[32m 19[2mms[22m[39m
 [32m✓[39m src/auto-reply/reply/dispatch-from-config.test.ts [2m([22m[2m34 tests[22m[2m)[22m[32m 24[2mms[22m[39m
 [32m✓[39m src/discord/monitor/monitor.test.ts [2m([22m[2m37 tests[22m[2m)[22m[32m 18[2mms[22m[39m
 [32m✓[39m src/agents/auth-profiles.markauthprofilefailure.test.ts [2m([22m[2m7 tests[22m[2m)[22m[32m 18[2mms[22m[39m
 [32m✓[39m src/version.test.ts [2m([22m[2m8 tests[22m[2m)[22m[32m 18[2mms[22m[39m
 [32m✓[39m src/discord/monitor/thread-bindings.lifecycle.test.ts [2m([22m[2m22 tests[22m[2m)[22m[32m 20[2mms[22m[39m
 [32m✓[39m src/agents/bash-tools.exec.pty-fallback.test.ts [2m([22m[2m1 test[22m[2m)[22m[32m 18[2mms[22m[39m
 [32m✓[39m src/web/auto-reply/web-auto-reply-utils.test.ts [2m([22m[2m25 tests[22m[2m)[22m[32m 24[2mms[22m[39m
 [32m✓[39m src/channels/plugins/actions/actions.test.ts [2m([22m[2m34 tests[22m[2m)[22m[32m 20[2mms[22m[39m
 [32m✓[39m src/privacy/privacy.test.ts [2m([22m[2m33 tests[22m[2m)[22m[32m 20[2mms[22m[39m
 [32m✓[39m src/telegram/bot/delivery.test.ts [2m([22m[2m13 tests[22m[2m)[22m[32m 22[2mms[22m[39m
 [32m✓[39m src/cli/daemon-cli/lifecycle.test.ts [2m([22m[2m2 tests[22m[2m)[22m[32m 21[2mms[22m[39m
 [32m✓[39m src/config/sessions/store.session-key-normalization.test.ts [2m([22m[2m3 tests[22m[2m)[22m[32m 28[2mms[22m[39m
 [32m✓[39m src/process/supervisor/supervisor.pty-command.test.ts [2m([22m[2m2 tests[22m[2m)[22m[32m 18[2mms[22m[39m
 [32m✓[39m src/infra/infra-store.test.ts [2m([22m[2m15 tests[22m[2m)[22m[32m 19[2mms[22m[39m
 [32m✓[39m src/infra/provider-usage.test.ts [2m([22m[2m15 tests[22m[2m)[22m[32m 20[2mms[22m[39m
 [32m✓[39m src/cron/service.jobs.test.ts [2m([22m[2m18 tests[22m[2m)[22m[32m 19[2mms[22m[39m
 [32m✓[39m src/auto-reply/envelope.test.ts [2m([22m[2m12 tests[22m[2m)[22m[32m 18[2mms[22m[39m
 [32m✓[39m src/config/config.compaction-settings.test.ts [2m([22m[2m3 tests[22m[2m)[22m[32m 22[2mms[22m[39m
 [32m✓[39m src/agents/ernos-tools.camera.test.ts [2m([22m[2m14 tests[22m[2m)[22m[32m 25[2mms[22m[39m
 [32m✓[39m src/signal/format.chunking.test.ts [2m([22m[2m21 tests[22m[2m)[22m[32m 21[2mms[22m[39m
 [32m✓[39m src/cron/schedule.test.ts [2m([22m[2m12 tests[22m[2m)[22m[32m 20[2mms[22m[39m
 [32m✓[39m src/commands/auth-choice.apply.volcengine-byteplus.test.ts [2m([22m[2m5 tests[22m[2m)[22m[32m 20[2mms[22m[39m
 [32m✓[39m src/memory/embeddings-voyage.test.ts [2m([22m[2m4 tests[22m[2m)[22m[32m 19[2mms[22m[39m
 [32m✓[39m src/discord/monitor/model-picker-preferences.test.ts [2m([22m[2m3 tests[22m[2m)[22m[32m 35[2mms[22m[39m
 [32m✓[39m src/telegram/update-offset-store.test.ts [2m([22m[2m5 tests[22m[2m)[22m[32m 18[2mms[22m[39m
[90mstdout[2m | src/logger.test.ts[2m > [22m[2mlogger helpers[2m > [22m[2monly logs debug when verbose is enabled
[22m[39mloud

 [32m✓[39m src/logger.test.ts [2m([22m[2m9 tests[22m[2m)[22m[32m 17[2mms[22m[39m
 [32m✓[39m src/markdown/ir.table-bullets.test.ts [2m([22m[2m7 tests[22m[2m)[22m[32m 19[2mms[22m[39m
 [32m✓[39m src/cron/service.jobs.top-of-hour-stagger.test.ts [2m([22m[2m5 tests[22m[2m)[22m[32m 18[2mms[22m[39m
 [32m✓[39m src/cli/program/config-guard.test.ts [2m([22m[2m5 tests[22m[2m)[22m[32m 16[2mms[22m[39m
 [32m✓[39m src/config/schema.help.quality.test.ts [2m([22m[2m20 tests[22m[2m)[22m[32m 19[2mms[22m[39m
 [32m✓[39m src/agents/tools/cron-tool.test.ts [2m([22m[2m31 tests[22m[2m)[22m[32m 19[2mms[22m[39m
 [32m✓[39m src/config/config-misc.test.ts [2m([22m[2m25 tests[22m[2m)[22m[32m 19[2mms[22m[39m
 [32m✓[39m src/auto-reply/reply/inbound-meta.test.ts [2m([22m[2m19 tests[22m[2m)[22m[32m 16[2mms[22m[39m
 [32m✓[39m src/config/config.allowlist-requires-allowfrom.test.ts [2m([22m[2m14 tests[22m[2m)[22m[32m 18[2mms[22m[39m
 [32m✓[39m src/cron/service.get-job.test.ts [2m([22m[2m2 tests[22m[2m)[22m[32m 17[2mms[22m[39m
 [32m✓[39m src/infra/brew.test.ts [2m([22m[2m5 tests[22m[2m)[22m[32m 16[2mms[22m[39m
 [32m✓[39m src/infra/node-pairing.test.ts [2m([22m[2m4 tests[22m[2m)[22m[32m 18[2mms[22m[39m
 [32m✓[39m src/agents/tools/slack-actions.test.ts [2m([22m[2m33 tests[22m[2m)[22m[32m 19[2mms[22m[39m
 [32m✓[39m src/infra/format-time/format-time.test.ts [2m([22m[2m32 tests[22m[2m)[22m[32m 16[2mms[22m[39m
 [32m✓[39m src/agents/identity-avatar.test.ts [2m([22m[2m6 tests[22m[2m)[22m[32m 16[2mms[22m[39m
[90mstdout[2m | src/infra/heartbeat-runner.scheduler.test.ts
[22m[39m[MemoryStore] Initializing the Five-Tier Central Nervous System...
KnowledgeGraph connected to Neo4j successfully.

[90mstdout[2m | src/infra/heartbeat-runner.scheduler.test.ts
[22m[39mKnowledgeGraph Schema Initialized.

[90mstdout[2m | src/signal/monitor/event-handler.mention-gating.test.ts
[22m[39m[MemoryStore] Initializing the Five-Tier Central Nervous System...
KnowledgeGraph connected to Neo4j successfully.

 [32m✓[39m src/agents/pi-embedded-subscribe.subscribe-embedded-pi-session.suppresses-message-end-block-replies-message-tool.test.ts [2m([22m[2m3 tests[22m[2m)[22m[32m 16[2mms[22m[39m
[90mstdout[2m | src/signal/monitor/event-handler.mention-gating.test.ts
[22m[39mKnowledgeGraph Schema Initialized.

 [32m✓[39m src/secrets/runtime.test.ts [2m([22m[2m5 tests[22m[2m)[22m[32m 16[2mms[22m[39m
 [32m✓[39m src/web/session.test.ts [2m([22m[2m8 tests[22m[2m)[22m[32m 17[2mms[22m[39m
 [32m✓[39m src/config/config.backup-rotation.test.ts [2m([22m[2m1 test[22m[2m)[22m[32m 18[2mms[22m[39m
 [32m✓[39m src/infra/heartbeat-runner.scheduler.test.ts [2m([22m[2m6 tests[22m[2m)[22m[32m 22[2mms[22m[39m
 [32m✓[39m src/config/io.runtime-snapshot-write.test.ts [2m([22m[2m1 test[22m[2m)[22m[32m 17[2mms[22m[39m
 [32m✓[39m src/cron/service.rearm-timer-when-running.test.ts [2m([22m[2m2 tests[22m[2m)[22m[32m 18[2mms[22m[39m
[90mstdout[2m | src/commands/auth-choice.apply.minimax.test.ts
[22m[39m[MemoryStore] Initializing the Five-Tier Central Nervous System...
KnowledgeGraph connected to Neo4j successfully.

[90mstdout[2m | src/commands/auth-choice.apply.minimax.test.ts
[22m[39mKnowledgeGraph Schema Initialized.

 [32m✓[39m src/discord/audit.test.ts [2m([22m[2m1 test[22m[2m)[22m[32m 16[2mms[22m[39m
 [32m✓[39m src/browser/client.test.ts [2m([22m[2m6 tests[22m[2m)[22m[32m 14[2mms[22m[39m
 [32m✓[39m src/auto-reply/skill-commands.test.ts [2m([22m[2m5 tests[22m[2m)[22m[32m 16[2mms[22m[39m
 [32m✓[39m src/agents/models-config.falls-back-default-baseurl-token-exchange-fails.test.ts [2m([22m[2m2 tests[22m[2m)[22m[32m 16[2mms[22m[39m
[90mstdout[2m | src/agents/ernos-gateway-tool.test.ts
[22m[39m[MemoryStore] Initializing the Five-Tier Central Nervous System...
KnowledgeGraph connected to Neo4j successfully.

[90mstdout[2m | src/agents/ernos-gateway-tool.test.ts
[22m[39mKnowledgeGraph Schema Initialized.

 [32m✓[39m src/infra/heartbeat-active-hours.test.ts [2m([22m[2m7 tests[22m[2m)[22m[32m 15[2mms[22m[39m
 [32m✓[39m src/signal/format.test.ts [2m([22m[2m7 tests[22m[2m)[22m[32m 14[2mms[22m[39m
 [32m✓[39m src/signal/monitor/event-handler.mention-gating.test.ts [2m([22m[2m13 tests[22m[2m)[22m[32m 21[2mms[22m[39m
 [32m✓[39m src/agents/pi-auth-json.test.ts [2m([22m[2m8 tests[22m[2m)[22m[32m 16[2mms[22m[39m
 [32m✓[39m src/plugin-sdk/persistent-dedupe.test.ts [2m([22m[2m3 tests[22m[2m)[22m[32m 13[2mms[22m[39m
 [32m✓[39m src/infra/exec-approvals.test.ts [2m([22m[2m39 tests[22m[2m)[22m[32m 16[2mms[22m[39m
 [32m✓[39m src/agents/models-config.auto-injects-github-copilot-provider-token-is.test.ts [2m([22m[2m2 tests[22m[2m)[22m[32m 15[2mms[22m[39m
 [32m✓[39m src/commands/auth-choice.apply.minimax.test.ts [2m([22m[2m6 tests[22m[2m)[22m[32m 19[2mms[22m[39m
 [32m✓[39m src/cli/program/register.configure.test.ts [2m([22m[2m2 tests[22m[2m)[22m[32m 15[2mms[22m[39m
 [32m✓[39m src/browser/pw-tools-core.snapshot.navigate-guard.test.ts [2m([22m[2m2 tests[22m[2m)[22m[32m 14[2mms[22m[39m
 [32m✓[39m src/cli/cron-cli.test.ts [2m([22m[2m24 tests[22m[2m)[22m[32m 15[2mms[22m[39m
 [32m✓[39m src/media/fetch.test.ts [2m([22m[2m3 tests[22m[2m)[22m[32m 14[2mms[22m[39m
 [32m✓[39m src/plugin-sdk/temp-path.test.ts [2m([22m[2m4 tests[22m[2m)[22m[32m 6[2mms[22m[39m
 [32m✓[39m test/ui.presenter-next-run.test.ts [2m([22m[2m2 tests[22m[2m)[22m[32m 14[2mms[22m[39m
 [32m✓[39m src/agents/subagent-registry.announce-loop-guard.test.ts [2m([22m[2m4 tests[22m[2m)[22m[32m 16[2mms[22m[39m
 [32m✓[39m src/agents/ernos-gateway-tool.test.ts [2m([22m[2m5 tests[22m[2m)[22m[32m 19[2mms[22m[39m
 [32m✓[39m src/channels/status-reactions.test.ts [2m([22m[2m35 tests[22m[2m)[22m[32m 15[2mms[22m[39m
[90mstdout[2m | src/auto-reply/reply/commands-acp.test.ts
[22m[39m[MemoryStore] Initializing the Five-Tier Central Nervous System...
KnowledgeGraph connected to Neo4j successfully.

 [32m✓[39m src/agents/auth-profiles.ensureauthprofilestore.test.ts [2m([22m[2m5 tests[22m[2m)[22m[32m 13[2mms[22m[39m
[90mstdout[2m | src/discord/monitor/native-command.model-picker.test.ts
[22m[39m[MemoryStore] Initializing the Five-Tier Central Nervous System...
KnowledgeGraph connected to Neo4j successfully.

[90mstdout[2m | src/auto-reply/reply/commands-acp.test.ts
[22m[39mKnowledgeGraph Schema Initialized.

[90mstdout[2m | src/discord/monitor/native-command.model-picker.test.ts
[22m[39mKnowledgeGraph Schema Initialized.

 [32m✓[39m src/discord/monitor/native-command.model-picker.test.ts [2m([22m[2m7 tests[22m[2m)[22m[32m 13[2mms[22m[39m
 [32m✓[39m src/discord/monitor/reply-delivery.test.ts [2m([22m[2m9 tests[22m[2m)[22m[32m 14[2mms[22m[39m
 [32m✓[39m src/commands/sessions.default-agent-store.test.ts [2m([22m[2m4 tests[22m[2m)[22m[32m 16[2mms[22m[39m
 [32m✓[39m src/infra/ports.test.ts [2m([22m[2m6 tests[22m[2m)[22m[32m 13[2mms[22m[39m
 [32m✓[39m src/infra/provider-usage.format.test.ts [2m([22m[2m5 tests[22m[2m)[22m[32m 14[2mms[22m[39m
 [32m✓[39m src/auto-reply/reply/commands-acp.test.ts [2m([22m[2m17 tests[22m[2m)[22m[32m 16[2mms[22m[39m
[90mstdout[2m | src/infra/outbound/message.channels.test.ts
[22m[39m[MemoryStore] Initializing the Five-Tier Central Nervous System...
KnowledgeGraph connected to Neo4j successfully.

 [32m✓[39m src/agents/sandbox/docker.config-hash-recreate.test.ts [2m([22m[2m2 tests[22m[2m)[22m[32m 13[2mms[22m[39m
[90mstdout[2m | src/infra/outbound/message.channels.test.ts
[22m[39mKnowledgeGraph Schema Initialized.

 [32m✓[39m src/agents/model-auth.profiles.test.ts [2m([22m[2m15 tests[22m[2m)[22m[32m 12[2mms[22m[39m
[90mstdout[2m | src/auto-reply/command-control.test.ts
[22m[39m[MemoryStore] Initializing the Five-Tier Central Nervous System...
KnowledgeGraph connected to Neo4j successfully.

 [32m✓[39m src/logging/console-capture.test.ts [2m([22m[2m9 tests[22m[2m)[22m[32m 12[2mms[22m[39m
 [32m✓[39m src/channels/typing.test.ts [2m([22m[2m14 tests[22m[2m)[22m[32m 14[2mms[22m[39m
[90mstdout[2m | src/auto-reply/command-control.test.ts
[22m[39mKnowledgeGraph Schema Initialized.

 [32m✓[39m src/agents/pi-embedded-subscribe.subscribe-embedded-pi-session.calls-onblockreplyflush-before-tool-execution-start-preserve.test.ts [2m([22m[2m2 tests[22m[2m)[22m[32m 15[2mms[22m[39m
 [32m✓[39m src/media-understanding/runner.auto-audio.test.ts [2m([22m[2m4 tests[22m[2m)[22m[32m 16[2mms[22m[39m
 [32m✓[39m src/agents/bootstrap-files.test.ts [2m([22m[2m3 tests[22m[2m)[22m[32m 15[2mms[22m[39m
 [32m✓[39m src/infra/path-alias-guards.test.ts [2m([22m[2m3 tests[22m[2m)[22m[32m 17[2mms[22m[39m
 [32m✓[39m src/utils.test.ts [2m([22m[2m28 tests[22m[2m)[22m[32m 15[2mms[22m[39m
[90mstdout[2m | src/discord/monitor.test.ts
[22m[39m[MemoryStore] Initializing the Five-Tier Central Nervous System...
KnowledgeGraph connected to Neo4j successfully.

 [32m✓[39m src/agents/pi-embedded-runner.sanitize-session-history.test.ts [2m([22m[2m22 tests[22m[2m)[22m[32m 12[2mms[22m[39m
[90mstdout[2m | src/discord/monitor.test.ts
[22m[39mKnowledgeGraph Schema Initialized.

 [32m✓[39m src/config/config.identity-avatar.test.ts [2m([22m[2m3 tests[22m[2m)[22m[32m 16[2mms[22m[39m
 [32m✓[39m src/cli/browser-cli-inspect.test.ts [2m([22m[2m5 tests[22m[2m)[22m[32m 14[2mms[22m[39m
 [32m✓[39m src/cli/update-cli/restart-helper.test.ts [2m([22m[2m15 tests[22m[2m)[22m[32m 13[2mms[22m[39m
 [32m✓[39m src/agents/pi-embedded-runner/run.overflow-compaction.loop.test.ts [2m([22m[2m11 tests[22m[2m)[22m[32m 15[2mms[22m[39m
 [32m✓[39m src/auto-reply/command-control.test.ts [2m([22m[2m24 tests[22m[2m)[22m[32m 15[2mms[22m[39m
 [32m✓[39m src/infra/outbound/message.channels.test.ts [2m([22m[2m7 tests[22m[2m)[22m[32m 15[2mms[22m[39m
 [32m✓[39m src/commands/auth-choice.apply.openai.test.ts [2m([22m[2m3 tests[22m[2m)[22m[32m 14[2mms[22m[39m
 [32m✓[39m src/config/config.discord.test.ts [2m([22m[2m2 tests[22m[2m)[22m[32m 15[2mms[22m[39m
 [32m✓[39m src/infra/bonjour.test.ts [2m([22m[2m7 tests[22m[2m)[22m[32m 10[2mms[22m[39m
 [32m✓[39m src/discord/monitor.test.ts [2m([22m[2m39 tests[22m[2m)[22m[32m 15[2mms[22m[39m
 [32m✓[39m src/auto-reply/reply.triggers.trigger-handling.stages-inbound-media-into-sandbox-workspace.test.ts [2m([22m[2m1 test[22m[2m)[22m[32m 14[2mms[22m[39m
 [32m✓[39m src/agents/models-config.preserves-explicit-reasoning-override.test.ts [2m([22m[2m2 tests[22m[2m)[22m[32m 15[2mms[22m[39m
 [32m✓[39m src/markdown/ir.nested-lists.test.ts [2m([22m[2m18 tests[22m[2m)[22m[32m 14[2mms[22m[39m
[90mstdout[2m | src/discord/monitor/message-handler.preflight.test.ts
[22m[39m[MemoryStore] Initializing the Five-Tier Central Nervous System...
KnowledgeGraph connected to Neo4j successfully.

[90mstdout[2m | src/discord/monitor/message-handler.preflight.test.ts
[22m[39mKnowledgeGraph Schema Initialized.

 [32m✓[39m src/config/config.multi-agent-agentdir-validation.test.ts [2m([22m[2m2 tests[22m[2m)[22m[32m 13[2mms[22m[39m
 [32m✓[39m src/plugins/manifest-registry.test.ts [2m([22m[2m6 tests[22m[2m)[22m[32m 13[2mms[22m[39m
 [32m✓[39m src/hooks/bundled/bootstrap-extra-files/handler.test.ts [2m([22m[2m2 tests[22m[2m)[22m[32m 14[2mms[22m[39m
[90mstdout[2m | src/web/login.test.ts[2m > [22m[2mweb login[2m > [22m[2mloginWeb waits for connection and closes
[22m[39m✅ Linked! Credentials saved for future sends.

 [32m✓[39m src/web/login.test.ts [2m([22m[2m3 tests[22m[2m)[22m[32m 13[2mms[22m[39m
 [32m✓[39m src/discord/monitor/message-handler.preflight.test.ts [2m([22m[2m8 tests[22m[2m)[22m[32m 10[2mms[22m[39m
 [32m✓[39m src/cli/program/help.test.ts [2m([22m[2m3 tests[22m[2m)[22m[32m 13[2mms[22m[39m
 [32m✓[39m src/telegram/sticker-cache.test.ts [2m([22m[2m17 tests[22m[2m)[22m[32m 13[2mms[22m[39m
 [32m✓[39m src/agents/pi-extensions/compaction-safeguard.test.ts [2m([22m[2m24 tests[22m[2m)[22m[32m 12[2mms[22m[39m
 [32m✓[39m src/browser/browser-utils.test.ts [2m([22m[2m22 tests[22m[2m)[22m[32m 15[2mms[22m[39m
 [32m✓[39m src/config/config.env-vars.test.ts [2m([22m[2m6 tests[22m[2m)[22m[32m 8[2mms[22m[39m
 [32m✓[39m src/agents/pi-embedded-subscribe.subscribe-embedded-pi-session.includes-canvas-action-metadata-tool-summaries.test.ts [2m([22m[2m3 tests[22m[2m)[22m[32m 12[2mms[22m[39m
[90mstdout[2m | src/telegram/bot-message-context.audio-transcript.test.ts
[22m[39m[MemoryStore] Initializing the Five-Tier Central Nervous System...
KnowledgeGraph connected to Neo4j successfully.

[90mstdout[2m | src/telegram/bot-message-context.audio-transcript.test.ts
[22m[39mKnowledgeGraph Schema Initialized.

[90mstdout[2m | src/auto-reply/reply/reply-flow.test.ts
[22m[39m[MemoryStore] Initializing the Five-Tier Central Nervous System...
KnowledgeGraph connected to Neo4j successfully.

[90mstdout[2m | src/agents/sessions-spawn-hooks.test.ts
[22m[39m[MemoryStore] Initializing the Five-Tier Central Nervous System...
KnowledgeGraph connected to Neo4j successfully.

[90mstdout[2m | src/auto-reply/reply/reply-flow.test.ts
[22m[39mKnowledgeGraph Schema Initialized.

[90mstdout[2m | src/agents/sessions-spawn-hooks.test.ts
[22m[39mKnowledgeGraph Schema Initialized.

[90mstdout[2m | src/auto-reply/reply/commands-subagents-focus.test.ts
[22m[39m[MemoryStore] Initializing the Five-Tier Central Nervous System...
KnowledgeGraph connected to Neo4j successfully.

 [32m✓[39m src/agents/sessions-spawn-hooks.test.ts [2m([22m[2m9 tests[22m[2m)[22m[32m 14[2mms[22m[39m
 [32m✓[39m src/memory/manager.watcher-config.test.ts [2m([22m[2m1 test[22m[2m)[22m[32m 13[2mms[22m[39m
[90mstdout[2m | src/auto-reply/reply/commands-subagents-focus.test.ts
[22m[39mKnowledgeGraph Schema Initialized.

 [32m✓[39m src/discord/monitor/exec-approvals.test.ts [2m([22m[2m31 tests[22m[2m)[22m[32m 13[2mms[22m[39m
 [32m✓[39m src/infra/host-env-security.test.ts [2m([22m[2m10 tests[22m[2m)[22m[32m 12[2mms[22m[39m
 [32m✓[39m src/infra/exec-approvals-safe-bins.test.ts [2m([22m[2m47 tests[22m[2m)[22m[32m 13[2mms[22m[39m
[90mstdout[2m | src/auto-reply/reply/commands-subagents-spawn.test.ts
[22m[39m[MemoryStore] Initializing the Five-Tier Central Nervous System...
KnowledgeGraph connected to Neo4j successfully.

[90mstdout[2m | src/auto-reply/reply/commands-subagents-spawn.test.ts
[22m[39mKnowledgeGraph Schema Initialized.

 [32m✓[39m src/telegram/bot-message-context.audio-transcript.test.ts [2m([22m[2m1 test[22m[2m)[22m[32m 14[2mms[22m[39m
[90mstdout[2m | src/telegram/bot-message-context.dm-topic-threadid.test.ts
[22m[39m[MemoryStore] Initializing the Five-Tier Central Nervous System...
KnowledgeGraph connected to Neo4j successfully.

[90mstdout[2m | src/agents/ernos-tools.subagents.sessions-spawn.model.test.ts
[22m[39m[MemoryStore] Initializing the Five-Tier Central Nervous System...
KnowledgeGraph connected to Neo4j successfully.

 [32m✓[39m src/agents/pi-model-discovery.auth.test.ts [2m([22m[2m3 tests[22m[2m)[22m[32m 17[2mms[22m[39m
[90mstdout[2m | src/telegram/bot-message-context.dm-topic-threadid.test.ts
[22m[39mKnowledgeGraph Schema Initialized.

[90mstdout[2m | src/agents/ernos-tools.subagents.sessions-spawn.model.test.ts
[22m[39mKnowledgeGraph Schema Initialized.

 [32m✓[39m src/auto-reply/reply/reply-flow.test.ts [2m([22m[2m44 tests[22m[2m)[22m[32m 16[2mms[22m[39m
 [32m✓[39m src/agents/ernos-tools.subagents.sessions-spawn.model.test.ts [2m([22m[2m9 tests[22m[2m)[22m[32m 16[2mms[22m[39m
 [32m✓[39m src/hooks/internal-hooks.test.ts [2m([22m[2m29 tests[22m[2m)[22m[32m 12[2mms[22m[39m
 [32m✓[39m src/auto-reply/reply/commands-subagents-focus.test.ts [2m([22m[2m8 tests[22m[2m)[22m[32m 14[2mms[22m[39m
 [32m✓[39m src/slack/format.test.ts [2m([22m[2m5 tests[22m[2m)[22m[32m 13[2mms[22m[39m
 [32m✓[39m src/agents/session-file-repair.test.ts [2m([22m[2m4 tests[22m[2m)[22m[32m 13[2mms[22m[39m
 [32m✓[39m src/auto-reply/reply/reply-utils.test.ts [2m([22m[2m28 tests[22m[2m)[22m[32m 13[2mms[22m[39m
 [32m✓[39m src/cli/cli-utils.test.ts [2m([22m[2m11 tests[22m[2m)[22m[32m 13[2mms[22m[39m
 [32m✓[39m src/telegram/bot-message-context.dm-topic-threadid.test.ts [2m([22m[2m3 tests[22m[2m)[22m[32m 12[2mms[22m[39m
 [32m✓[39m src/daemon/schtasks.install.test.ts [2m([22m[2m2 tests[22m[2m)[22m[32m 11[2mms[22m[39m
 [32m✓[39m src/auto-reply/reply/commands-subagents-spawn.test.ts [2m([22m[2m12 tests[22m[2m)[22m[32m 14[2mms[22m[39m
 [32m✓[39m src/docker-image-digests.test.ts [2m([22m[2m2 tests[22m[2m)[22m[32m 11[2mms[22m[39m
 [32m✓[39m src/media-understanding/runner.video.test.ts [2m([22m[2m2 tests[22m[2m)[22m[32m 13[2mms[22m[39m
 [32m✓[39m src/web/auto-reply/heartbeat-runner.test.ts [2m([22m[2m7 tests[22m[2m)[22m[32m 13[2mms[22m[39m
 [32m✓[39m src/config/talk.normalize.test.ts [2m([22m[2m4 tests[22m[2m)[22m[32m 12[2mms[22m[39m
[90mstdout[2m | src/telegram/bot-message-context.sender-prefix.test.ts
[22m[39m[MemoryStore] Initializing the Five-Tier Central Nervous System...
KnowledgeGraph connected to Neo4j successfully.

 [32m✓[39m src/commands/doctor-security.test.ts [2m([22m[2m6 tests[22m[2m)[22m[32m 13[2mms[22m[39m
[90mstdout[2m | src/agents/ernos-tools.subagents.sessions-spawn.allowlist.test.ts
[22m[39m[MemoryStore] Initializing the Five-Tier Central Nervous System...
KnowledgeGraph connected to Neo4j successfully.

 [32m✓[39m src/config/config.agent-concurrency-defaults.test.ts [2m([22m[2m4 tests[22m[2m)[22m[32m 12[2mms[22m[39m
[90mstdout[2m | src/telegram/bot-message-context.sender-prefix.test.ts
[22m[39mKnowledgeGraph Schema Initialized.

[90mstdout[2m | src/agents/ernos-tools.subagents.sessions-spawn.allowlist.test.ts
[22m[39mKnowledgeGraph Schema Initialized.

 [32m✓[39m src/line/bot-message-context.test.ts [2m([22m[2m3 tests[22m[2m)[22m[32m 12[2mms[22m[39m
 [32m✓[39m src/agents/ernos-tools.subagents.sessions-spawn.allowlist.test.ts [2m([22m[2m5 tests[22m[2m)[22m[32m 12[2mms[22m[39m
 [32m✓[39m src/infra/retry.test.ts [2m([22m[2m9 tests[22m[2m)[22m[32m 11[2mms[22m[39m
 [32m✓[39m src/commands/sessions.model-resolution.test.ts [2m([22m[2m2 tests[22m[2m)[22m[32m 14[2mms[22m[39m
 [32m✓[39m src/infra/push-apns.test.ts [2m([22m[2m8 tests[22m[2m)[22m[32m 12[2mms[22m[39m
 [32m✓[39m src/agents/model-selection.test.ts [2m([22m[2m31 tests[22m[2m)[22m[32m 12[2mms[22m[39m
 [32m✓[39m src/slack/send.blocks.test.ts [2m([22m[2m12 tests[22m[2m)[22m[32m 12[2mms[22m[39m
 [32m✓[39m src/commands/onboard-custom.test.ts [2m([22m[2m16 tests[22m[2m)[22m[32m 11[2mms[22m[39m
 [32m✓[39m src/infra/dotenv.test.ts [2m([22m[2m3 tests[22m[2m)[22m[32m 9[2mms[22m[39m
 [32m✓[39m src/agents/models-config.providers.nvidia.test.ts [2m([22m[2m8 tests[22m[2m)[22m[32m 11[2mms[22m[39m
 [32m✓[39m src/agents/sandbox/browser.create.test.ts [2m([22m[2m2 tests[22m[2m)[22m[32m 12[2mms[22m[39m
 [32m✓[39m src/telegram/bot-message-context.sender-prefix.test.ts [2m([22m[2m3 tests[22m[2m)[22m[32m 12[2mms[22m[39m
 [32m✓[39m src/config/legacy-migrate.test.ts [2m([22m[2m5 tests[22m[2m)[22m[32m 12[2mms[22m[39m
 [32m✓[39m src/hooks/frontmatter.test.ts [2m([22m[2m20 tests[22m[2m)[22m[32m 12[2mms[22m[39m
 [32m✓[39m src/browser/pw-tools-core.interactions.evaluate.abort.test.ts [2m([22m[2m2 tests[22m[2m)[22m[32m 12[2mms[22m[39m
[90mstdout[2m | src/memory/working.test.ts[2m > [22m[2mWorkingMemory[2m > [22m[2mtriggers consolidation when buffer exceeds maxTurns
[22m[39m[WorkingMemory] Consolidated 6 turns to free up buffer space.

 [32m✓[39m src/memory/working.test.ts [2m([22m[2m8 tests[22m[2m)[22m[32m 11[2mms[22m[39m
 [32m✓[39m src/agents/auth-profiles.chutes.test.ts [2m([22m[2m1 test[22m[2m)[22m[32m 14[2mms[22m[39m
 [32m✓[39m src/markdown/ir.blockquote-spacing.test.ts [2m([22m[2m19 tests[22m[2m)[22m[32m 13[2mms[22m[39m
 [32m✓[39m src/markdown/ir.hr-spacing.test.ts [2m([22m[2m13 tests[22m[2m)[22m[32m 12[2mms[22m[39m
 [32m✓[39m src/cli/gateway-cli/run-loop.test.ts [2m([22m[2m8 tests[22m[2m)[22m[32m 12[2mms[22m[39m
 [32m✓[39m src/config/sessions/disk-budget.test.ts [2m([22m[2m2 tests[22m[2m)[22m[32m 11[2mms[22m[39m
[90mstdout[2m | src/telegram/bot-native-commands.test.ts
[22m[39m[MemoryStore] Initializing the Five-Tier Central Nervous System...
KnowledgeGraph connected to Neo4j successfully.

[90mstdout[2m | src/telegram/bot-native-commands.test.ts
[22m[39mKnowledgeGraph Schema Initialized.

 [32m✓[39m src/canvas-host/server.state-dir.test.ts [2m([22m[2m1 test[22m[2m)[22m[32m 9[2mms[22m[39m
 [32m✓[39m src/auto-reply/commands-registry.test.ts [2m([22m[2m19 tests[22m[2m)[22m[32m 12[2mms[22m[39m
 [32m✓[39m src/agents/tools/nodes-utils.test.ts [2m([22m[2m5 tests[22m[2m)[22m[32m 11[2mms[22m[39m
 [32m✓[39m src/media/store.redirect.test.ts [2m([22m[2m2 tests[22m[2m)[22m[32m 11[2mms[22m[39m
 [32m✓[39m src/telegram/bot/delivery.resolve-media-retry.test.ts [2m([22m[2m11 tests[22m[2m)[22m[32m 12[2mms[22m[39m
 [32m✓[39m src/telegram/bot-native-commands.test.ts [2m([22m[2m6 tests[22m[2m)[22m[32m 12[2mms[22m[39m
[90mstdout[2m | src/agents/system-prompt.test.ts
[22m[39m[MemoryStore] Initializing the Five-Tier Central Nervous System...
KnowledgeGraph connected to Neo4j successfully.

[90mstdout[2m | src/agents/system-prompt.test.ts
[22m[39mKnowledgeGraph Schema Initialized.

 [32m✓[39m src/cli/gateway-cli/register.option-collisions.test.ts [2m([22m[2m2 tests[22m[2m)[22m[32m 13[2mms[22m[39m
 [32m✓[39m src/plugins/tools.optional.test.ts [2m([22m[2m6 tests[22m[2m)[22m[32m 11[2mms[22m[39m
 [32m✓[39m src/agents/tools/discord-actions.test.ts [2m([22m[2m37 tests[22m[2m)[22m[32m 13[2mms[22m[39m
 [32m✓[39m src/memory/outreach.test.ts [2m([22m[2m12 tests[22m[2m)[22m[32m 11[2mms[22m[39m
 [32m✓[39m src/commands/doctor-legacy-config.migrations.test.ts [2m([22m[2m15 tests[22m[2m)[22m[32m 12[2mms[22m[39m
 [32m✓[39m src/infra/heartbeat-wake.test.ts [2m([22m[2m13 tests[22m[2m)[22m[32m 11[2mms[22m[39m
 [32m✓[39m src/agents/system-prompt.test.ts [2m([22m[2m41 tests[22m[2m)[22m[32m 12[2mms[22m[39m
 [32m✓[39m src/telegram/token.test.ts [2m([22m[2m7 tests[22m[2m)[22m[32m 8[2mms[22m[39m
 [32m✓[39m src/auto-reply/reply/post-compaction-context.test.ts [2m([22m[2m10 tests[22m[2m)[22m[32m 12[2mms[22m[39m
 [32m✓[39m src/imessage/send.test.ts [2m([22m[2m10 tests[22m[2m)[22m[32m 10[2mms[22m[39m
 [32m✓[39m src/config/config.schema-regressions.test.ts [2m([22m[2m9 tests[22m[2m)[22m[32m 10[2mms[22m[39m
 [32m✓[39m src/scripts/canvas-a2ui-copy.test.ts [2m([22m[2m3 tests[22m[2m)[22m[32m 13[2mms[22m[39m
 [32m✓[39m src/slack/monitor/events/interactions.test.ts [2m([22m[2m18 tests[22m[2m)[22m[32m 10[2mms[22m[39m
 [32m✓[39m src/infra/restart-sentinel.test.ts [2m([22m[2m7 tests[22m[2m)[22m[32m 10[2mms[22m[39m
 [32m✓[39m src/cli/program/register.message.test.ts [2m([22m[2m2 tests[22m[2m)[22m[32m 12[2mms[22m[39m
 [32m✓[39m src/memory/temporal-decay.test.ts [2m([22m[2m6 tests[22m[2m)[22m[32m 10[2mms[22m[39m
 [32m✓[39m src/agents/pi-embedded-subscribe.subscribe-embedded-pi-session.splits-long-single-line-fenced-blocks-reopen.test.ts [2m([22m[2m4 tests[22m[2m)[22m[32m 13[2mms[22m[39m
 [32m✓[39m src/agents/tools/telegram-actions.test.ts [2m([22m[2m37 tests[22m[2m)[22m[32m 11[2mms[22m[39m
 [32m✓[39m src/agents/pi-embedded-runner/extra-params.openrouter-cache-control.test.ts [2m([22m[2m4 tests[22m[2m)[22m[32m 11[2mms[22m[39m
[90mstdout[2m | src/commands/channels.adds-non-default-telegram-account.test.ts
[22m[39m[MemoryStore] Initializing the Five-Tier Central Nervous System...
KnowledgeGraph connected to Neo4j successfully.

 [32m✓[39m src/agents/models-config.normalizes-gemini-3-ids-preview-google-providers.test.ts [2m([22m[2m1 test[22m[2m)[22m[32m 10[2mms[22m[39m
[90mstdout[2m | src/commands/channels.adds-non-default-telegram-account.test.ts
[22m[39mKnowledgeGraph Schema Initialized.

 [32m✓[39m src/agents/pi-tool-definition-adapter.test.ts [2m([22m[2m4 tests[22m[2m)[22m[32m 11[2mms[22m[39m
 [32m✓[39m src/config/paths.test.ts [2m([22m[2m10 tests[22m[2m)[22m[32m 10[2mms[22m[39m
 [32m✓[39m src/tts/tts.test.ts [2m([22m[2m19 tests[22m[2m)[22m[32m 11[2mms[22m[39m
 [32m✓[39m src/memory/session-files.test.ts [2m([22m[2m3 tests[22m[2m)[22m[32m 11[2mms[22m[39m
 [32m✓[39m src/config/config.sandbox-docker.test.ts [2m([22m[2m20 tests[22m[2m)[22m[32m 12[2mms[22m[39m
[90mstdout[2m | src/commands/agents.identity.test.ts
[22m[39m[MemoryStore] Initializing the Five-Tier Central Nervous System...
KnowledgeGraph connected to Neo4j successfully.

 [32m✓[39m src/commands/channels.adds-non-default-telegram-account.test.ts [2m([22m[2m21 tests[22m[2m)[22m[32m 11[2mms[22m[39m
[90mstdout[2m | src/commands/agents.identity.test.ts
[22m[39mKnowledgeGraph Schema Initialized.

 [32m✓[39m src/agents/sandbox/config-hash.test.ts [2m([22m[2m9 tests[22m[2m)[22m[32m 10[2mms[22m[39m
[90mstdout[2m | src/commands/auth-choice.moonshot.test.ts
[22m[39m[MemoryStore] Initializing the Five-Tier Central Nervous System...
KnowledgeGraph connected to Neo4j successfully.

[90mstdout[2m | src/commands/auth-choice.moonshot.test.ts
[22m[39mKnowledgeGraph Schema Initialized.

 [32m✓[39m src/memory/salience.test.ts [2m([22m[2m13 tests[22m[2m)[22m[32m 9[2mms[22m[39m
[90mstdout[2m | src/infra/exec-approval-forwarder.test.ts
[22m[39m[MemoryStore] Initializing the Five-Tier Central Nervous System...
KnowledgeGraph connected to Neo4j successfully.

[90mstdout[2m | src/infra/exec-approval-forwarder.test.ts
[22m[39mKnowledgeGraph Schema Initialized.

 [32m✓[39m src/cli/program/register.setup.test.ts [2m([22m[2m4 tests[22m[2m)[22m[32m 10[2mms[22m[39m
 [32m✓[39m src/cli/exec-approvals-cli.test.ts [2m([22m[2m3 tests[22m[2m)[22m[32m 9[2mms[22m[39m
[90mstdout[2m | src/web/login.coverage.test.ts[2m > [22m[2mloginWeb coverage[2m > [22m[2mrestarts once when WhatsApp requests code 515
[22m[39mWhatsApp asked for a restart after pairing (code 515); creds are saved. Restarting connection once…

[90mstdout[2m | src/web/login.coverage.test.ts[2m > [22m[2mloginWeb coverage[2m > [22m[2mrestarts once when WhatsApp requests code 515
[22m[39m✅ Linked after restart; web session ready.

 [32m✓[39m src/web/login.coverage.test.ts [2m([22m[2m3 tests[22m[2m)[22m[32m 11[2mms[22m[39m
 [32m✓[39m src/agents/pi-embedded-runner/run.overflow-compaction.test.ts [2m([22m[2m4 tests[22m[2m)[22m[32m 11[2mms[22m[39m
[90mstdout[2m | src/infra/outbound/message-action-runner.threading.test.ts
[22m[39m[MemoryStore] Initializing the Five-Tier Central Nervous System...
KnowledgeGraph connected to Neo4j successfully.

 [32m✓[39m src/hooks/gmail-setup-utils.test.ts [2m([22m[2m3 tests[22m[2m)[22m[32m 7[2mms[22m[39m
 [32m✓[39m src/telegram/send.proxy.test.ts [2m([22m[2m3 tests[22m[2m)[22m[32m 10[2mms[22m[39m
[90mstdout[2m | src/infra/outbound/message-action-runner.threading.test.ts
[22m[39mKnowledgeGraph Schema Initialized.

 [32m✓[39m src/channels/plugins/account-helpers.test.ts [2m([22m[2m11 tests[22m[2m)[22m[32m 10[2mms[22m[39m
 [32m✓[39m src/signal/format.links.test.ts [2m([22m[2m3 tests[22m[2m)[22m[32m 10[2mms[22m[39m
 [32m✓[39m src/commands/agent/session-store.test.ts [2m([22m[2m1 test[22m[2m)[22m[32m 8[2mms[22m[39m
[90mstdout[2m | src/agents/ernos-tools.subagents.sessions-spawn.cron-note.test.ts
[22m[39m[MemoryStore] Initializing the Five-Tier Central Nervous System...
KnowledgeGraph connected to Neo4j successfully.

 [32m✓[39m src/infra/net/ssrf.pinning.test.ts [2m([22m[2m15 tests[22m[2m)[22m[32m 9[2mms[22m[39m
[90mstdout[2m | src/agents/ernos-tools.subagents.sessions-spawn.cron-note.test.ts
[22m[39mKnowledgeGraph Schema Initialized.

 [32m✓[39m src/infra/outbound/message-action-runner.threading.test.ts [2m([22m[2m7 tests[22m[2m)[22m[32m 9[2mms[22m[39m
 [32m✓[39m src/infra/restart.test.ts [2m([22m[2m4 tests[22m[2m)[22m[32m 10[2mms[22m[39m
 [32m✓[39m src/agents/ernos-tools.subagents.sessions-spawn.cron-note.test.ts [2m([22m[2m4 tests[22m[2m)[22m[32m 10[2mms[22m[39m
 [32m✓[39m src/commands/auth-choice.moonshot.test.ts [2m([22m[2m2 tests[22m[2m)[22m[32m 12[2mms[22m[39m
 [32m✓[39m src/infra/exec-approval-forwarder.test.ts [2m([22m[2m12 tests[22m[2m)[22m[32m 10[2mms[22m[39m
 [32m✓[39m src/agents/pi-embedded-subscribe.subscribe-embedded-pi-session.does-not-call-onblockreplyflush-callback-is-not.test.ts [2m([22m[2m1 test[22m[2m)[22m[32m 9[2mms[22m[39m
 [32m✓[39m src/memory/reconciler.test.ts [2m([22m[2m5 tests[22m[2m)[22m[32m 10[2mms[22m[39m
 [32m✓[39m src/commands/agents.identity.test.ts [2m([22m[2m7 tests[22m[2m)[22m[32m 11[2mms[22m[39m
 [32m✓[39m src/memory/qmd-query-parser.test.ts [2m([22m[2m6 tests[22m[2m)[22m[32m 9[2mms[22m[39m
 [32m✓[39m src/agents/workspace-templates.test.ts [2m([22m[2m2 tests[22m[2m)[22m[32m 10[2mms[22m[39m
 [32m✓[39m src/agents/auth-profiles.runtime-snapshot-save.test.ts [2m([22m[2m1 test[22m[2m)[22m[32m 10[2mms[22m[39m
 [32m✓[39m src/agents/shell-utils.test.ts [2m([22m[2m11 tests[22m[2m)[22m[32m 10[2mms[22m[39m
 [32m✓[39m src/browser/server-context.remote-tab-ops.test.ts [2m([22m[2m9 tests[22m[2m)[22m[32m 10[2mms[22m[39m
 [32m✓[39m src/memory/timeline.test.ts [2m([22m[2m6 tests[22m[2m)[22m[32m 8[2mms[22m[39m
 [32m✓[39m src/agents/pi-tool-definition-adapter.after-tool-call.test.ts [2m([22m[2m4 tests[22m[2m)[22m[32m 9[2mms[22m[39m
 [32m✓[39m src/media/mime.test.ts [2m([22m[2m40 tests[22m[2m)[22m[32m 10[2mms[22m[39m
 [32m✓[39m src/tui/components/chat-log.test.ts [2m([22m[2m3 tests[22m[2m)[22m[32m 11[2mms[22m[39m
 [32m✓[39m src/agents/agent-paths.test.ts [2m([22m[2m4 tests[22m[2m)[22m[32m 5[2mms[22m[39m
 [32m✓[39m src/agents/skills.e2e-test-helpers.test.ts [2m([22m[2m3 tests[22m[2m)[22m[32m 10[2mms[22m[39m
 [32m✓[39m src/agents/auth-health.test.ts [2m([22m[2m3 tests[22m[2m)[22m[32m 10[2mms[22m[39m
 [32m✓[39m src/infra/tailscale.test.ts [2m([22m[2m12 tests[22m[2m)[22m[32m 10[2mms[22m[39m
 [32m✓[39m src/infra/exec-approvals-allow-always.test.ts [2m([22m[2m11 tests[22m[2m)[22m[32m 10[2mms[22m[39m
[90mstdout[2m | src/agents/ollama-stream.test.ts[2m > [22m[2mcreateOllamaStreamFn[2m > [22m[2mnormalizes /v1 baseUrl and maps maxTokens + signal
[22m[39m[ollama-debug] Last user msg content type: string, imageCount: 0

[90mstdout[2m | src/agents/ollama-stream.test.ts[2m > [22m[2mcreateOllamaStreamFn[2m > [22m[2maccumulates reasoning chunks when content is empty
[22m[39m[ollama-debug] Last user msg content type: string, imageCount: 0

 [32m✓[39m src/agents/ollama-stream.test.ts [2m([22m[2m20 tests[22m[2m)[22m[32m 10[2mms[22m[39m
 [32m✓[39m src/memory/lessons.test.ts [2m([22m[2m8 tests[22m[2m)[22m[32m 9[2mms[22m[39m
 [32m✓[39m src/cli/browser-cli-state.option-collisions.test.ts [2m([22m[2m9 tests[22m[2m)[22m[32m 7[2mms[22m[39m
 [32m✓[39m src/agents/compaction.retry.test.ts [2m([22m[2m5 tests[22m[2m)[22m[32m 10[2mms[22m[39m
 [32m✓[39m src/agents/tools/browser-tool.test.ts [2m([22m[2m15 tests[22m[2m)[22m[32m 9[2mms[22m[39m
 [32m✓[39m test/scripts/check-channel-agnostic-boundaries.test.ts [2m([22m[2m11 tests[22m[2m)[22m[32m 9[2mms[22m[39m
 [32m✓[39m src/media-understanding/providers/openai/audio.test.ts [2m([22m[2m3 tests[22m[2m)[22m[32m 8[2mms[22m[39m
 [32m✓[39m src/browser/chrome-extension-background-utils.test.ts [2m([22m[2m9 tests[22m[2m)[22m[32m 8[2mms[22m[39m
 [32m✓[39m src/config/thread-bindings-config-keys.test.ts [2m([22m[2m5 tests[22m[2m)[22m[32m 11[2mms[22m[39m
 [32m✓[39m src/channels/plugins/onboarding/helpers.test.ts [2m([22m[2m50 tests[22m[2m)[22m[32m 9[2mms[22m[39m
 [32m✓[39m src/memory/goals.test.ts [2m([22m[2m9 tests[22m[2m)[22m[32m 9[2mms[22m[39m
 [32m✓[39m src/agents/pi-embedded-subscribe.handlers.tools.test.ts [2m([22m[2m10 tests[22m[2m)[22m[32m 10[2mms[22m[39m
 [32m✓[39m src/agents/tool-display.test.ts [2m([22m[2m20 tests[22m[2m)[22m[32m 10[2mms[22m[39m
 [32m✓[39m src/infra/unhandled-rejections.fatal-detection.test.ts [2m([22m[2m5 tests[22m[2m)[22m[32m 10[2mms[22m[39m
 [32m✓[39m src/slack/send.upload.test.ts [2m([22m[2m4 tests[22m[2m)[22m[32m 9[2mms[22m[39m
 [32m✓[39m src/browser/pw-tools-core.interactions.set-input-files.test.ts [2m([22m[2m2 tests[22m[2m)[22m[32m 8[2mms[22m[39m
│
◇  Auth profiles ──────────────────────────────────────────────────────────╮
│                                                                          │
│  Deprecated external CLI auth profiles detected (no longer supported):   │
│  - anthropic:claude-cli (Anthropic): use setup-token → ernos models      │
│    auth setup-token                                                      │
│  - openai-codex:codex-cli (OpenAI Codex): use OAuth → ernos models auth  │
│    login --provider openai-codex                                         │
│                                                                          │
├──────────────────────────────────────────────────────────────────────────╯
│
◇  Doctor changes ───────────────────────────────╮
│                                                │
│  - removed anthropic:claude-cli from config    │
│  - removed openai-codex:codex-cli from config  │
│                                                │
├────────────────────────────────────────────────╯
 [32m✓[39m src/commands/doctor-auth.deprecated-cli-profiles.test.ts [2m([22m[2m1 test[22m[2m)[22m[32m 9[2mms[22m[39m
[90mstdout[2m | src/agents/ernos-tools.subagents.sessions-spawn-depth-limits.test.ts
[22m[39m[MemoryStore] Initializing the Five-Tier Central Nervous System...
KnowledgeGraph connected to Neo4j successfully.

[90mstdout[2m | src/agents/tools/message-tool.test.ts
[22m[39m[MemoryStore] Initializing the Five-Tier Central Nervous System...
KnowledgeGraph connected to Neo4j successfully.

 [32m✓[39m src/agents/pi-embedded-runner.sanitize-session-history.policy.test.ts [2m([22m[2m3 tests[22m[2m)[22m[32m 12[2mms[22m[39m
 [32m✓[39m src/line/send.test.ts [2m([22m[2m8 tests[22m[2m)[22m[32m 10[2mms[22m[39m
[90mstdout[2m | src/agents/ernos-tools.subagents.sessions-spawn-depth-limits.test.ts
[22m[39mKnowledgeGraph Schema Initialized.

[90mstdout[2m | src/agents/tools/message-tool.test.ts
[22m[39mKnowledgeGraph Schema Initialized.

 [32m✓[39m src/test-helpers/state-dir-env.test.ts [2m([22m[2m4 tests[22m[2m)[22m[32m 9[2mms[22m[39m
 [32m✓[39m src/agents/pi-embedded-runner/run/payloads.errors.test.ts [2m([22m[2m28 tests[22m[2m)[22m[32m 10[2mms[22m[39m
[90mstdout[2m | src/infra/outbound/targets.test.ts
[22m[39m[MemoryStore] Initializing the Five-Tier Central Nervous System...
KnowledgeGraph connected to Neo4j successfully.

[90mstdout[2m | src/infra/outbound/targets.test.ts
[22m[39mKnowledgeGraph Schema Initialized.

 [32m✓[39m src/discord/monitor/model-picker.test.ts [2m([22m[2m24 tests[22m[2m)[22m[32m 9[2mms[22m[39m
 [32m✓[39m src/infra/install-flow.test.ts [2m([22m[2m5 tests[22m[2m)[22m[32m 14[2mms[22m[39m
 [32m✓[39m src/line/bot-handlers.test.ts [2m([22m[2m5 tests[22m[2m)[22m[32m 16[2mms[22m[39m
 [32m✓[39m src/config/telegram-webhook-secret.test.ts [2m([22m[2m4 tests[22m[2m)[22m[32m 8[2mms[22m[39m
 [32m✓[39m src/agents/pi-embedded-runner/extra-params.zai-tool-stream.test.ts [2m([22m[2m3 tests[22m[2m)[22m[32m 8[2mms[22m[39m
 [32m✓[39m src/memory/knowledge-graph/quarantine.test.ts [2m([22m[2m8 tests[22m[2m)[22m[32m 9[2mms[22m[39m
 [32m✓[39m src/agents/ernos-tools.subagents.sessions-spawn-depth-limits.test.ts [2m([22m[2m8 tests[22m[2m)[22m[32m 10[2mms[22m[39m
 [32m✓[39m src/memory/calendar.test.ts [2m([22m[2m7 tests[22m[2m)[22m[32m 8[2mms[22m[39m
 [32m✓[39m src/agents/tools/message-tool.test.ts [2m([22m[2m12 tests[22m[2m)[22m[32m 11[2mms[22m[39m
 [32m✓[39m src/process/supervisor/adapters/pty.test.ts [2m([22m[2m9 tests[22m[2m)[22m[32m 10[2mms[22m[39m
 [32m✓[39m src/infra/provider-usage.fetch.claude.test.ts [2m([22m[2m9 tests[22m[2m)[22m[32m 8[2mms[22m[39m
 [32m✓[39m src/cron/service.issue-13992-regression.test.ts [2m([22m[2m5 tests[22m[2m)[22m[32m 8[2mms[22m[39m
 [32m✓[39m src/signal/format.visual.test.ts [2m([22m[2m7 tests[22m[2m)[22m[32m 8[2mms[22m[39m
 [32m✓[39m src/acp/client.test.ts [2m([22m[2m26 tests[22m[2m)[22m[32m 8[2mms[22m[39m
 [32m✓[39m src/discord/monitor/provider.lifecycle.test.ts [2m([22m[2m5 tests[22m[2m)[22m[32m 8[2mms[22m[39m
 [32m✓[39m src/infra/outbound/targets.test.ts [2m([22m[2m47 tests[22m[2m)[22m[32m 11[2mms[22m[39m
 [32m✓[39m src/markdown/frontmatter.test.ts [2m([22m[2m5 tests[22m[2m)[22m[32m 8[2mms[22m[39m
[90mstdout[2m | src/commands/models/list.status.test.ts
[22m[39m[MemoryStore] Initializing the Five-Tier Central Nervous System...
KnowledgeGraph connected to Neo4j successfully.

[90mstdout[2m | src/signal/monitor.tool-result.pairs-uuid-only-senders-uuid-allowlist-entry.test.ts
[22m[39m[MemoryStore] Initializing the Five-Tier Central Nervous System...
KnowledgeGraph connected to Neo4j successfully.

 [32m✓[39m src/media-understanding/runner.deepgram.test.ts [2m([22m[2m1 test[22m[2m)[22m[32m 9[2mms[22m[39m
[90mstdout[2m | src/commands/models/list.status.test.ts
[22m[39mKnowledgeGraph Schema Initialized.

 [32m✓[39m src/cli/program/command-registry.test.ts [2m([22m[2m9 tests[22m[2m)[22m[32m 8[2mms[22m[39m
[90mstdout[2m | src/signal/monitor.tool-result.pairs-uuid-only-senders-uuid-allowlist-entry.test.ts
[22m[39mKnowledgeGraph Schema Initialized.

 [32m✓[39m src/commands/auth-choice.apply-helpers.test.ts [2m([22m[2m12 tests[22m[2m)[22m[32m 8[2mms[22m[39m
[90mstdout[2m | src/commands/message.test.ts
[22m[39m[MemoryStore] Initializing the Five-Tier Central Nervous System...
KnowledgeGraph connected to Neo4j successfully.

 [32m✓[39m src/infra/git-root.test.ts [2m([22m[2m4 tests[22m[2m)[22m[32m 8[2mms[22m[39m
 [32m✓[39m src/signal/monitor.tool-result.pairs-uuid-only-senders-uuid-allowlist-entry.test.ts [2m([22m[2m2 tests[22m[2m)[22m[32m 11[2mms[22m[39m
 [32m✓[39m src/config/config.secrets-schema.test.ts [2m([22m[2m8 tests[22m[2m)[22m[32m 9[2mms[22m[39m
[90mstdout[2m | src/commands/message.test.ts
[22m[39mKnowledgeGraph Schema Initialized.

 [32m✓[39m src/infra/control-ui-assets.test.ts [2m([22m[2m9 tests[22m[2m)[22m[32m 9[2mms[22m[39m
 [32m✓[39m src/agents/skills/plugin-skills.test.ts [2m([22m[2m2 tests[22m[2m)[22m[32m 7[2mms[22m[39m
 [32m✓[39m src/cli/program.force.test.ts [2m([22m[2m9 tests[22m[2m)[22m[32m 8[2mms[22m[39m
 [32m✓[39m test/scripts/check-no-random-messaging-tmp.test.ts [2m([22m[2m5 tests[22m[2m)[22m[32m 7[2mms[22m[39m
 [32m✓[39m src/infra/exec-approvals-parity.test.ts [2m([22m[2m20 tests[22m[2m)[22m[32m 8[2mms[22m[39m
 [32m✓[39m src/daemon/launchd.test.ts [2m([22m[2m16 tests[22m[2m)[22m[32m 8[2mms[22m[39m
 [32m✓[39m src/agents/tools/sessions.test.ts [2m([22m[2m11 tests[22m[2m)[22m[32m 9[2mms[22m[39m
[90mstdout[2m | src/security/salt-rotation.test.ts[2m > [22m[2mSaltRotationDaemon[2m > [22m[2mrotateSalt creates a new salt file
[22m[39m[Security] Initiating cryptographic salt rotation...
[Security] Salt rotation complete. NOTE: PII hash migration deferred.

[90mstdout[2m | src/security/salt-rotation.test.ts[2m > [22m[2mSaltRotationDaemon[2m > [22m[2mrotateSalt backs up old salt
[22m[39m[Security] Initiating cryptographic salt rotation...
[Security] Salt rotation complete. NOTE: PII hash migration deferred.

[90mstdout[2m | src/security/salt-rotation.test.ts[2m > [22m[2mSaltRotationDaemon[2m > [22m[2mrotateSalt backs up old salt
[22m[39m[Security] Initiating cryptographic salt rotation...
[Security] Backed up old salt to /var/folders/tg/68mp4m652f995jt41lk0_h2r0000gn/T/salt-test-sb7ha5/crypto.salt.bak
[Security] Salt rotation complete. NOTE: PII hash migration deferred.

[90mstdout[2m | src/security/salt-rotation.test.ts[2m > [22m[2mSaltRotationDaemon[2m > [22m[2mhashPII produces deterministic HMAC for same input/salt
[22m[39m[Security] Initiating cryptographic salt rotation...
[Security] Salt rotation complete. NOTE: PII hash migration deferred.

[90mstdout[2m | src/security/salt-rotation.test.ts[2m > [22m[2mSaltRotationDaemon[2m > [22m[2mhashPII produces different hashes for different inputs
[22m[39m[Security] Initiating cryptographic salt rotation...
[Security] Salt rotation complete. NOTE: PII hash migration deferred.

[90mstdout[2m | src/security/salt-rotation.test.ts[2m > [22m[2mSaltRotationDaemon[2m > [22m[2mhashPII auto-creates salt if missing
[22m[39m[Security] Initiating cryptographic salt rotation...
[Security] Salt rotation complete. NOTE: PII hash migration deferred.

 [32m✓[39m src/security/salt-rotation.test.ts [2m([22m[2m5 tests[22m[2m)[22m[32m 7[2mms[22m[39m
 [32m✓[39m src/commands/models/list.status.test.ts [2m([22m[2m7 tests[22m[2m)[22m[32m 9[2mms[22m[39m
 [32m✓[39m src/agents/pi-embedded-subscribe.handlers.tools.media.test.ts [2m([22m[2m10 tests[22m[2m)[22m[32m 8[2mms[22m[39m
 [32m✓[39m src/infra/device-identity.state-dir.test.ts [2m([22m[2m1 test[22m[2m)[22m[32m 8[2mms[22m[39m
 [32m✓[39m src/markdown/ir.table-code.test.ts [2m([22m[2m4 tests[22m[2m)[22m[32m 7[2mms[22m[39m
[90mstdout[2m | src/auto-reply/reply/commands-session-lifecycle.test.ts
[22m[39m[MemoryStore] Initializing the Five-Tier Central Nervous System...
KnowledgeGraph connected to Neo4j successfully.

[90mstdout[2m | src/plugins/voice-call.plugin.test.ts
[22m[39m[MemoryStore] Initializing the Five-Tier Central Nervous System...
KnowledgeGraph connected to Neo4j successfully.

 [32m✓[39m src/tui/components/searchable-select-list.test.ts [2m([22m[2m19 tests[22m[2m)[22m[32m 9[2mms[22m[39m
 [32m✓[39m src/media-understanding/providers/deepgram/audio.test.ts [2m([22m[2m3 tests[22m[2m)[22m[32m 8[2mms[22m[39m
[90mstdout[2m | src/plugins/voice-call.plugin.test.ts
[22m[39mKnowledgeGraph Schema Initialized.

[90mstdout[2m | src/auto-reply/reply/commands-session-lifecycle.test.ts
[22m[39mKnowledgeGraph Schema Initialized.

 [32m✓[39m src/commands/sandbox.test.ts [2m([22m[2m19 tests[22m[2m)[22m[32m 8[2mms[22m[39m
 [32m✓[39m src/memory/tape-machine.test.ts [2m([22m[2m11 tests[22m[2m)[22m[32m 10[2mms[22m[39m
 [32m✓[39m test/scripts/check-no-raw-window-open.test.ts [2m([22m[2m4 tests[22m[2m)[22m[32m 7[2mms[22m[39m
 [32m✓[39m src/cli/update-cli.option-collisions.test.ts [2m([22m[2m2 tests[22m[2m)[22m[32m 8[2mms[22m[39m
 [32m✓[39m src/security/windows-acl.test.ts [2m([22m[2m35 tests[22m[2m)[22m[32m 7[2mms[22m[39m
 [32m✓[39m src/hooks/import-url.test.ts [2m([22m[2m7 tests[22m[2m)[22m[32m 5[2mms[22m[39m
 [32m✓[39m src/commands/message.test.ts [2m([22m[2m4 tests[22m[2m)[22m[32m 8[2mms[22m[39m
 [32m✓[39m src/plugins/voice-call.plugin.test.ts [2m([22m[2m7 tests[22m[2m)[22m[32m 9[2mms[22m[39m
 [32m✓[39m src/imessage/targets.test.ts [2m([22m[2m12 tests[22m[2m)[22m[32m 6[2mms[22m[39m
 [32m✓[39m src/auto-reply/reply/commands-session-lifecycle.test.ts [2m([22m[2m6 tests[22m[2m)[22m[32m 8[2mms[22m[39m
[90mstdout[2m | src/agents/ernos-tools.sessions-visibility.test.ts
[22m[39m[MemoryStore] Initializing the Five-Tier Central Nervous System...
KnowledgeGraph connected to Neo4j successfully.

[90mstdout[2m | src/agents/ernos-tools.sessions-visibility.test.ts
[22m[39mKnowledgeGraph Schema Initialized.

[90mstdout[2m | src/agents/pi-tools.message-provider-policy.test.ts
[22m[39m[MemoryStore] Initializing the Five-Tier Central Nervous System...
KnowledgeGraph connected to Neo4j successfully.

[90mstdout[2m | src/agents/pi-tools.message-provider-policy.test.ts
[22m[39mKnowledgeGraph Schema Initialized.

 [32m✓[39m src/config/slack-token-validation.test.ts [2m([22m[2m4 tests[22m[2m)[22m[32m 7[2mms[22m[39m
 [32m✓[39m src/config/config.dm-policy-alias.test.ts [2m([22m[2m4 tests[22m[2m)[22m[32m 8[2mms[22m[39m
 [32m✓[39m src/agents/pi-embedded-subscribe.lifecycle-billing-error.test.ts [2m([22m[2m1 test[22m[2m)[22m[32m 8[2mms[22m[39m
 [32m✓[39m src/config/config.web-search-provider.test.ts [2m([22m[2m14 tests[22m[2m)[22m[32m 8[2mms[22m[39m
 [32m✓[39m src/agents/pi-embedded-helpers.isbillingerrormessage.test.ts [2m([22m[2m41 tests[22m[2m)[22m[32m 8[2mms[22m[39m
 [32m✓[39m src/config/config.irc.test.ts [2m([22m[2m7 tests[22m[2m)[22m[32m 7[2mms[22m[39m
 [32m✓[39m src/plugins/cli.test.ts [2m([22m[2m1 test[22m[2m)[22m[32m 7[2mms[22m[39m
 [32m✓[39m src/cli/qr-cli.test.ts [2m([22m[2m8 tests[22m[2m)[22m[32m 8[2mms[22m[39m
[90mstdout[2m | src/agents/sessions-spawn-threadid.test.ts
[22m[39m[MemoryStore] Initializing the Five-Tier Central Nervous System...
KnowledgeGraph connected to Neo4j successfully.

 [32m✓[39m src/agents/ernos-tools.sessions-visibility.test.ts [2m([22m[2m3 tests[22m[2m)[22m[32m 8[2mms[22m[39m
[90mstdout[2m | test/integration/tools-registration.test.ts
[22m[39m[MemoryStore] Initializing the Five-Tier Central Nervous System...
KnowledgeGraph connected to Neo4j successfully.

[90mstdout[2m | src/agents/sessions-spawn-threadid.test.ts
[22m[39mKnowledgeGraph Schema Initialized.

 [32m✓[39m src/security/egress-filter.test.ts [2m([22m[2m10 tests[22m[2m)[22m[32m 7[2mms[22m[39m
[90mstdout[2m | test/integration/tools-registration.test.ts
[22m[39mKnowledgeGraph Schema Initialized.

 [32m✓[39m src/agents/sessions-spawn-threadid.test.ts [2m([22m[2m2 tests[22m[2m)[22m[32m 7[2mms[22m[39m
 [32m✓[39m src/routing/resolve-route.test.ts [2m([22m[2m35 tests[22m[2m)[22m[32m 8[2mms[22m[39m
 [32m✓[39m src/acp/translator.session-rate-limit.test.ts [2m([22m[2m4 tests[22m[2m)[22m[32m 7[2mms[22m[39m
 [32m✓[39m src/memory/query-expansion.test.ts [2m([22m[2m26 tests[22m[2m)[22m[32m 9[2mms[22m[39m
 [32m✓[39m src/config/slack-http-config.test.ts [2m([22m[2m4 tests[22m[2m)[22m[32m 7[2mms[22m[39m
 [32m✓[39m src/agents/pi-tools.message-provider-policy.test.ts [2m([22m[2m4 tests[22m[2m)[22m[32m 8[2mms[22m[39m
 [32m✓[39m src/logging/console-settings.test.ts [2m([22m[2m2 tests[22m[2m)[22m[32m 9[2mms[22m[39m
 [32m✓[39m src/line/webhook.test.ts [2m([22m[2m7 tests[22m[2m)[22m[32m 7[2mms[22m[39m
 [32m✓[39m src/infra/npm-pack-install.test.ts [2m([22m[2m10 tests[22m[2m)[22m[32m 6[2mms[22m[39m
 [32m✓[39m src/security/external-content.test.ts [2m([22m[2m33 tests[22m[2m)[22m[32m 7[2mms[22m[39m
 [32m✓[39m src/infra/net/ssrf.test.ts [2m([22m[2m9 tests[22m[2m)[22m[32m 7[2mms[22m[39m
[90mstdout[2m | src/agents/pi-tools.whatsapp-login-gating.test.ts
[22m[39m[MemoryStore] Initializing the Five-Tier Central Nervous System...
KnowledgeGraph connected to Neo4j successfully.

 [32m✓[39m src/infra/exec-safe-bin-runtime-policy.test.ts [2m([22m[2m16 tests[22m[2m)[22m[32m 7[2mms[22m[39m
[90mstdout[2m | src/agents/pi-tools.whatsapp-login-gating.test.ts
[22m[39mKnowledgeGraph Schema Initialized.

 [32m✓[39m src/agents/skills.summarize-skill-description.test.ts [2m([22m[2m1 test[22m[2m)[22m[32m 7[2mms[22m[39m
 [32m✓[39m src/cli/system-cli.test.ts [2m([22m[2m7 tests[22m[2m)[22m[32m 7[2mms[22m[39m
 [32m✓[39m src/media-understanding/providers/google/video.test.ts [2m([22m[2m2 tests[22m[2m)[22m[32m 6[2mms[22m[39m
 [32m✓[39m src/infra/bonjour-discovery.test.ts [2m([22m[2m4 tests[22m[2m)[22m[32m 6[2mms[22m[39m
 [32m✓[39m test/integration/tools-registration.test.ts [2m([22m[2m14 tests[22m[2m)[22m[32m 8[2mms[22m[39m
[90mstdout[2m | src/auto-reply/reply/directive-handling.model.test.ts
[22m[39m[MemoryStore] Initializing the Five-Tier Central Nervous System...
KnowledgeGraph connected to Neo4j successfully.

[90mstdout[2m | src/infra/system-events.test.ts
[22m[39m[MemoryStore] Initializing the Five-Tier Central Nervous System...
KnowledgeGraph connected to Neo4j successfully.

[90mstdout[2m | src/infra/system-events.test.ts
[22m[39mKnowledgeGraph Schema Initialized.

[90mstdout[2m | src/auto-reply/reply/directive-handling.model.test.ts
[22m[39mKnowledgeGraph Schema Initialized.

 [32m✓[39m src/line/webhook-node.test.ts [2m([22m[2m8 tests[22m[2m)[22m[32m 7[2mms[22m[39m
 [32m✓[39m src/infra/system-events.test.ts [2m([22m[2m7 tests[22m[2m)[22m[32m 8[2mms[22m[39m
 [32m✓[39m src/agents/pi-embedded-helpers.sanitizeuserfacingtext.test.ts [2m([22m[2m58 tests[22m[2m)[22m[32m 7[2mms[22m[39m
 [32m✓[39m src/agents/pi-tools.whatsapp-login-gating.test.ts [2m([22m[2m3 tests[22m[2m)[22m[32m 8[2mms[22m[39m
 [32m✓[39m src/cli/program/message/helpers.test.ts [2m([22m[2m10 tests[22m[2m)[22m[32m 7[2mms[22m[39m
 [32m✓[39m src/agents/pi-embedded-subscribe.subscribe-embedded-pi-session.emits-reasoning-as-separate-message-enabled.test.ts [2m([22m[2m5 tests[22m[2m)[22m[32m 7[2mms[22m[39m
[90mstdout[2m | src/telegram/bot-native-commands.plugin-auth.test.ts
[22m[39m[MemoryStore] Initializing the Five-Tier Central Nervous System...
KnowledgeGraph connected to Neo4j successfully.

 [32m✓[39m src/cron/service.issue-17852-daily-skip.test.ts [2m([22m[2m2 tests[22m[2m)[22m[32m 7[2mms[22m[39m
 [32m✓[39m src/auto-reply/chunk.test.ts [2m([22m[2m30 tests[22m[2m)[22m[32m 7[2mms[22m[39m
[90mstdout[2m | src/commands/agent.delivery.test.ts
[22m[39m[MemoryStore] Initializing the Five-Tier Central Nervous System...
KnowledgeGraph connected to Neo4j successfully.

[90mstdout[2m | src/telegram/bot-native-commands.plugin-auth.test.ts
[22m[39mKnowledgeGraph Schema Initialized.

 [32m✓[39m src/config/config.discord-presence.test.ts [2m([22m[2m5 tests[22m[2m)[22m[32m 7[2mms[22m[39m
[90mstdout[2m | src/commands/agent.delivery.test.ts
[22m[39mKnowledgeGraph Schema Initialized.

 [32m✓[39m src/auto-reply/reply/directive-handling.model.test.ts [2m([22m[2m10 tests[22m[2m)[22m[32m 7[2mms[22m[39m
 [32m✓[39m src/infra/exec-approvals-config.test.ts [2m([22m[2m9 tests[22m[2m)[22m[32m 7[2mms[22m[39m
 [32m✓[39m src/telegram/bot-native-commands.plugin-auth.test.ts [2m([22m[2m2 tests[22m[2m)[22m[32m 7[2mms[22m[39m
 [32m✓[39m src/config/config.hooks-module-paths.test.ts [2m([22m[2m4 tests[22m[2m)[22m[32m 7[2mms[22m[39m
 [32m✓[39m src/daemon/launchd.integration.test.ts [2m([22m[2m1 test[22m[2m)[22m[33m 45020[2mms[22m[39m
     [33m[2m✓[22m[39m restarts launchd service and keeps it running with a new pid [33m 45003[2mms[22m[39m
 [32m✓[39m src/media-understanding/providers/moonshot/video.test.ts [2m([22m[2m2 tests[22m[2m)[22m[32m 7[2mms[22m[39m
 [32m✓[39m src/agents/subagent-announce-queue.test.ts [2m([22m[2m4 tests[22m[2m)[22m[32m 7[2mms[22m[39m
 [32m✓[39m src/agents/model-fallback.probe.test.ts [2m([22m[2m12 tests[22m[2m)[22m[32m 7[2mms[22m[39m
 [32m✓[39m src/agents/openai-responses.reasoning-replay.test.ts [2m([22m[2m2 tests[22m[2m)[22m[32m 7[2mms[22m[39m
[90mstdout[2m | src/imessage/monitor.gating.test.ts
[22m[39m[MemoryStore] Initializing the Five-Tier Central Nervous System...
KnowledgeGraph connected to Neo4j successfully.

[90mstdout[2m | src/imessage/monitor.gating.test.ts
[22m[39mKnowledgeGraph Schema Initialized.

 [32m✓[39m src/agents/auth-profiles/usage.test.ts [2m([22m[2m37 tests[22m[2m)[22m[32m 7[2mms[22m[39m
 [32m✓[39m src/commands/agent.delivery.test.ts [2m([22m[2m10 tests[22m[2m)[22m[32m 7[2mms[22m[39m
[90mstdout[2m | src/agents/ernos-tools.subagents.sessions-spawn-default-timeout.test.ts
[22m[39m[MemoryStore] Initializing the Five-Tier Central Nervous System...
KnowledgeGraph connected to Neo4j successfully.

 [32m✓[39m src/agents/auth-profiles/session-override.test.ts [2m([22m[2m1 test[22m[2m)[22m[32m 7[2mms[22m[39m
[90mstdout[2m | src/agents/ernos-tools.subagents.sessions-spawn-default-timeout.test.ts
[22m[39mKnowledgeGraph Schema Initialized.

 [32m✓[39m src/security/dm-policy-shared.test.ts [2m([22m[2m48 tests[22m[2m)[22m[32m 6[2mms[22m[39m
 [32m✓[39m src/infra/provider-usage.fetch.minimax.test.ts [2m([22m[2m8 tests[22m[2m)[22m[32m 8[2mms[22m[39m
 [32m✓[39m src/tui/tui-event-handlers.test.ts [2m([22m[2m13 tests[22m[2m)[22m[32m 7[2mms[22m[39m
 [32m✓[39m src/browser/server-context.ensure-tab-available.prefers-last-target.test.ts [2m([22m[2m3 tests[22m[2m)[22m[32m 6[2mms[22m[39m
 [32m✓[39m src/browser/client-fetch.loopback-auth.test.ts [2m([22m[2m5 tests[22m[2m)[22m[32m 7[2mms[22m[39m
 [32m✓[39m src/cron/store.test.ts [2m([22m[2m3 tests[22m[2m)[22m[32m 7[2mms[22m[39m
 [32m✓[39m src/browser/pw-tools-core.waits-next-download-saves-it.test.ts [2m([22m[2m7 tests[22m[2m)[22m[32m 8[2mms[22m[39m
[90mstdout[2m | src/imessage/monitor/inbound-processing.test.ts
[22m[39m[MemoryStore] Initializing the Five-Tier Central Nervous System...
KnowledgeGraph connected to Neo4j successfully.

 [32m✓[39m src/imessage/monitor.gating.test.ts [2m([22m[2m9 tests[22m[2m)[22m[32m 7[2mms[22m[39m
 [32m✓[39m src/infra/exec-obfuscation-detect.test.ts [2m([22m[2m22 tests[22m[2m)[22m[32m 6[2mms[22m[39m
[90mstdout[2m | src/imessage/monitor/inbound-processing.test.ts
[22m[39mKnowledgeGraph Schema Initialized.

 [32m✓[39m src/browser/navigation-guard.test.ts [2m([22m[2m12 tests[22m[2m)[22m[32m 7[2mms[22m[39m
 [32m✓[39m src/infra/http-body.test.ts [2m([22m[2m9 tests[22m[2m)[22m[32m 5[2mms[22m[39m
 [32m✓[39m src/process/supervisor/adapters/child.test.ts [2m([22m[2m4 tests[22m[2m)[22m[32m 5[2mms[22m[39m
 [32m✓[39m src/process/kill-tree.test.ts [2m([22m[2m4 tests[22m[2m)[22m[32m 6[2mms[22m[39m
 [32m✓[39m src/daemon/service-env.test.ts [2m([22m[2m37 tests[22m[2m)[22m[32m 6[2mms[22m[39m
 [32m✓[39m src/agents/tools/discord-actions-presence.test.ts [2m([22m[2m18 tests[22m[2m)[22m[32m 6[2mms[22m[39m
 [32m✓[39m src/agents/ernos-tools.subagents.sessions-spawn-default-timeout.test.ts [2m([22m[2m2 tests[22m[2m)[22m[32m 5[2mms[22m[39m
 [32m✓[39m src/agents/session-tool-result-guard.test.ts [2m([22m[2m18 tests[22m[2m)[22m[32m 8[2mms[22m[39m
 [32m✓[39m src/imessage/monitor/inbound-processing.test.ts [2m([22m[2m4 tests[22m[2m)[22m[32m 7[2mms[22m[39m
 [32m✓[39m src/discord/monitor/provider.proxy.test.ts [2m([22m[2m3 tests[22m[2m)[22m[32m 7[2mms[22m[39m
 [32m✓[39m src/channels/plugins/plugins-channel.test.ts [2m([22m[2m21 tests[22m[2m)[22m[32m 6[2mms[22m[39m
 [32m✓[39m src/agents/models-config.providers.volcengine-byteplus.test.ts [2m([22m[2m3 tests[22m[2m)[22m[32m 7[2mms[22m[39m
 [32m✓[39m src/agents/pi-embedded-subscribe.subscribe-embedded-pi-session.streams-soft-chunks-paragraph-preference.test.ts [2m([22m[2m2 tests[22m[2m)[22m[32m 7[2mms[22m[39m
 [32m✓[39m src/cli/secrets-cli.test.ts [2m([22m[2m4 tests[22m[2m)[22m[32m 7[2mms[22m[39m
 [32m✓[39m src/media-understanding/providers/mistral/index.test.ts [2m([22m[2m3 tests[22m[2m)[22m[32m 7[2mms[22m[39m
 [32m✓[39m src/channels/plugins/onboarding/whatsapp.test.ts [2m([22m[2m8 tests[22m[2m)[22m[32m 7[2mms[22m[39m
 [32m✓[39m src/cli/logs-cli.test.ts [2m([22m[2m11 tests[22m[2m)[22m[32m 6[2mms[22m[39m
 [32m✓[39m src/infra/shell-env.test.ts [2m([22m[2m13 tests[22m[2m)[22m[32m 6[2mms[22m[39m
 [32m✓[39m src/config/normalize-paths.test.ts [2m([22m[2m1 test[22m[2m)[22m[32m 7[2mms[22m[39m
 [32m✓[39m src/agents/pi-embedded-subscribe.subscribe-embedded-pi-session.filters-final-suppresses-output-without-start-tag.test.ts [2m([22m[2m4 tests[22m[2m)[22m[32m 7[2mms[22m[39m
[90mstdout[2m | src/agents/pi-embedded-runner/run/attempt.test.ts
[22m[39m[MemoryStore] Initializing the Five-Tier Central Nervous System...
KnowledgeGraph connected to Neo4j successfully.

 [32m✓[39m src/commands/agent-via-gateway.test.ts [2m([22m[2m4 tests[22m[2m)[22m[32m 6[2mms[22m[39m
[90mstdout[2m | src/commands/agents.bind.commands.test.ts
[22m[39m[MemoryStore] Initializing the Five-Tier Central Nervous System...
KnowledgeGraph connected to Neo4j successfully.

[90mstdout[2m | src/agents/ernos-tools.agents.test.ts
[22m[39m[MemoryStore] Initializing the Five-Tier Central Nervous System...
KnowledgeGraph connected to Neo4j successfully.

[90mstdout[2m | src/agents/pi-embedded-runner/run/attempt.test.ts
[22m[39mKnowledgeGraph Schema Initialized.

[90mstdout[2m | src/agents/ernos-tools.agents.test.ts
[22m[39mKnowledgeGraph Schema Initialized.

[90mstdout[2m | src/commands/agents.bind.commands.test.ts
[22m[39mKnowledgeGraph Schema Initialized.

 [32m✓[39m src/commands/onboard-auth.config-core.kilocode.test.ts [2m([22m[2m16 tests[22m[2m)[22m[32m 6[2mms[22m[39m
 [32m✓[39m src/cli/program/register.subclis.test.ts [2m([22m[2m4 tests[22m[2m)[22m[32m 7[2mms[22m[39m
 [32m✓[39m src/cron/normalize.test.ts [2m([22m[2m24 tests[22m[2m)[22m[32m 7[2mms[22m[39m
 [32m✓[39m src/discord/monitor/thread-bindings.shared-state.test.ts [2m([22m[2m1 test[22m[2m)[22m[32m 8[2mms[22m[39m
 [32m✓[39m src/config/config.msteams.test.ts [2m([22m[2m2 tests[22m[2m)[22m[32m 5[2mms[22m[39m
[90mstdout[2m | src/auto-reply/reply.directive.parse.test.ts
[22m[39m[MemoryStore] Initializing the Five-Tier Central Nervous System...
KnowledgeGraph connected to Neo4j successfully.

 [32m✓[39m src/agents/pi-embedded-subscribe.subscribe-embedded-pi-session.does-not-emit-duplicate-block-replies-text.test.ts [2m([22m[2m5 tests[22m[2m)[22m[32m 7[2mms[22m[39m
[90mstdout[2m | src/auto-reply/reply.directive.parse.test.ts
[22m[39mKnowledgeGraph Schema Initialized.

 [32m✓[39m src/infra/tmp-ernos-dir.test.ts [2m([22m[2m11 tests[22m[2m)[22m[32m 7[2mms[22m[39m
 [32m✓[39m src/commands/onboarding/plugin-install.test.ts [2m([22m[2m5 tests[22m[2m)[22m[32m 7[2mms[22m[39m
 [32m✓[39m src/agents/pi-embedded-subscribe.subscribe-embedded-pi-session.reopens-fenced-blocks-splitting-inside-them.test.ts [2m([22m[2m2 tests[22m[2m)[22m[32m 6[2mms[22m[39m
 [32m✓[39m src/line/markdown-to-line.test.ts [2m([22m[2m18 tests[22m[2m)[22m[32m 6[2mms[22m[39m
 [32m✓[39m src/auto-reply/reply.directive.parse.test.ts [2m([22m[2m31 tests[22m[2m)[22m[32m 7[2mms[22m[39m
 [32m✓[39m src/browser/pw-session.test.ts [2m([22m[2m6 tests[22m[2m)[22m[32m 7[2mms[22m[39m
 [32m✓[39m src/commands/model-picker.test.ts [2m([22m[2m7 tests[22m[2m)[22m[32m 6[2mms[22m[39m
 [32m✓[39m src/agents/bash-tools.process.poll-timeout.test.ts [2m([22m[2m4 tests[22m[2m)[22m[32m 5[2mms[22m[39m
 [32m✓[39m src/auto-reply/reply/memory-flush.test.ts [2m([22m[2m2 tests[22m[2m)[22m[32m 6[2mms[22m[39m
 [32m✓[39m src/agents/pi-embedded-subscribe.reply-tags.test.ts [2m([22m[2m3 tests[22m[2m)[22m[32m 6[2mms[22m[39m
 [32m✓[39m src/web/accounts.whatsapp-auth.test.ts [2m([22m[2m4 tests[22m[2m)[22m[32m 7[2mms[22m[39m
 [32m✓[39m src/agents/ernos-tools.agents.test.ts [2m([22m[2m4 tests[22m[2m)[22m[32m 6[2mms[22m[39m
 [32m✓[39m src/logging/diagnostic.test.ts [2m([22m[2m4 tests[22m[2m)[22m[32m 6[2mms[22m[39m
 [32m✓[39m src/cli/nodes-cli/register.invoke.nodes-run-approval-timeout.test.ts [2m([22m[2m4 tests[22m[2m)[22m[32m 5[2mms[22m[39m
 [32m✓[39m src/commands/agents.bind.commands.test.ts [2m([22m[2m7 tests[22m[2m)[22m[32m 7[2mms[22m[39m
 [32m✓[39m src/discord/monitor/message-utils.test.ts [2m([22m[2m20 tests[22m[2m)[22m[32m 6[2mms[22m[39m
 [32m✓[39m src/agents/tools/memory-tool.citations.test.ts [2m([22m[2m8 tests[22m[2m)[22m[32m 6[2mms[22m[39m
 [32m✓[39m src/agents/acp-spawn.test.ts [2m([22m[2m5 tests[22m[2m)[22m[32m 6[2mms[22m[39m
 [32m✓[39m src/agents/observer/cognitive-loop.test.ts [2m([22m[2m10 tests[22m[2m)[22m[32m 6[2mms[22m[39m
 [32m✓[39m src/config/telegram-webhook-port.test.ts [2m([22m[2m3 tests[22m[2m)[22m[32m 6[2mms[22m[39m
 [32m✓[39m src/telegram/sendchataction-401-backoff.test.ts [2m([22m[2m7 tests[22m[2m)[22m[32m 5[2mms[22m[39m
 [32m✓[39m src/discord/send.webhook-activity.test.ts [2m([22m[2m1 test[22m[2m)[22m[32m 6[2mms[22m[39m
 [32m✓[39m src/link-understanding/detect.test.ts [2m([22m[2m10 tests[22m[2m)[22m[32m 5[2mms[22m[39m
[90mstdout[2m | src/auto-reply/reply/commands-context-report.test.ts
[22m[39m[MemoryStore] Initializing the Five-Tier Central Nervous System...
KnowledgeGraph connected to Neo4j successfully.

[90mstdout[2m | src/auto-reply/reply/commands-context-report.test.ts
[22m[39mKnowledgeGraph Schema Initialized.

 [32m✓[39m src/agents/pi-embedded-utils.test.ts [2m([22m[2m30 tests[22m[2m)[22m[32m 6[2mms[22m[39m
 [32m✓[39m src/infra/path-env.test.ts [2m([22m[2m5 tests[22m[2m)[22m[32m 6[2mms[22m[39m
 [32m✓[39m src/agents/pi-embedded-subscribe.subscribe-embedded-pi-session.keeps-indented-fenced-blocks-intact.test.ts [2m([22m[2m2 tests[22m[2m)[22m[32m 6[2mms[22m[39m
 [32m✓[39m src/agents/pi-embedded-runner/run/attempt.test.ts [2m([22m[2m8 tests[22m[2m)[22m[32m 5[2mms[22m[39m
 [32m✓[39m src/agents/tools/web-search.test.ts [2m([22m[2m37 tests[22m[2m)[22m[32m 6[2mms[22m[39m
 [32m✓[39m src/agents/pi-embedded-subscribe.subscribe-embedded-pi-session.keeps-assistanttexts-final-answer-block-replies-are.test.ts [2m([22m[2m2 tests[22m[2m)[22m[32m 6[2mms[22m[39m
 [32m✓[39m src/infra/exec-safe-bin-policy.test.ts [2m([22m[2m84 tests[22m[2m)[22m[32m 6[2mms[22m[39m
 [32m✓[39m src/test-utils/temp-home.test.ts [2m([22m[2m1 test[22m[2m)[22m[32m 5[2mms[22m[39m
 [32m✓[39m src/config/config.telegram-custom-commands.test.ts [2m([22m[2m2 tests[22m[2m)[22m[32m 6[2mms[22m[39m
 [32m✓[39m src/agents/tools/gateway.test.ts [2m([22m[2m11 tests[22m[2m)[22m[32m 6[2mms[22m[39m
 [32m✓[39m src/infra/ernos-root.test.ts [2m([22m[2m7 tests[22m[2m)[22m[32m 5[2mms[22m[39m
 [32m✓[39m src/commands/sessions-cleanup.test.ts [2m([22m[2m5 tests[22m[2m)[22m[32m 6[2mms[22m[39m
 [32m✓[39m src/tui/tui.submit-handler.test.ts [2m([22m[2m11 tests[22m[2m)[22m[32m 6[2mms[22m[39m
 [32m✓[39m src/agents/failover-error.test.ts [2m([22m[2m13 tests[22m[2m)[22m[32m 4[2mms[22m[39m
 [32m✓[39m src/infra/provider-usage.fetch.codex.test.ts [2m([22m[2m3 tests[22m[2m)[22m[32m 6[2mms[22m[39m
 [32m✓[39m src/agents/pi-embedded-runner/model.test.ts [2m([22m[2m17 tests[22m[2m)[22m[32m 6[2mms[22m[39m
 [32m✓[39m src/auto-reply/reply/commands-context-report.test.ts [2m([22m[2m2 tests[22m[2m)[22m[32m 6[2mms[22m[39m
 [32m✓[39m src/agents/pi-embedded-subscribe.subscribe-embedded-pi-session.emits-block-replies-text-end-does-not.test.ts [2m([22m[2m2 tests[22m[2m)[22m[32m 6[2mms[22m[39m
 [32m✓[39m src/telegram/probe.test.ts [2m([22m[2m5 tests[22m[2m)[22m[32m 6[2mms[22m[39m
[90mstdout[2m | src/agents/pi-embedded-runner.applygoogleturnorderingfix.test.ts
[22m[39m[MemoryStore] Initializing the Five-Tier Central Nervous System...
KnowledgeGraph connected to Neo4j successfully.

[90mstdout[2m | src/agents/pi-tools.create-ernos-coding-tools.adds-claude-style-aliases-schemas-without-dropping-b.test.ts
[22m[39m[MemoryStore] Initializing the Five-Tier Central Nervous System...
KnowledgeGraph connected to Neo4j successfully.

 [32m✓[39m src/config/zod-schema.cron-retention.test.ts [2m([22m[2m3 tests[22m[2m)[22m[32m 6[2mms[22m[39m
 [32m✓[39m src/hooks/bundled/boot-md/handler.test.ts [2m([22m[2m7 tests[22m[2m)[22m[32m 6[2mms[22m[39m
[90mstdout[2m | src/agents/pi-embedded-runner.applygoogleturnorderingfix.test.ts
[22m[39mKnowledgeGraph Schema Initialized.

[90mstdout[2m | src/agents/pi-tools.create-ernos-coding-tools.adds-claude-style-aliases-schemas-without-dropping-b.test.ts
[22m[39mKnowledgeGraph Schema Initialized.

 [32m✓[39m src/agents/auth-profiles.store.save.test.ts [2m([22m[2m1 test[22m[2m)[22m[32m 6[2mms[22m[39m
 [32m✓[39m src/web/inbound/access-control.test.ts [2m([22m[2m6 tests[22m[2m)[22m[32m 5[2mms[22m[39m
[90mstdout[2m | src/agents/ernos-tools.subagents.steer-failure-clears-suppression.test.ts
[22m[39m[MemoryStore] Initializing the Five-Tier Central Nervous System...
KnowledgeGraph connected to Neo4j successfully.

 [32m✓[39m src/tui/tui-command-handlers.test.ts [2m([22m[2m5 tests[22m[2m)[22m[32m 6[2mms[22m[39m
 [32m✓[39m src/channels/session.test.ts [2m([22m[2m3 tests[22m[2m)[22m[32m 5[2mms[22m[39m
[90mstdout[2m | src/agents/ernos-tools.subagents.steer-failure-clears-suppression.test.ts
[22m[39mKnowledgeGraph Schema Initialized.

 [32m✓[39m src/config/config.tools-alsoAllow.test.ts [2m([22m[2m3 tests[22m[2m)[22m[32m 6[2mms[22m[39m
 [32m✓[39m src/browser/config.test.ts [2m([22m[2m20 tests[22m[2m)[22m[32m 6[2mms[22m[39m
 [32m✓[39m src/agents/observer/sentinel.test.ts [2m([22m[2m6 tests[22m[2m)[22m[32m 5[2mms[22m[39m
 [32m✓[39m src/cli/channel-auth.test.ts [2m([22m[2m7 tests[22m[2m)[22m[32m 5[2mms[22m[39m
 [32m✓[39m src/telegram/bot/helpers.test.ts [2m([22m[2m37 tests[22m[2m)[22m[32m 5[2mms[22m[39m
 [32m✓[39m src/agents/model-scan.test.ts [2m([22m[2m2 tests[22m[2m)[22m[32m 6[2mms[22m[39m
 [32m✓[39m src/line/probe.test.ts [2m([22m[2m2 tests[22m[2m)[22m[32m 6[2mms[22m[39m
 [32m✓[39m src/infra/transport-ready.test.ts [2m([22m[2m3 tests[22m[2m)[22m[32m 5[2mms[22m[39m
 [32m✓[39m src/agents/pi-embedded-runner.applygoogleturnorderingfix.test.ts [2m([22m[2m2 tests[22m[2m)[22m[32m 3[2mms[22m[39m
 [32m✓[39m src/agents/models-config.providers.ollama.test.ts [2m([22m[2m8 tests[22m[2m)[22m[32m 6[2mms[22m[39m
 [32m✓[39m src/agents/tool-policy.test.ts [2m([22m[2m20 tests[22m[2m)[22m[32m 6[2mms[22m[39m
 [32m✓[39m src/agents/pi-tools.create-ernos-coding-tools.adds-claude-style-aliases-schemas-without-dropping-b.test.ts [2m([22m[2m3 tests[22m[2m)[22m[32m 6[2mms[22m[39m
 [32m✓[39m src/browser/profiles-service.test.ts [2m([22m[2m4 tests[22m[2m)[22m[32m 6[2mms[22m[39m
 [32m✓[39m src/agents/bash-tools.exec-approval-request.test.ts [2m([22m[2m5 tests[22m[2m)[22m[32m 6[2mms[22m[39m
 [32m✓[39m src/acp/translator.prompt-prefix.test.ts [2m([22m[2m2 tests[22m[2m)[22m[32m 6[2mms[22m[39m
 [32m✓[39m src/infra/provider-usage.fetch.copilot.test.ts [2m([22m[2m2 tests[22m[2m)[22m[32m 5[2mms[22m[39m
 [32m✓[39m src/plugins/wired-hooks-compaction.test.ts [2m([22m[2m5 tests[22m[2m)[22m[32m 5[2mms[22m[39m
 [32m✓[39m src/agents/ernos-tools.subagents.steer-failure-clears-suppression.test.ts [2m([22m[2m1 test[22m[2m)[22m[32m 6[2mms[22m[39m
 [32m✓[39m src/slack/actions.blocks.test.ts [2m([22m[2m7 tests[22m[2m)[22m[32m 5[2mms[22m[39m
 [32m✓[39m src/telegram/network-errors.test.ts [2m([22m[2m12 tests[22m[2m)[22m[32m 6[2mms[22m[39m
 [32m✓[39m src/providers/google-shared.preserves-parameters-type-is-missing.test.ts [2m([22m[2m9 tests[22m[2m)[22m[32m 5[2mms[22m[39m
 [32m✓[39m src/infra/system-run-command.test.ts [2m([22m[2m23 tests[22m[2m)[22m[32m 5[2mms[22m[39m
 [32m✓[39m src/agents/tools/whatsapp-actions.test.ts [2m([22m[2m7 tests[22m[2m)[22m[32m 5[2mms[22m[39m
 [32m✓[39m src/cli/daemon-cli/register-service-commands.test.ts [2m([22m[2m2 tests[22m[2m)[22m[32m 5[2mms[22m[39m
[90mstdout[2m | src/commands/health.test.ts
[22m[39m[MemoryStore] Initializing the Five-Tier Central Nervous System...
KnowledgeGraph connected to Neo4j successfully.

 [32m✓[39m src/web/inbound/send-api.test.ts [2m([22m[2m10 tests[22m[2m)[22m[32m 5[2mms[22m[39m
[90mstdout[2m | src/commands/health.test.ts
[22m[39mKnowledgeGraph Schema Initialized.

 [32m✓[39m src/config/zod-schema.session-maintenance-extensions.test.ts [2m([22m[2m5 tests[22m[2m)[22m[32m 5[2mms[22m[39m
 [32m✓[39m src/cli/skills-cli.formatting.test.ts [2m([22m[2m2 tests[22m[2m)[22m[32m 5[2mms[22m[39m
[90mstdout[2m | src/agents/ernos-tools.subagents.sessions-spawn-applies-thinking-default.test.ts
[22m[39m[MemoryStore] Initializing the Five-Tier Central Nervous System...
KnowledgeGraph connected to Neo4j successfully.

 [32m✓[39m src/commands/health.test.ts [2m([22m[2m5 tests[22m[2m)[22m[32m 6[2mms[22m[39m
 [32m✓[39m src/infra/exec-safe-bin-trust.test.ts [2m([22m[2m6 tests[22m[2m)[22m[32m 5[2mms[22m[39m
 [32m✓[39m src/config/group-policy.test.ts [2m([22m[2m13 tests[22m[2m)[22m[32m 5[2mms[22m[39m
[90mstdout[2m | src/auto-reply/reply/get-reply-inline-actions.skip-when-config-empty.test.ts
[22m[39m[MemoryStore] Initializing the Five-Tier Central Nervous System...
KnowledgeGraph connected to Neo4j successfully.

[90mstdout[2m | src/agents/ernos-tools.subagents.sessions-spawn-applies-thinking-default.test.ts
[22m[39mKnowledgeGraph Schema Initialized.

[90mstdout[2m | src/auto-reply/reply/get-reply-inline-actions.skip-when-config-empty.test.ts
[22m[39mKnowledgeGraph Schema Initialized.

 [32m✓[39m src/tui/gateway-chat.test.ts [2m([22m[2m8 tests[22m[2m)[22m[32m 6[2mms[22m[39m
 [32m✓[39m src/infra/provider-usage.fetch.zai.test.ts [2m([22m[2m3 tests[22m[2m)[22m[32m 5[2mms[22m[39m
[90mstdout[2m | src/cron/dream-consolidation.test.ts[2m > [22m[2mDreamConsolidationDaemon[2m > [22m[2mexecuteNightlyDream runs without error
[22m[39m[Dream Consolidation] Starting nightly optimization for user test-user...
[Dream Consolidation] Step 1: Running cross-tier reconciliation...

[90mstdout[2m | src/cron/dream-consolidation.test.ts[2m > [22m[2mDreamConsolidationDaemon[2m > [22m[2mexecuteNightlyDream runs without error
[22m[39m  -> Reconciled: 0 lessons, 0 KG facts, 0 conflicts found.
[Dream Consolidation] Step 2: Decaying unused synaptic pathways in KG...

[90mstdout[2m | src/cron/dream-consolidation.test.ts[2m > [22m[2mDreamConsolidationDaemon[2m > [22m[2mexecuteNightlyDream runs without error
[22m[39m  -> Decayed undefined pathways.
[Dream Consolidation] Step 3: Processing knowledge quarantine queue...

 [32m✓[39m src/cron/dream-consolidation.test.ts [2m([22m[2m2 tests[22m[2m)[22m[32m 5[2mms[22m[39m
 [32m✓[39m src/browser/profiles.test.ts [2m([22m[2m34 tests[22m[2m)[22m[32m 5[2mms[22m[39m
 [32m✓[39m src/agents/skills/bundled-dir.test.ts [2m([22m[2m2 tests[22m[2m)[22m[32m 5[2mms[22m[39m
 [32m✓[39m src/telegram/target-writeback.test.ts [2m([22m[2m4 tests[22m[2m)[22m[32m 5[2mms[22m[39m
 [32m✓[39m src/agents/pi-embedded-runner.guard.waitforidle-before-flush.test.ts [2m([22m[2m3 tests[22m[2m)[22m[32m 5[2mms[22m[39m
 [32m✓[39m src/auto-reply/reply/reply-plumbing.test.ts [2m([22m[2m20 tests[22m[2m)[22m[32m 5[2mms[22m[39m
 [32m✓[39m src/commands/onboard-hooks.test.ts [2m([22m[2m6 tests[22m[2m)[22m[32m 5[2mms[22m[39m
 [32m✓[39m src/providers/qwen-portal-oauth.test.ts [2m([22m[2m8 tests[22m[2m)[22m[32m 5[2mms[22m[39m
 [32m✓[39m src/cli/skills-cli.test.ts [2m([22m[2m11 tests[22m[2m)[22m[32m 5[2mms[22m[39m
 [32m✓[39m src/infra/outbound/session-binding-service.test.ts [2m([22m[2m6 tests[22m[2m)[22m[32m 5[2mms[22m[39m
 [32m✓[39m src/shared/net/ip.test.ts [2m([22m[2m4 tests[22m[2m)[22m[32m 5[2mms[22m[39m
 [32m✓[39m src/telegram/accounts.test.ts [2m([22m[2m8 tests[22m[2m)[22m[32m 5[2mms[22m[39m
 [32m✓[39m src/agents/ernos-tools.subagents.sessions-spawn-applies-thinking-default.test.ts [2m([22m[2m2 tests[22m[2m)[22m[32m 6[2mms[22m[39m
 [32m✓[39m src/agents/pi-embedded-helpers.formatassistanterrortext.test.ts [2m([22m[2m21 tests[22m[2m)[22m[32m 5[2mms[22m[39m
 [32m✓[39m src/commands/openai-model-default.test.ts [2m([22m[2m16 tests[22m[2m)[22m[32m 5[2mms[22m[39m
 [32m✓[39m src/agents/pi-embedded-runner.compaction-safety-timeout.test.ts [2m([22m[2m3 tests[22m[2m)[22m[32m 5[2mms[22m[39m
 [32m✓[39m src/auto-reply/tool-meta.test.ts [2m([22m[2m6 tests[22m[2m)[22m[32m 5[2mms[22m[39m
 [32m✓[39m src/auto-reply/reply/get-reply-inline-actions.skip-when-config-empty.test.ts [2m([22m[2m4 tests[22m[2m)[22m[32m 6[2mms[22m[39m
 [32m✓[39m src/agents/pi-embedded-subscribe.subscribe-embedded-pi-session.does-not-duplicate-text-end-repeats-full.test.ts [2m([22m[2m2 tests[22m[2m)[22m[32m 5[2mms[22m[39m
[90mstdout[2m | src/commands/agents.test.ts
[22m[39m[MemoryStore] Initializing the Five-Tier Central Nervous System...
KnowledgeGraph connected to Neo4j successfully.

 [32m✓[39m src/agents/models-config.providers.kilocode.test.ts [2m([22m[2m5 tests[22m[2m)[22m[32m 5[2mms[22m[39m
 [32m✓[39m src/terminal/table.test.ts [2m([22m[2m12 tests[22m[2m)[22m[32m 5[2mms[22m[39m
[90mstdout[2m | src/cron/isolated-agent/delivery-target.test.ts
[22m[39m[MemoryStore] Initializing the Five-Tier Central Nervous System...
KnowledgeGraph connected to Neo4j successfully.

[90mstdout[2m | src/commands/agents.test.ts
[22m[39mKnowledgeGraph Schema Initialized.

[90mstdout[2m | src/cron/isolated-agent/delivery-target.test.ts
[22m[39mKnowledgeGraph Schema Initialized.

 [32m✓[39m src/channels/plugins/config-schema.test.ts [2m([22m[2m3 tests[22m[2m)[22m[32m 5[2mms[22m[39m
 [32m✓[39m src/infra/provider-usage.fetch.gemini.test.ts [2m([22m[2m2 tests[22m[2m)[22m[32m 5[2mms[22m[39m
 [32m✓[39m src/browser/routes/dispatcher.abort.test.ts [2m([22m[2m2 tests[22m[2m)[22m[32m 5[2mms[22m[39m
 [32m✓[39m src/agents/session-transcript-repair.test.ts [2m([22m[2m18 tests[22m[2m)[22m[32m 5[2mms[22m[39m
 [32m✓[39m src/memory/mmr.test.ts [2m([22m[2m25 tests[22m[2m)[22m[32m 5[2mms[22m[39m
 [32m✓[39m src/slack/monitor/events/messages.test.ts [2m([22m[2m6 tests[22m[2m)[22m[32m 4[2mms[22m[39m
 [32m✓[39m src/cron/cron-protocol-conformance.test.ts [2m([22m[2m2 tests[22m[2m)[22m[32m 4[2mms[22m[39m
 [32m✓[39m src/slack/actions.read.test.ts [2m([22m[2m2 tests[22m[2m)[22m[32m 5[2mms[22m[39m
 [32m✓[39m src/telegram/model-buttons.test.ts [2m([22m[2m14 tests[22m[2m)[22m[32m 5[2mms[22m[39m
 [32m✓[39m src/web/login-qr.test.ts [2m([22m[2m1 test[22m[2m)[22m[32m 5[2mms[22m[39m
 [32m✓[39m src/agents/memory-search.test.ts [2m([22m[2m12 tests[22m[2m)[22m[32m 5[2mms[22m[39m
 [32m✓[39m src/infra/outbound/message.test.ts [2m([22m[2m2 tests[22m[2m)[22m[32m 5[2mms[22m[39m
 [32m✓[39m src/cron/isolated-agent/delivery-target.test.ts [2m([22m[2m15 tests[22m[2m)[22m[32m 6[2mms[22m[39m
 [32m✓[39m src/slack/draft-stream.test.ts [2m([22m[2m7 tests[22m[2m)[22m[32m 5[2mms[22m[39m
 [32m✓[39m src/commands/doctor-gateway-services.test.ts [2m([22m[2m3 tests[22m[2m)[22m[32m 5[2mms[22m[39m
 [32m✓[39m src/agents/pi-embedded-subscribe.subscribe-embedded-pi-session.does-not-append-text-end-content-is.test.ts [2m([22m[2m3 tests[22m[2m)[22m[32m 5[2mms[22m[39m
 [32m✓[39m src/config/zod-schema.logging-levels.test.ts [2m([22m[2m2 tests[22m[2m)[22m[32m 5[2mms[22m[39m
 [32m✓[39m src/infra/outbound/bound-delivery-router.test.ts [2m([22m[2m5 tests[22m[2m)[22m[32m 3[2mms[22m[39m
 [32m✓[39m src/commands/agents.test.ts [2m([22m[2m7 tests[22m[2m)[22m[32m 5[2mms[22m[39m
[90mstdout[2m | src/agents/ernos-tools.subagents.sessions-spawn-default-timeout-absent.test.ts
[22m[39m[MemoryStore] Initializing the Five-Tier Central Nervous System...
KnowledgeGraph connected to Neo4j successfully.

 [32m✓[39m src/line/reply-chunks.test.ts [2m([22m[2m4 tests[22m[2m)[22m[32m 4[2mms[22m[39m
 [32m✓[39m src/daemon/systemd.test.ts [2m([22m[2m15 tests[22m[2m)[22m[32m 5[2mms[22m[39m
 [32m✓[39m src/tui/tui.test.ts [2m([22m[2m15 tests[22m[2m)[22m[32m 5[2mms[22m[39m
[90mstdout[2m | src/agents/ernos-tools.subagents.sessions-spawn-default-timeout-absent.test.ts
[22m[39mKnowledgeGraph Schema Initialized.

 [32m✓[39m src/agents/pi-embedded-subscribe.tools.media.test.ts [2m([22m[2m25 tests[22m[2m)[22m[32m 4[2mms[22m[39m
 [32m✓[39m src/channels/plugins/outbound/discord.test.ts [2m([22m[2m12 tests[22m[2m)[22m[32m 5[2mms[22m[39m
 [32m✓[39m src/infra/process-respawn.test.ts [2m([22m[2m7 tests[22m[2m)[22m[32m 4[2mms[22m[39m
 [32m✓[39m src/auto-reply/reply/acp-projector.test.ts [2m([22m[2m5 tests[22m[2m)[22m[32m 4[2mms[22m[39m
 [32m✓[39m src/infra/state-migrations.state-dir.test.ts [2m([22m[2m1 test[22m[2m)[22m[32m 5[2mms[22m[39m
 [32m✓[39m src/auto-reply/reply/get-reply-run.media-only.test.ts [2m([22m[2m7 tests[22m[2m)[22m[32m 4[2mms[22m[39m
 [32m✓[39m src/tui/tui-formatters.test.ts [2m([22m[2m24 tests[22m[2m)[22m[32m 4[2mms[22m[39m
 [32m✓[39m src/agents/pi-embedded-runner/tool-result-truncation.test.ts [2m([22m[2m21 tests[22m[2m)[22m[32m 5[2mms[22m[39m
 [32m✓[39m src/cli/daemon-cli/status.gather.test.ts [2m([22m[2m3 tests[22m[2m)[22m[32m 5[2mms[22m[39m
 [32m✓[39m src/agents/ernos-tools.subagents.sessions-spawn-default-timeout-absent.test.ts [2m([22m[2m1 test[22m[2m)[22m[32m 5[2mms[22m[39m
 [32m✓[39m src/slack/monitor/events/reactions.test.ts [2m([22m[2m6 tests[22m[2m)[22m[32m 5[2mms[22m[39m
[90mstdout[2m | src/auto-reply/dispatch.test.ts
[22m[39m[MemoryStore] Initializing the Five-Tier Central Nervous System...
KnowledgeGraph connected to Neo4j successfully.

 [32m✓[39m src/agents/models-config.providers.google-antigravity.test.ts [2m([22m[2m9 tests[22m[2m)[22m[32m 4[2mms[22m[39m
 [32m✓[39m src/agents/compaction.test.ts [2m([22m[2m10 tests[22m[2m)[22m[32m 4[2mms[22m[39m
[90mstdout[2m | src/auto-reply/dispatch.test.ts
[22m[39mKnowledgeGraph Schema Initialized.

 [32m✓[39m src/channels/plugins/onboarding/channel-access.test.ts [2m([22m[2m7 tests[22m[2m)[22m[32m 4[2mms[22m[39m
 [32m✓[39m src/auto-reply/dispatch.test.ts [2m([22m[2m3 tests[22m[2m)[22m[32m 5[2mms[22m[39m
 [32m✓[39m src/shared/shared-misc.test.ts [2m([22m[2m16 tests[22m[2m)[22m[32m 5[2mms[22m[39m
 [32m✓[39m src/agents/sandbox/fs-paths.test.ts [2m([22m[2m7 tests[22m[2m)[22m[32m 4[2mms[22m[39m
 [32m✓[39m src/media/host.test.ts [2m([22m[2m3 tests[22m[2m)[22m[32m 5[2mms[22m[39m
 [32m✓[39m src/commands/onboard-remote.test.ts [2m([22m[2m2 tests[22m[2m)[22m[32m 4[2mms[22m[39m
 [32m✓[39m src/commands/onboard.test.ts [2m([22m[2m5 tests[22m[2m)[22m[32m 4[2mms[22m[39m
 [32m✓[39m src/discord/targets.test.ts [2m([22m[2m10 tests[22m[2m)[22m[32m 4[2mms[22m[39m
 [32m✓[39m src/channels/plugins/outbound/signal.test.ts [2m([22m[2m2 tests[22m[2m)[22m[32m 4[2mms[22m[39m
 [32m✓[39m src/slack/monitor/events/members.test.ts [2m([22m[2m5 tests[22m[2m)[22m[32m 4[2mms[22m[39m
 [32m✓[39m src/discord/monitor.gateway.test.ts [2m([22m[2m4 tests[22m[2m)[22m[32m 5[2mms[22m[39m
 [32m✓[39m src/tui/osc8-hyperlinks.test.ts [2m([22m[2m19 tests[22m[2m)[22m[32m 4[2mms[22m[39m
 [32m✓[39m src/commands/openai-codex-oauth.test.ts [2m([22m[2m2 tests[22m[2m)[22m[32m 4[2mms[22m[39m
 [32m✓[39m src/auto-reply/reply/agent-runner-payloads.test.ts [2m([22m[2m7 tests[22m[2m)[22m[32m 5[2mms[22m[39m
 [32m✓[39m src/commands/zai-endpoint-detect.test.ts [2m([22m[2m1 test[22m[2m)[22m[32m 5[2mms[22m[39m
 [32m✓[39m src/logging/console-timestamp.test.ts [2m([22m[2m4 tests[22m[2m)[22m[32m 5[2mms[22m[39m
 [32m✓[39m src/config/zod-schema.typing-mode.test.ts [2m([22m[2m2 tests[22m[2m)[22m[32m 5[2mms[22m[39m
 [32m✓[39m src/plugins/wired-hooks-subagent.test.ts [2m([22m[2m6 tests[22m[2m)[22m[32m 4[2mms[22m[39m
 [32m✓[39m src/agents/tools/discord-actions-moderation.authz.test.ts [2m([22m[2m5 tests[22m[2m)[22m[32m 4[2mms[22m[39m
 [32m✓[39m src/infra/infra-parsing.test.ts [2m([22m[2m16 tests[22m[2m)[22m[32m 4[2mms[22m[39m
[90mstdout[2m | src/plugins/runtime/index.test.ts
[22m[39m[MemoryStore] Initializing the Five-Tier Central Nervous System...
KnowledgeGraph connected to Neo4j successfully.

 [32m✓[39m src/browser/pw-tools-core.clamps-timeoutms-scrollintoview.test.ts [2m([22m[2m6 tests[22m[2m)[22m[32m 5[2mms[22m[39m
 [32m✓[39m src/commands/daemon-install-helpers.test.ts [2m([22m[2m9 tests[22m[2m)[22m[32m 4[2mms[22m[39m
[90mstdout[2m | src/plugins/runtime/index.test.ts
[22m[39mKnowledgeGraph Schema Initialized.

 [32m✓[39m src/commands/onboard-helpers.test.ts [2m([22m[2m13 tests[22m[2m)[22m[32m 5[2mms[22m[39m
[90mstdout[2m | src/auto-reply/reply/agent-runner-helpers.test.ts
[22m[39m[MemoryStore] Initializing the Five-Tier Central Nervous System...
KnowledgeGraph connected to Neo4j successfully.

 [32m✓[39m src/agents/bash-tools.process.supervisor.test.ts [2m([22m[2m4 tests[22m[2m)[22m[32m 5[2mms[22m[39m
 [32m✓[39m src/agents/pi-embedded-helpers.sanitize-session-messages-images.removes-empty-assistant-text-blocks-but-preserves.test.ts [2m([22m[2m13 tests[22m[2m)[22m[32m 5[2mms[22m[39m
[90mstdout[2m | src/auto-reply/reply/agent-runner-helpers.test.ts
[22m[39mKnowledgeGraph Schema Initialized.

 [32m✓[39m src/commands/doctor-memory-search.test.ts [2m([22m[2m9 tests[22m[2m)[22m[32m 4[2mms[22m[39m
 [32m✓[39m src/whatsapp/resolve-outbound-target.test.ts [2m([22m[2m21 tests[22m[2m)[22m[32m 4[2mms[22m[39m
[90mstdout[2m | src/commands/configure.gateway-auth.test.ts
[22m[39m[MemoryStore] Initializing the Five-Tier Central Nervous System...
KnowledgeGraph connected to Neo4j successfully.

[90mstdout[2m | src/commands/configure.gateway-auth.test.ts
[22m[39mKnowledgeGraph Schema Initialized.

 [32m✓[39m src/agents/subagent-announce.timeout.test.ts [2m([22m[2m3 tests[22m[2m)[22m[32m 4[2mms[22m[39m
 [32m✓[39m src/agents/pi-embedded-subscribe.code-span-awareness.test.ts [2m([22m[2m3 tests[22m[2m)[22m[32m 5[2mms[22m[39m
 [32m✓[39m src/plugins/runtime/index.test.ts [2m([22m[2m2 tests[22m[2m)[22m[32m 5[2mms[22m[39m
 [32m✓[39m src/config/logging-max-file-bytes.test.ts [2m([22m[2m2 tests[22m[2m)[22m[32m 4[2mms[22m[39m
 [32m✓[39m src/memory/epistemic.test.ts [2m([22m[2m16 tests[22m[2m)[22m[32m 4[2mms[22m[39m
 [32m✓[39m src/auto-reply/reply/agent-runner-helpers.test.ts [2m([22m[2m6 tests[22m[2m)[22m[32m 4[2mms[22m[39m
 [32m✓[39m src/line/rich-menu.test.ts [2m([22m[2m13 tests[22m[2m)[22m[32m 4[2mms[22m[39m
 [32m✓[39m src/agents/cache-trace.test.ts [2m([22m[2m4 tests[22m[2m)[22m[32m 4[2mms[22m[39m
 [32m✓[39m src/infra/unhandled-rejections.test.ts [2m([22m[2m29 tests[22m[2m)[22m[32m 4[2mms[22m[39m
 [32m✓[39m src/agents/compaction.identifier-preservation.test.ts [2m([22m[2m6 tests[22m[2m)[22m[32m 4[2mms[22m[39m
 [32m✓[39m src/line/auto-reply-delivery.test.ts [2m([22m[2m4 tests[22m[2m)[22m[32m 4[2mms[22m[39m
 [32m✓[39m src/agents/subagent-announce-dispatch.test.ts [2m([22m[2m9 tests[22m[2m)[22m[32m 4[2mms[22m[39m
[90mstdout[2m | src/auto-reply/reply/commands-acp/context.test.ts
[22m[39m[MemoryStore] Initializing the Five-Tier Central Nervous System...
KnowledgeGraph connected to Neo4j successfully.

 [32m✓[39m src/agents/tools/cron-tool.flat-params.test.ts [2m([22m[2m1 test[22m[2m)[22m[32m 4[2mms[22m[39m
 [32m✓[39m src/shared/text/reasoning-tags.test.ts [2m([22m[2m12 tests[22m[2m)[22m[32m 4[2mms[22m[39m
[90mstdout[2m | src/auto-reply/reply/commands-acp/context.test.ts
[22m[39mKnowledgeGraph Schema Initialized.

 [32m✓[39m src/cli/daemon-cli/restart-health.test.ts [2m([22m[2m2 tests[22m[2m)[22m[32m 4[2mms[22m[39m
 [32m✓[39m src/infra/abort-pattern.test.ts [2m([22m[2m6 tests[22m[2m)[22m[32m 4[2mms[22m[39m
 [32m✓[39m src/infra/outbound/outbound-send-service.test.ts [2m([22m[2m4 tests[22m[2m)[22m[32m 5[2mms[22m[39m
 [32m✓[39m src/agents/opencode-zen-models.test.ts [2m([22m[2m11 tests[22m[2m)[22m[32m 4[2mms[22m[39m
 [32m✓[39m src/cli/command-options.test.ts [2m([22m[2m7 tests[22m[2m)[22m[32m 4[2mms[22m[39m
 [32m✓[39m src/agents/pi-extensions/context-pruning.test.ts [2m([22m[2m11 tests[22m[2m)[22m[32m 4[2mms[22m[39m
 [32m✓[39m src/plugins/hooks.model-override-wiring.test.ts [2m([22m[2m6 tests[22m[2m)[22m[32m 4[2mms[22m[39m
 [32m✓[39m src/commands/configure.gateway.test.ts [2m([22m[2m5 tests[22m[2m)[22m[32m 4[2mms[22m[39m
 [32m✓[39m src/discord/chunk.test.ts [2m([22m[2m10 tests[22m[2m)[22m[32m 4[2mms[22m[39m
 [32m✓[39m src/agents/pi-tools.policy.test.ts [2m([22m[2m23 tests[22m[2m)[22m[32m 5[2mms[22m[39m
 [32m✓[39m src/plugins/services.test.ts [2m([22m[2m2 tests[22m[2m)[22m[32m 4[2mms[22m[39m
 [32m✓[39m src/agents/pi-embedded-helpers.validate-turns.test.ts [2m([22m[2m15 tests[22m[2m)[22m[32m 4[2mms[22m[39m
 [32m✓[39m src/agents/sanitize-for-prompt.test.ts [2m([22m[2m6 tests[22m[2m)[22m[32m 4[2mms[22m[39m
 [32m✓[39m src/channels/plugins/outbound/telegram.test.ts [2m([22m[2m3 tests[22m[2m)[22m[32m 4[2mms[22m[39m
 [32m✓[39m src/agents/models-config.providers.kimi-coding.test.ts [2m([22m[2m3 tests[22m[2m)[22m[32m 4[2mms[22m[39m
 [32m✓[39m src/commands/configure.gateway-auth.test.ts [2m([22m[2m10 tests[22m[2m)[22m[32m 4[2mms[22m[39m
 [32m✓[39m src/config/config.skills-entries-config.test.ts [2m([22m[2m2 tests[22m[2m)[22m[32m 4[2mms[22m[39m
 [32m✓[39m src/imessage/monitor/monitor-provider.echo-cache.test.ts [2m([22m[2m3 tests[22m[2m)[22m[32m 4[2mms[22m[39m
 [32m✓[39m src/discord/voice/command.test.ts [2m([22m[2m3 tests[22m[2m)[22m[32m 4[2mms[22m[39m
 [32m✓[39m src/agents/tool-call-id.test.ts [2m([22m[2m8 tests[22m[2m)[22m[32m 4[2mms[22m[39m
 [32m✓[39m src/agents/agent-scope.test.ts [2m([22m[2m15 tests[22m[2m)[22m[32m 4[2mms[22m[39m
 [32m✓[39m src/cli/argv.test.ts [2m([22m[2m33 tests[22m[2m)[22m[32m 4[2mms[22m[39m
 [32m✓[39m src/agents/pi-embedded-subscribe.handlers.lifecycle.test.ts [2m([22m[2m2 tests[22m[2m)[22m[32m 4[2mms[22m[39m
 [32m✓[39m src/infra/runtime-guard.test.ts [2m([22m[2m5 tests[22m[2m)[22m[32m 4[2mms[22m[39m
 [32m✓[39m src/auto-reply/reply/commands-acp/context.test.ts [2m([22m[2m2 tests[22m[2m)[22m[32m 5[2mms[22m[39m
 [32m✓[39m src/auto-reply/heartbeat.test.ts [2m([22m[2m24 tests[22m[2m)[22m[32m 4[2mms[22m[39m
 [32m✓[39m src/logging/redact.test.ts [2m([22m[2m11 tests[22m[2m)[22m[32m 4[2mms[22m[39m
 [32m✓[39m src/auto-reply/reply/post-compaction-audit.test.ts [2m([22m[2m15 tests[22m[2m)[22m[32m 4[2mms[22m[39m
 [32m✓[39m src/memory/batch-http.test.ts [2m([22m[2m2 tests[22m[2m)[22m[32m 4[2mms[22m[39m
 [32m✓[39m src/cli/profile.test.ts [2m([22m[2m19 tests[22m[2m)[22m[32m 4[2mms[22m[39m
 [32m✓[39m src/auto-reply/model.test.ts [2m([22m[2m25 tests[22m[2m)[22m[32m 4[2mms[22m[39m
 [32m✓[39m src/tui/theme/theme.test.ts [2m([22m[2m6 tests[22m[2m)[22m[32m 4[2mms[22m[39m
 [32m✓[39m src/auto-reply/reply/reply-elevated.test.ts [2m([22m[2m4 tests[22m[2m)[22m[32m 4[2mms[22m[39m
 [32m✓[39m src/infra/provider-usage.shared.test.ts [2m([22m[2m4 tests[22m[2m)[22m[32m 4[2mms[22m[39m
 [32m✓[39m src/channels/channel-config.test.ts [2m([22m[2m17 tests[22m[2m)[22m[32m 4[2mms[22m[39m
 [32m✓[39m src/commands/models/shared.test.ts [2m([22m[2m3 tests[22m[2m)[22m[32m 4[2mms[22m[39m
 [32m✓[39m src/infra/watch-node.test.ts [2m([22m[2m3 tests[22m[2m)[22m[32m 4[2mms[22m[39m
 [32m✓[39m src/plugins/wired-hooks-llm.test.ts [2m([22m[2m3 tests[22m[2m)[22m[32m 4[2mms[22m[39m
 [32m✓[39m src/browser/server-context.hot-reload-profiles.test.ts [2m([22m[2m4 tests[22m[2m)[22m[32m 4[2mms[22m[39m
 [32m✓[39m src/agents/prompts/ernos-hud.test.ts [2m([22m[2m28 tests[22m[2m)[22m[32m 4[2mms[22m[39m
 [32m✓[39m src/agents/channel-tools.test.ts [2m([22m[2m1 test[22m[2m)[22m[32m 4[2mms[22m[39m
 [32m✓[39m src/slack/monitor/events/pins.test.ts [2m([22m[2m5 tests[22m[2m)[22m[32m 4[2mms[22m[39m
 [32m✓[39m src/agents/auth-profiles.resolve-auth-profile-order.does-not-prioritize-lastgood-round-robin-ordering.test.ts [2m([22m[2m12 tests[22m[2m)[22m[32m 4[2mms[22m[39m
 [32m✓[39m src/commands/configure.wizard.test.ts [2m([22m[2m2 tests[22m[2m)[22m[32m 4[2mms[22m[39m
 [32m✓[39m src/pairing/setup-code.test.ts [2m([22m[2m6 tests[22m[2m)[22m[32m 4[2mms[22m[39m
 [32m✓[39m src/agents/pi-embedded-runner/usage-reporting.test.ts [2m([22m[2m1 test[22m[2m)[22m[32m 4[2mms[22m[39m
 [32m✓[39m src/security/prompt-guardrails.test.ts [2m([22m[2m18 tests[22m[2m)[22m[32m 4[2mms[22m[39m
 [32m✓[39m src/auto-reply/reply/agent-runner-utils.test.ts [2m([22m[2m5 tests[22m[2m)[22m[32m 4[2mms[22m[39m
 [32m✓[39m src/web/inbound.test.ts [2m([22m[2m14 tests[22m[2m)[22m[32m 4[2mms[22m[39m
 [32m✓[39m src/daemon/runtime-paths.test.ts [2m([22m[2m9 tests[22m[2m)[22m[32m 4[2mms[22m[39m
 [32m✓[39m src/commands/onboard-interactive.test.ts [2m([22m[2m3 tests[22m[2m)[22m[32m 4[2mms[22m[39m
 [32m✓[39m src/channels/plugins/group-mentions.test.ts [2m([22m[2m5 tests[22m[2m)[22m[32m 4[2mms[22m[39m
 [32m✓[39m src/agents/sandbox-explain.test.ts [2m([22m[2m4 tests[22m[2m)[22m[32m 4[2mms[22m[39m
[90mstdout[2m | src/commands/health.command.coverage.test.ts
[22m[39m[MemoryStore] Initializing the Five-Tier Central Nervous System...
KnowledgeGraph connected to Neo4j successfully.

 [32m✓[39m src/agents/pi-embedded-helpers.buildbootstrapcontextfiles.test.ts [2m([22m[2m13 tests[22m[2m)[22m[32m 4[2mms[22m[39m
[90mstdout[2m | src/commands/health.command.coverage.test.ts
[22m[39mKnowledgeGraph Schema Initialized.

 [32m✓[39m src/auto-reply/reply/typing-persistence.test.ts [2m([22m[2m3 tests[22m[2m)[22m[32m 4[2mms[22m[39m
 [32m✓[39m src/commands/health.command.coverage.test.ts [2m([22m[2m1 test[22m[2m)[22m[32m 5[2mms[22m[39m
 [32m✓[39m src/memory/embeddings-remote-fetch.test.ts [2m([22m[2m2 tests[22m[2m)[22m[32m 4[2mms[22m[39m
 [32m✓[39m src/tui/tui-input-history.test.ts [2m([22m[2m7 tests[22m[2m)[22m[32m 4[2mms[22m[39m
 [32m✓[39m src/agents/tools/sessions-spawn-tool.test.ts [2m([22m[2m2 tests[22m[2m)[22m[32m 4[2mms[22m[39m
 [32m✓[39m src/signal/send-reactions.test.ts [2m([22m[2m3 tests[22m[2m)[22m[32m 4[2mms[22m[39m
 [32m✓[39m src/agents/pi-embedded-runner/model.forward-compat.test.ts [2m([22m[2m6 tests[22m[2m)[22m[32m 4[2mms[22m[39m
 [32m✓[39m src/agents/pi-embedded-runner/run/payloads.test.ts [2m([22m[2m7 tests[22m[2m)[22m[32m 4[2mms[22m[39m
 [32m✓[39m src/channels/plugins/outbound/imessage.test.ts [2m([22m[2m2 tests[22m[2m)[22m[32m 4[2mms[22m[39m
 [32m✓[39m src/auto-reply/reply/model-selection.test.ts [2m([22m[2m12 tests[22m[2m)[22m[32m 4[2mms[22m[39m
 [32m✓[39m src/discord/components.test.ts [2m([22m[2m4 tests[22m[2m)[22m[32m 4[2mms[22m[39m
[90mstdout[2m | src/cron/isolated-agent.delivery-target-thread-session.test.ts
[22m[39m[MemoryStore] Initializing the Five-Tier Central Nervous System...
KnowledgeGraph connected to Neo4j successfully.

 [32m✓[39m src/auto-reply/reply/get-reply.reset-hooks-fallback.test.ts [2m([22m[2m2 tests[22m[2m)[22m[32m 4[2mms[22m[39m
 [32m✓[39m src/channels/plugins/outbound/slack.test.ts [2m([22m[2m7 tests[22m[2m)[22m[32m 4[2mms[22m[39m
[90mstdout[2m | src/cron/isolated-agent.delivery-target-thread-session.test.ts
[22m[39mKnowledgeGraph Schema Initialized.

 [32m✓[39m src/browser/server-lifecycle.test.ts [2m([22m[2m4 tests[22m[2m)[22m[32m 4[2mms[22m[39m
 [32m✓[39m src/plugins/http-registry.test.ts [2m([22m[2m3 tests[22m[2m)[22m[32m 4[2mms[22m[39m
 [32m✓[39m src/process/spawn-utils.test.ts [2m([22m[2m3 tests[22m[2m)[22m[32m 5[2mms[22m[39m
 [32m✓[39m src/agents/workspace-run.test.ts [2m([22m[2m8 tests[22m[2m)[22m[32m 4[2mms[22m[39m
 [32m✓[39m src/media-understanding/runner.vision-skip.test.ts [2m([22m[2m1 test[22m[2m)[22m[32m 4[2mms[22m[39m
 [32m✓[39m src/infra/npm-integrity.test.ts [2m([22m[2m4 tests[22m[2m)[22m[32m 4[2mms[22m[39m
 [32m✓[39m src/browser/control-auth.auto-token.test.ts [2m([22m[2m6 tests[22m[2m)[22m[32m 4[2mms[22m[39m
 [32m✓[39m src/hooks/bundled/boot-md/handler.gateway-startup.integration.test.ts [2m([22m[2m1 test[22m[2m)[22m[32m 4[2mms[22m[39m
 [32m✓[39m src/agents/pi-settings.test.ts [2m([22m[2m8 tests[22m[2m)[22m[32m 4[2mms[22m[39m
[90mstdout[2m | src/commands/agents.add.test.ts
[22m[39m[MemoryStore] Initializing the Five-Tier Central Nervous System...
KnowledgeGraph connected to Neo4j successfully.

 [32m✓[39m src/commands/sandbox-explain.test.ts [2m([22m[2m1 test[22m[2m)[22m[32m 4[2mms[22m[39m
 [32m✓[39m src/agents/pi-embedded-runner/tool-result-context-guard.test.ts [2m([22m[2m8 tests[22m[2m)[22m[32m 4[2mms[22m[39m
 [32m✓[39m src/channels/draft-stream-controls.test.ts [2m([22m[2m6 tests[22m[2m)[22m[32m 4[2mms[22m[39m
[90mstdout[2m | src/commands/agents.add.test.ts
[22m[39mKnowledgeGraph Schema Initialized.

 [32m✓[39m src/agents/observer-hook.test.ts [2m([22m[2m5 tests[22m[2m)[22m[32m 4[2mms[22m[39m
 [32m✓[39m src/commands/channels/capabilities.test.ts [2m([22m[2m2 tests[22m[2m)[22m[32m 4[2mms[22m[39m
 [32m✓[39m src/cli/program/routes.test.ts [2m([22m[2m13 tests[22m[2m)[22m[32m 4[2mms[22m[39m
 [32m✓[39m src/browser/pw-role-snapshot.test.ts [2m([22m[2m7 tests[22m[2m)[22m[32m 4[2mms[22m[39m
 [32m✓[39m src/agents/auth-profiles/oauth.test.ts [2m([22m[2m10 tests[22m[2m)[22m[32m 4[2mms[22m[39m
 [32m✓[39m src/commands/cleanup-utils.test.ts [2m([22m[2m5 tests[22m[2m)[22m[32m 4[2mms[22m[39m
 [32m✓[39m src/docs/slash-commands-doc.test.ts [2m([22m[2m1 test[22m[2m)[22m[32m 4[2mms[22m[39m
 [32m✓[39m src/agents/subagent-depth.test.ts [2m([22m[2m7 tests[22m[2m)[22m[32m 4[2mms[22m[39m
 [32m✓[39m src/logging/subsystem.test.ts [2m([22m[2m5 tests[22m[2m)[22m[32m 4[2mms[22m[39m
 [32m✓[39m src/telegram/targets.test.ts [2m([22m[2m19 tests[22m[2m)[22m[32m 4[2mms[22m[39m
 [32m✓[39m src/line/download.test.ts [2m([22m[2m2 tests[22m[2m)[22m[32m 4[2mms[22m[39m
 [32m✓[39m src/config/env-substitution.test.ts [2m([22m[2m9 tests[22m[2m)[22m[32m 4[2mms[22m[39m
 [32m✓[39m src/cron/isolated-agent.delivery-target-thread-session.test.ts [2m([22m[2m5 tests[22m[2m)[22m[32m 4[2mms[22m[39m
 [32m✓[39m src/memory/backend-config.test.ts [2m([22m[2m7 tests[22m[2m)[22m[32m 4[2mms[22m[39m
 [32m✓[39m src/commands/session-store-targets.test.ts [2m([22m[2m5 tests[22m[2m)[22m[32m 4[2mms[22m[39m
 [32m✓[39m src/acp/runtime/registry.test.ts [2m([22m[2m6 tests[22m[2m)[22m[32m 3[2mms[22m[39m
 [32m✓[39m src/channels/plugins/onboarding/channel-access-configure.test.ts [2m([22m[2m3 tests[22m[2m)[22m[32m 4[2mms[22m[39m
 [32m✓[39m src/agents/identity.per-channel-prefix.test.ts [2m([22m[2m23 tests[22m[2m)[22m[32m 4[2mms[22m[39m
 [32m✓[39m src/imessage/monitor.shutdown.unhandled-rejection.test.ts [2m([22m[2m1 test[22m[2m)[22m[32m 4[2mms[22m[39m
 [32m✓[39m src/cron/isolated-agent/session.test.ts [2m([22m[2m7 tests[22m[2m)[22m[32m 3[2mms[22m[39m
 [32m✓[39m src/cli/browser-cli-actions-input/shared.test.ts [2m([22m[2m4 tests[22m[2m)[22m[32m 4[2mms[22m[39m
 [32m✓[39m src/commands/auth-choice.apply.google-gemini-cli.test.ts [2m([22m[2m3 tests[22m[2m)[22m[32m 4[2mms[22m[39m
 [32m✓[39m src/infra/update-check.test.ts [2m([22m[2m5 tests[22m[2m)[22m[32m 4[2mms[22m[39m
 [32m✓[39m src/plugin-sdk/webhook-targets.test.ts [2m([22m[2m10 tests[22m[2m)[22m[32m 4[2mms[22m[39m
 [32m✓[39m src/test-utils/env.test.ts [2m([22m[2m8 tests[22m[2m)[22m[32m 4[2mms[22m[39m
 [32m✓[39m src/wizard/onboarding.gateway-config.test.ts [2m([22m[2m3 tests[22m[2m)[22m[32m 3[2mms[22m[39m
 [32m✓[39m src/commands/agent/session.test.ts [2m([22m[2m8 tests[22m[2m)[22m[32m 4[2mms[22m[39m
 [32m✓[39m src/media/parse.test.ts [2m([22m[2m5 tests[22m[2m)[22m[32m 4[2mms[22m[39m
 [32m✓[39m src/auto-reply/thinking.test.ts [2m([22m[2m14 tests[22m[2m)[22m[32m 4[2mms[22m[39m
 [32m✓[39m src/web/reconnect.test.ts [2m([22m[2m4 tests[22m[2m)[22m[32m 4[2mms[22m[39m
 [32m✓[39m src/agents/tools/memory-tool.test.ts [2m([22m[2m2 tests[22m[2m)[22m[32m 4[2mms[22m[39m
 [32m✓[39m src/commands/agents.add.test.ts [2m([22m[2m3 tests[22m[2m)[22m[32m 4[2mms[22m[39m
 [32m✓[39m src/agents/pi-tools.read.workspace-root-guard.test.ts [2m([22m[2m5 tests[22m[2m)[22m[32m 4[2mms[22m[39m
 [32m✓[39m src/daemon/constants.test.ts [2m([22m[2m19 tests[22m[2m)[22m[32m 4[2mms[22m[39m
 [32m✓[39m src/agents/model-compat.test.ts [2m([22m[2m18 tests[22m[2m)[22m[32m 4[2mms[22m[39m
 [32m✓[39m src/agents/tools/sessions-access.test.ts [2m([22m[2m11 tests[22m[2m)[22m[32m 4[2mms[22m[39m
 [32m✓[39m src/node-host/invoke.sanitize-env.test.ts [2m([22m[2m7 tests[22m[2m)[22m[32m 4[2mms[22m[39m
 [32m✓[39m src/telegram/network-config.test.ts [2m([22m[2m16 tests[22m[2m)[22m[32m 3[2mms[22m[39m
 [32m✓[39m src/plugins/wired-hooks-message.test.ts [2m([22m[2m4 tests[22m[2m)[22m[32m 4[2mms[22m[39m
 [32m✓[39m src/slack/http/registry.test.ts [2m([22m[2m5 tests[22m[2m)[22m[32m 5[2mms[22m[39m
[90mstdout[2m | src/infra/outbound/agent-delivery.test.ts
[22m[39m[MemoryStore] Initializing the Five-Tier Central Nervous System...
KnowledgeGraph connected to Neo4j successfully.

[90mstdout[2m | src/infra/outbound/agent-delivery.test.ts
[22m[39mKnowledgeGraph Schema Initialized.

 [32m✓[39m src/agents/models-config.providers.qianfan.test.ts [2m([22m[2m1 test[22m[2m)[22m[32m 3[2mms[22m[39m
 [32m✓[39m src/discord/send.components.test.ts [2m([22m[2m1 test[22m[2m)[22m[32m 4[2mms[22m[39m
 [32m✓[39m src/telegram/status-reaction-variants.test.ts [2m([22m[2m16 tests[22m[2m)[22m[32m 3[2mms[22m[39m
 [32m✓[39m src/commands/auth-choice-options.test.ts [2m([22m[2m4 tests[22m[2m)[22m[32m 4[2mms[22m[39m
 [32m✓[39m src/agents/auth-profiles.readonly-sync.test.ts [2m([22m[2m1 test[22m[2m)[22m[32m 4[2mms[22m[39m
 [32m✓[39m src/agents/bash-process-registry.test.ts [2m([22m[2m5 tests[22m[2m)[22m[32m 3[2mms[22m[39m
 [32m✓[39m src/auto-reply/reply/subagents-utils.test.ts [2m([22m[2m7 tests[22m[2m)[22m[32m 4[2mms[22m[39m
 [32m✓[39m src/hooks/gmail-watcher-lifecycle.test.ts [2m([22m[2m5 tests[22m[2m)[22m[32m 3[2mms[22m[39m
 [32m✓[39m src/utils/utils-misc.test.ts [2m([22m[2m21 tests[22m[2m)[22m[32m 3[2mms[22m[39m
 [32m✓[39m src/agents/auth-profiles.resolve-auth-profile-order.uses-stored-profiles-no-config-exists.test.ts [2m([22m[2m9 tests[22m[2m)[22m[32m 4[2mms[22m[39m
 [32m✓[39m src/config/io.eacces.test.ts [2m([22m[2m2 tests[22m[2m)[22m[32m 4[2mms[22m[39m
 [32m✓[39m src/agents/pi-embedded-runner/sanitize-session-history.tool-result-details.test.ts [2m([22m[2m1 test[22m[2m)[22m[32m 4[2mms[22m[39m
 [32m✓[39m src/memory/embedding-chunk-limits.test.ts [2m([22m[2m4 tests[22m[2m)[22m[32m 3[2mms[22m[39m
 [32m✓[39m src/slack/targets.test.ts [2m([22m[2m6 tests[22m[2m)[22m[32m 4[2mms[22m[39m
 [32m✓[39m src/agents/command-poll-backoff.test.ts [2m([22m[2m14 tests[22m[2m)[22m[32m 3[2mms[22m[39m
 [32m✓[39m src/wizard/onboarding.completion.test.ts [2m([22m[2m2 tests[22m[2m)[22m[32m 3[2mms[22m[39m
 [32m✓[39m src/wizard/session.test.ts [2m([22m[2m3 tests[22m[2m)[22m[32m 3[2mms[22m[39m
 [32m✓[39m src/agents/tools/agent-step.test.ts [2m([22m[2m2 tests[22m[2m)[22m[32m 4[2mms[22m[39m
 [32m✓[39m src/browser/pw-session.create-page.navigation-guard.test.ts [2m([22m[2m2 tests[22m[2m)[22m[32m 4[2mms[22m[39m
 [32m✓[39m src/memory/hybrid.test.ts [2m([22m[2m4 tests[22m[2m)[22m[32m 4[2mms[22m[39m
[90mstdout[2m | src/cli/run-main.test.ts
[22m[39m[MemoryStore] Initializing the Five-Tier Central Nervous System...
KnowledgeGraph connected to Neo4j successfully.

 [32m✓[39m src/infra/outbound/agent-delivery.test.ts [2m([22m[2m6 tests[22m[2m)[22m[32m 3[2mms[22m[39m
[90mstdout[2m | src/cli/run-main.test.ts
[22m[39mKnowledgeGraph Schema Initialized.

 [32m✓[39m src/commands/status-all/channels.mattermost-token-summary.test.ts [2m([22m[2m3 tests[22m[2m)[22m[32m 3[2mms[22m[39m
 [32m✓[39m src/tui/commands.test.ts [2m([22m[2m4 tests[22m[2m)[22m[32m 4[2mms[22m[39m
 [32m✓[39m src/commands/sandbox-formatters.test.ts [2m([22m[2m31 tests[22m[2m)[22m[32m 3[2mms[22m[39m
 [32m✓[39m src/imessage/monitor/deliver.test.ts [2m([22m[2m3 tests[22m[2m)[22m[32m 4[2mms[22m[39m
 [32m✓[39m src/channels/targets.test.ts [2m([22m[2m4 tests[22m[2m)[22m[32m 3[2mms[22m[39m
 [32m✓[39m src/agents/tools/common.params.test.ts [2m([22m[2m12 tests[22m[2m)[22m[32m 3[2mms[22m[39m
 [32m✓[39m src/media/audio.test.ts [2m([22m[2m23 tests[22m[2m)[22m[32m 3[2mms[22m[39m
 [32m✓[39m src/agents/pi-embedded-runner/system-prompt.test.ts [2m([22m[2m4 tests[22m[2m)[22m[32m 3[2mms[22m[39m
 [32m✓[39m src/plugins/installs.test.ts [2m([22m[2m3 tests[22m[2m)[22m[32m 3[2mms[22m[39m
 [32m✓[39m src/logging/logger-env.test.ts [2m([22m[2m2 tests[22m[2m)[22m[32m 3[2mms[22m[39m
 [32m✓[39m src/acp/control-plane/runtime-cache.test.ts [2m([22m[2m2 tests[22m[2m)[22m[32m 4[2mms[22m[39m
 [32m✓[39m src/cli/cron-cli/shared.test.ts [2m([22m[2m4 tests[22m[2m)[22m[32m 3[2mms[22m[39m
 [32m✓[39m src/config/merge-patch.test.ts [2m([22m[2m6 tests[22m[2m)[22m[32m 4[2mms[22m[39m
 [32m✓[39m src/infra/session-maintenance-warning.test.ts [2m([22m[2m1 test[22m[2m)[22m[32m 4[2mms[22m[39m
 [32m✓[39m src/cli/browser-cli.test.ts [2m([22m[2m3 tests[22m[2m)[22m[32m 4[2mms[22m[39m
[90mstdout[2m | src/agents/pi-embedded-runner.get-dm-history-limit-from-session-key.returns-undefined-sessionkey-is-undefined.test.ts
[22m[39m[MemoryStore] Initializing the Five-Tier Central Nervous System...
KnowledgeGraph connected to Neo4j successfully.

 [32m✓[39m src/agents/sandbox/sanitize-env-vars.test.ts [2m([22m[2m4 tests[22m[2m)[22m[32m 3[2mms[22m[39m
 [32m✓[39m src/config/sessions/artifacts.test.ts [2m([22m[2m3 tests[22m[2m)[22m[32m 3[2mms[22m[39m
[90mstdout[2m | src/agents/pi-embedded-runner.get-dm-history-limit-from-session-key.returns-undefined-sessionkey-is-undefined.test.ts
[22m[39mKnowledgeGraph Schema Initialized.

 [32m✓[39m src/media-understanding/resolve.test.ts [2m([22m[2m6 tests[22m[2m)[22m[32m 4[2mms[22m[39m
 [32m✓[39m src/acp/session-mapper.test.ts [2m([22m[2m2 tests[22m[2m)[22m[32m 3[2mms[22m[39m
 [32m✓[39m src/daemon/cmd-argv.test.ts [2m([22m[2m12 tests[22m[2m)[22m[32m 3[2mms[22m[39m
 [32m✓[39m src/slack/stream-mode.test.ts [2m([22m[2m11 tests[22m[2m)[22m[32m 3[2mms[22m[39m
 [32m✓[39m src/commands/dashboard.links.test.ts [2m([22m[2m3 tests[22m[2m)[22m[32m 3[2mms[22m[39m
 [32m✓[39m src/routing/session-key.test.ts [2m([22m[2m16 tests[22m[2m)[22m[32m 3[2mms[22m[39m
 [32m✓[39m src/providers/github-copilot-models.test.ts [2m([22m[2m6 tests[22m[2m)[22m[32m 3[2mms[22m[39m
 [32m✓[39m src/agents/tools/sessions-resolution.test.ts [2m([22m[2m9 tests[22m[2m)[22m[32m 3[2mms[22m[39m
 [32m✓[39m src/discord/monitor/threading.parent-info.test.ts [2m([22m[2m3 tests[22m[2m)[22m[32m 3[2mms[22m[39m
 [32m✓[39m src/cli/run-main.test.ts [2m([22m[2m14 tests[22m[2m)[22m[32m 4[2mms[22m[39m
 [32m✓[39m src/acp/session.test.ts [2m([22m[2m5 tests[22m[2m)[22m[32m 3[2mms[22m[39m
 [32m✓[39m src/discord/send.permissions.authz.test.ts [2m([22m[2m7 tests[22m[2m)[22m[32m 3[2mms[22m[39m
 [32m✓[39m src/plugins/wired-hooks-session.test.ts [2m([22m[2m3 tests[22m[2m)[22m[32m 3[2mms[22m[39m
 [32m✓[39m src/config/env-preserve.test.ts [2m([22m[2m16 tests[22m[2m)[22m[32m 3[2mms[22m[39m
 [32m✓[39m src/commands/dashboard.test.ts [2m([22m[2m4 tests[22m[2m)[22m[32m 3[2mms[22m[39m
 [32m✓[39m src/slack/blocks-input.test.ts [2m([22m[2m4 tests[22m[2m)[22m[32m 3[2mms[22m[39m
 [32m✓[39m src/plugins/wired-hooks-gateway.test.ts [2m([22m[2m3 tests[22m[2m)[22m[32m 3[2mms[22m[39m
 [32m✓[39m src/discord/monitor/gateway-error-guard.test.ts [2m([22m[2m2 tests[22m[2m)[22m[32m 3[2mms[22m[39m
 [32m✓[39m src/telegram/voice.test.ts [2m([22m[2m5 tests[22m[2m)[22m[32m 3[2mms[22m[39m
 [32m✓[39m src/infra/ssh-config.test.ts [2m([22m[2m3 tests[22m[2m)[22m[32m 6[2mms[22m[39m
 [32m✓[39m src/channels/typing-start-guard.test.ts [2m([22m[2m4 tests[22m[2m)[22m[32m 4[2mms[22m[39m
 [32m✓[39m src/agents/pi-embedded-runner.get-dm-history-limit-from-session-key.returns-undefined-sessionkey-is-undefined.test.ts [2m([22m[2m18 tests[22m[2m)[22m[32m 4[2mms[22m[39m
 [32m✓[39m src/telegram/reaction-level.test.ts [2m([22m[2m7 tests[22m[2m)[22m[32m 3[2mms[22m[39m
 [32m✓[39m src/slack/client.test.ts [2m([22m[2m3 tests[22m[2m)[22m[32m 3[2mms[22m[39m
 [32m✓[39m src/channels/plugins/whatsapp-heartbeat.test.ts [2m([22m[2m8 tests[22m[2m)[22m[32m 3[2mms[22m[39m
 [32m✓[39m src/agents/pi-embedded-block-chunker.test.ts [2m([22m[2m6 tests[22m[2m)[22m[32m 4[2mms[22m[39m
 [32m✓[39m src/cli/deps.test.ts [2m([22m[2m2 tests[22m[2m)[22m[32m 4[2mms[22m[39m
 [32m✓[39m src/agents/pi-embedded-runner.guard.test.ts [2m([22m[2m1 test[22m[2m)[22m[32m 3[2mms[22m[39m
 [32m✓[39m src/agents/chutes-oauth.test.ts [2m([22m[2m6 tests[22m[2m)[22m[32m 3[2mms[22m[39m
 [32m✓[39m src/config/runtime-overrides.test.ts [2m([22m[2m7 tests[22m[2m)[22m[32m 3[2mms[22m[39m
 [32m✓[39m src/line/flex-templates.test.ts [2m([22m[2m7 tests[22m[2m)[22m[32m 3[2mms[22m[39m
 [32m✓[39m src/tui/tui-stream-assembler.test.ts [2m([22m[2m11 tests[22m[2m)[22m[32m 3[2mms[22m[39m
 [32m✓[39m src/discord/directory-live.test.ts [2m([22m[2m4 tests[22m[2m)[22m[32m 3[2mms[22m[39m
 [32m✓[39m src/utils/delivery-context.test.ts [2m([22m[2m5 tests[22m[2m)[22m[32m 3[2mms[22m[39m
 [32m✓[39m src/cli/program/action-reparse.test.ts [2m([22m[2m3 tests[22m[2m)[22m[32m 3[2mms[22m[39m
 [32m✓[39m src/commands/status.update.test.ts [2m([22m[2m6 tests[22m[2m)[22m[32m 3[2mms[22m[39m
 [32m✓[39m src/agents/auth-profiles.cooldown-auto-expiry.test.ts [2m([22m[2m6 tests[22m[2m)[22m[32m 4[2mms[22m[39m
 [32m✓[39m src/auto-reply/fallback-state.test.ts [2m([22m[2m6 tests[22m[2m)[22m[32m 3[2mms[22m[39m
 [32m✓[39m src/hooks/gmail.test.ts [2m([22m[2m8 tests[22m[2m)[22m[32m 3[2mms[22m[39m
 [32m✓[39m src/channels/plugins/message-actions.security.test.ts [2m([22m[2m3 tests[22m[2m)[22m[32m 3[2mms[22m[39m
 [32m✓[39m ui/src/ui/controllers/agents.test.ts [2m([22m[2m2 tests[22m[2m)[22m[32m 3[2mms[22m[39m
 [32m✓[39m src/daemon/inspect.test.ts [2m([22m[2m3 tests[22m[2m)[22m[32m 3[2mms[22m[39m
 [32m✓[39m src/shared/pid-alive.test.ts [2m([22m[2m4 tests[22m[2m)[22m[32m 3[2mms[22m[39m
 [32m✓[39m src/node-host/exec-policy.test.ts [2m([22m[2m12 tests[22m[2m)[22m[32m 3[2mms[22m[39m
 [32m✓[39m src/polls.test.ts [2m([22m[2m6 tests[22m[2m)[22m[32m 3[2mms[22m[39m
 [32m✓[39m src/agents/usage.test.ts [2m([22m[2m17 tests[22m[2m)[22m[32m 3[2mms[22m[39m
[90mstdout[2m | src/channels/channels-misc.test.ts
[22m[39m[MemoryStore] Initializing the Five-Tier Central Nervous System...
KnowledgeGraph connected to Neo4j successfully.

 [32m✓[39m src/line/template-messages.test.ts [2m([22m[2m11 tests[22m[2m)[22m[32m 3[2mms[22m[39m
[90mstdout[2m | src/channels/channels-misc.test.ts
[22m[39mKnowledgeGraph Schema Initialized.

 [32m✓[39m src/utils/run-with-concurrency.test.ts [2m([22m[2m3 tests[22m[2m)[22m[32m 3[2mms[22m[39m
 [32m✓[39m src/plugins/hooks.before-agent-start.test.ts [2m([22m[2m10 tests[22m[2m)[22m[32m 3[2mms[22m[39m
 [32m✓[39m src/providers/google-shared.ensures-function-call-comes-after-user-turn.test.ts [2m([22m[2m2 tests[22m[2m)[22m[32m 3[2mms[22m[39m
 [32m✓[39m src/auto-reply/reply/commands-setunset.test.ts [2m([22m[2m9 tests[22m[2m)[22m[32m 3[2mms[22m[39m
 [32m✓[39m src/commands/channel-account-context.test.ts [2m([22m[2m2 tests[22m[2m)[22m[32m 3[2mms[22m[39m
 [32m✓[39m src/infra/outbound/target-resolver.test.ts [2m([22m[2m2 tests[22m[2m)[22m[32m 3[2mms[22m[39m
 [32m✓[39m src/channels/channels-misc.test.ts [2m([22m[2m11 tests[22m[2m)[22m[32m 3[2mms[22m[39m
 [32m✓[39m src/config/model-alias-defaults.test.ts [2m([22m[2m7 tests[22m[2m)[22m[32m 3[2mms[22m[39m
 [32m✓[39m src/agents/pi-embedded-runner/run/history-image-prune.test.ts [2m([22m[2m3 tests[22m[2m)[22m[32m 3[2mms[22m[39m
 [32m✓[39m src/telegram/proxy.test.ts [2m([22m[2m1 test[22m[2m)[22m[32m 3[2mms[22m[39m
 [32m✓[39m src/agents/sandbox.resolveSandboxContext.test.ts [2m([22m[2m3 tests[22m[2m)[22m[32m 3[2mms[22m[39m
[90mstdout[2m | src/cli/hooks-cli.test.ts
[22m[39m[MemoryStore] Initializing the Five-Tier Central Nervous System...
KnowledgeGraph connected to Neo4j successfully.

 [32m✓[39m src/commands/status-all/report-lines.test.ts [2m([22m[2m1 test[22m[2m)[22m[32m 3[2mms[22m[39m
 [32m✓[39m src/agents/huggingface-models.test.ts [2m([22m[2m5 tests[22m[2m)[22m[32m 3[2mms[22m[39m
 [32m✓[39m src/commands/doctor-config-flow.missing-default-account-bindings.test.ts [2m([22m[2m5 tests[22m[2m)[22m[32m 3[2mms[22m[39m
 [32m✓[39m src/infra/system-run-command.contract.test.ts [2m([22m[2m8 tests[22m[2m)[22m[32m 3[2mms[22m[39m
[90mstdout[2m | src/cli/hooks-cli.test.ts
[22m[39mKnowledgeGraph Schema Initialized.

 [32m✓[39m src/agents/subagent-registry-completion.test.ts [2m([22m[2m6 tests[22m[2m)[22m[32m 3[2mms[22m[39m
 [32m✓[39m src/daemon/program-args.test.ts [2m([22m[2m3 tests[22m[2m)[22m[32m 3[2mms[22m[39m
 [32m✓[39m src/agents/model-auth.test.ts [2m([22m[2m10 tests[22m[2m)[22m[32m 3[2mms[22m[39m
[90mstdout[2m | src/security/dm-policy-channel-smoke.test.ts
[22m[39m[MemoryStore] Initializing the Five-Tier Central Nervous System...
KnowledgeGraph connected to Neo4j successfully.

 [32m✓[39m src/terminal/prompt-select-styled.test.ts [2m([22m[2m1 test[22m[2m)[22m[32m 3[2mms[22m[39m
[90mstdout[2m | src/security/dm-policy-channel-smoke.test.ts
[22m[39mKnowledgeGraph Schema Initialized.

 [32m✓[39m src/agents/bootstrap-hooks.test.ts [2m([22m[2m1 test[22m[2m)[22m[32m 3[2mms[22m[39m
 [32m✓[39m src/whatsapp/normalize.test.ts [2m([22m[2m8 tests[22m[2m)[22m[32m 3[2mms[22m[39m
 [32m✓[39m src/infra/outbound/targets.channel-resolution.test.ts [2m([22m[2m2 tests[22m[2m)[22m[32m 3[2mms[22m[39m
 [32m✓[39m src/agents/compaction.identifier-policy.test.ts [2m([22m[2m5 tests[22m[2m)[22m[32m 3[2mms[22m[39m
 [32m✓[39m src/agents/bootstrap-cache.test.ts [2m([22m[2m5 tests[22m[2m)[22m[32m 3[2mms[22m[39m
 [32m✓[39m src/security/dm-policy-channel-smoke.test.ts [2m([22m[2m6 tests[22m[2m)[22m[32m 3[2mms[22m[39m
 [32m✓[39m src/acp/runtime/session-identifiers.test.ts [2m([22m[2m4 tests[22m[2m)[22m[32m 3[2mms[22m[39m
 [32m✓[39m src/commands/daemon-install-runtime-warning.test.ts [2m([22m[2m3 tests[22m[2m)[22m[32m 3[2mms[22m[39m
 [32m✓[39m src/cli/hooks-cli.test.ts [2m([22m[2m3 tests[22m[2m)[22m[32m 4[2mms[22m[39m
 [32m✓[39m src/channels/plugins/onboarding/signal.test.ts [2m([22m[2m5 tests[22m[2m)[22m[32m 3[2mms[22m[39m
 [32m✓[39m src/cli/program/build-program.test.ts [2m([22m[2m1 test[22m[2m)[22m[32m 3[2mms[22m[39m
 [32m✓[39m src/utils/queue-helpers.test.ts [2m([22m[2m8 tests[22m[2m)[22m[32m 3[2mms[22m[39m
 [32m✓[39m src/agents/pi-embedded-runner.openai-tool-id-preservation.test.ts [2m([22m[2m1 test[22m[2m)[22m[32m 3[2mms[22m[39m
 [32m✓[39m src/pairing/pairing-messages.test.ts [2m([22m[2m6 tests[22m[2m)[22m[32m 3[2mms[22m[39m
 [32m✓[39m src/browser/pw-session.get-page-for-targetid.extension-fallback.test.ts [2m([22m[2m1 test[22m[2m)[22m[32m 3[2mms[22m[39m
 [32m✓[39m src/memory/embeddings-mistral.test.ts [2m([22m[2m3 tests[22m[2m)[22m[32m 2[2mms[22m[39m
 [32m✓[39m src/infra/abort-signal.test.ts [2m([22m[2m3 tests[22m[2m)[22m[32m 3[2mms[22m[39m
[90mstdout[2m | src/slack/monitor.test.ts
[22m[39m[MemoryStore] Initializing the Five-Tier Central Nervous System...
KnowledgeGraph connected to Neo4j successfully.

 [32m✓[39m src/infra/heartbeat-visibility.test.ts [2m([22m[2m13 tests[22m[2m)[22m[32m 3[2mms[22m[39m
 [32m✓[39m src/auto-reply/reply/strip-inbound-meta.test.ts [2m([22m[2m12 tests[22m[2m)[22m[32m 3[2mms[22m[39m
 [32m✓[39m src/channels/dock.test.ts [2m([22m[2m5 tests[22m[2m)[22m[32m 3[2mms[22m[39m
 [32m✓[39m src/discord/monitor/threading.starter.test.ts [2m([22m[2m2 tests[22m[2m)[22m[32m 3[2mms[22m[39m
 [32m✓[39m src/cli/program/helpers.test.ts [2m([22m[2m16 tests[22m[2m)[22m[32m 3[2mms[22m[39m
[90mstdout[2m | src/slack/monitor.test.ts
[22m[39mKnowledgeGraph Schema Initialized.

 [32m✓[39m src/acp/runtime/errors.test.ts [2m([22m[2m2 tests[22m[2m)[22m[32m 3[2mms[22m[39m
 [32m✓[39m src/agents/context.test.ts [2m([22m[2m7 tests[22m[2m)[22m[32m 5[2mms[22m[39m
 [32m✓[39m src/plugins/slots.test.ts [2m([22m[2m5 tests[22m[2m)[22m[32m 3[2mms[22m[39m
 [32m✓[39m src/signal/identity.test.ts [2m([22m[2m7 tests[22m[2m)[22m[32m 3[2mms[22m[39m
 [32m✓[39m src/auto-reply/reply/block-streaming.test.ts [2m([22m[2m3 tests[22m[2m)[22m[32m 3[2mms[22m[39m
 [32m✓[39m src/agents/sandbox/host-paths.test.ts [2m([22m[2m3 tests[22m[2m)[22m[32m 3[2mms[22m[39m
 [32m✓[39m src/line/monitor.read-body.test.ts [2m([22m[2m2 tests[22m[2m)[22m[32m 3[2mms[22m[39m
 [32m✓[39m src/config/runtime-group-policy.test.ts [2m([22m[2m7 tests[22m[2m)[22m[32m 3[2mms[22m[39m
 [32m✓[39m src/agents/test-helpers/pi-tools-sandbox-context.test.ts [2m([22m[2m2 tests[22m[2m)[22m[32m 2[2mms[22m[39m
[90mstdout[2m | src/discord/monitor/provider.skill-dedupe.test.ts
[22m[39m[MemoryStore] Initializing the Five-Tier Central Nervous System...
KnowledgeGraph connected to Neo4j successfully.

 [32m✓[39m src/config/channel-capabilities.test.ts [2m([22m[2m6 tests[22m[2m)[22m[32m 3[2mms[22m[39m
 [32m✓[39m src/telegram/reasoning-lane-coordinator.test.ts [2m([22m[2m4 tests[22m[2m)[22m[32m 3[2mms[22m[39m
 [32m✓[39m src/agents/sandbox-merge.test.ts [2m([22m[2m4 tests[22m[2m)[22m[32m 3[2mms[22m[39m
 [32m✓[39m src/slack/monitor.test.ts [2m([22m[2m12 tests[22m[2m)[22m[32m 4[2mms[22m[39m
[90mstdout[2m | src/discord/monitor/provider.skill-dedupe.test.ts
[22m[39mKnowledgeGraph Schema Initialized.

 [32m✓[39m src/infra/plain-object.test.ts [2m([22m[2m2 tests[22m[2m)[22m[32m 3[2mms[22m[39m
 [32m✓[39m src/slack/channel-migration.test.ts [2m([22m[2m5 tests[22m[2m)[22m[32m 3[2mms[22m[39m
 [32m✓[39m src/auto-reply/reply/reply-payloads.test.ts [2m([22m[2m8 tests[22m[2m)[22m[32m 3[2mms[22m[39m
 [32m✓[39m src/process/supervisor/registry.test.ts [2m([22m[2m3 tests[22m[2m)[22m[32m 3[2mms[22m[39m
 [32m✓[39m src/telegram/inline-buttons.test.ts [2m([22m[2m6 tests[22m[2m)[22m[32m 3[2mms[22m[39m
 [32m✓[39m src/infra/warning-filter.test.ts [2m([22m[2m3 tests[22m[2m)[22m[32m 3[2mms[22m[39m
 [32m✓[39m src/agents/auth-profiles.resolve-auth-profile-order.normalizes-z-ai-aliases-auth-order.test.ts [2m([22m[2m4 tests[22m[2m)[22m[32m 3[2mms[22m[39m
 [32m✓[39m src/cli/npm-resolution.test.ts [2m([22m[2m8 tests[22m[2m)[22m[32m 3[2mms[22m[39m
 [32m✓[39m src/auto-reply/tokens.test.ts [2m([22m[2m10 tests[22m[2m)[22m[32m 3[2mms[22m[39m
 [32m✓[39m src/tui/tui-local-shell.test.ts [2m([22m[2m1 test[22m[2m)[22m[32m 3[2mms[22m[39m
[90mstdout[2m | src/commands/channels.surfaces-signal-runtime-errors-channels-status-output.test.ts
[22m[39m[MemoryStore] Initializing the Five-Tier Central Nervous System...
KnowledgeGraph connected to Neo4j successfully.

 [32m✓[39m src/agents/bash-tools.build-docker-exec-args.test.ts [2m([22m[2m6 tests[22m[2m)[22m[32m 3[2mms[22m[39m
 [32m✓[39m src/plugin-sdk/status-helpers.test.ts [2m([22m[2m8 tests[22m[2m)[22m[32m 3[2mms[22m[39m
 [32m✓[39m src/channels/telegram/api.test.ts [2m([22m[2m4 tests[22m[2m)[22m[32m 3[2mms[22m[39m
[90mstdout[2m | src/commands/channels.surfaces-signal-runtime-errors-channels-status-output.test.ts
[22m[39mKnowledgeGraph Schema Initialized.

 [32m✓[39m src/commands/onboard-skills.test.ts [2m([22m[2m2 tests[22m[2m)[22m[32m 3[2mms[22m[39m
 [32m✓[39m src/discord/monitor/provider.skill-dedupe.test.ts [2m([22m[2m5 tests[22m[2m)[22m[32m 3[2mms[22m[39m
 [32m✓[39m src/plugin-sdk/ssrf-policy.test.ts [2m([22m[2m9 tests[22m[2m)[22m[32m 3[2mms[22m[39m
 [32m✓[39m src/agents/auth-profiles.resolve-auth-profile-order.orders-by-lastused-no-explicit-order-exists.test.ts [2m([22m[2m2 tests[22m[2m)[22m[32m 3[2mms[22m[39m
 [32m✓[39m src/terminal/restore.test.ts [2m([22m[2m3 tests[22m[2m)[22m[32m 3[2mms[22m[39m
 [32m✓[39m src/utils/directive-tags.test.ts [2m([22m[2m6 tests[22m[2m)[22m[32m 3[2mms[22m[39m
 [32m✓[39m src/infra/provider-usage.fetch.shared.test.ts [2m([22m[2m3 tests[22m[2m)[22m[32m 3[2mms[22m[39m
 [32m✓[39m src/agents/transcript-policy.test.ts [2m([22m[2m7 tests[22m[2m)[22m[32m 3[2mms[22m[39m
 [32m✓[39m src/agents/tool-policy.plugin-only-allowlist.test.ts [2m([22m[2m6 tests[22m[2m)[22m[32m 3[2mms[22m[39m
 [32m✓[39m src/slack/resolve-channels.test.ts [2m([22m[2m2 tests[22m[2m)[22m[32m 3[2mms[22m[39m
 [32m✓[39m src/tui/tui-overlays.test.ts [2m([22m[2m2 tests[22m[2m)[22m[32m 3[2mms[22m[39m
 [32m✓[39m src/commands/channels.surfaces-signal-runtime-errors-channels-status-output.test.ts [2m([22m[2m2 tests[22m[2m)[22m[32m 3[2mms[22m[39m
 [32m✓[39m src/media/inbound-path-policy.test.ts [2m([22m[2m5 tests[22m[2m)[22m[32m 3[2mms[22m[39m
 [32m✓[39m src/discord/gateway-logging.test.ts [2m([22m[2m3 tests[22m[2m)[22m[32m 3[2mms[22m[39m
 [32m✓[39m src/channels/ack-reactions.test.ts [2m([22m[2m8 tests[22m[2m)[22m[32m 3[2mms[22m[39m
 [32m✓[39m src/channels/allowlists/resolve-utils.test.ts [2m([22m[2m7 tests[22m[2m)[22m[32m 3[2mms[22m[39m
 [32m✓[39m ui/src/ui/views/usage-render-details.test.ts [2m([22m[2m8 tests[22m[2m)[22m[32m 3[2mms[22m[39m
 [32m✓[39m src/telegram/group-migration.test.ts [2m([22m[2m5 tests[22m[2m)[22m[32m 3[2mms[22m[39m
 [32m✓[39m src/daemon/runtime-binary.test.ts [2m([22m[2m6 tests[22m[2m)[22m[32m 3[2mms[22m[39m
 [32m✓[39m src/slack/modal-metadata.test.ts [2m([22m[2m4 tests[22m[2m)[22m[32m 3[2mms[22m[39m
 [32m✓[39m src/line/accounts.test.ts [2m([22m[2m6 tests[22m[2m)[22m[32m 3[2mms[22m[39m
 [32m✓[39m src/discord/monitor/provider.allowlist.test.ts [2m([22m[2m1 test[22m[2m)[22m[32m 3[2mms[22m[39m
 [32m✓[39m src/cli/update-cli/shared.command-runner.test.ts [2m([22m[2m1 test[22m[2m)[22m[32m 3[2mms[22m[39m
 [32m✓[39m src/channels/allow-from.test.ts [2m([22m[2m8 tests[22m[2m)[22m[32m 3[2mms[22m[39m
 [32m✓[39m src/channels/plugins/status-issues/bluebubbles.test.ts [2m([22m[2m3 tests[22m[2m)[22m[32m 3[2mms[22m[39m
 [32m✓[39m src/commands/doctor-platform-notes.launchctl-env-overrides.test.ts [2m([22m[2m3 tests[22m[2m)[22m[32m 3[2mms[22m[39m
 [32m✓[39m src/infra/archive-path.test.ts [2m([22m[2m3 tests[22m[2m)[22m[32m 3[2mms[22m[39m
 [32m✓[39m src/cli/run-main.exit.test.ts [2m([22m[2m1 test[22m[2m)[22m[32m 3[2mms[22m[39m
 [32m✓[39m src/agents/usage.normalization.test.ts [2m([22m[2m7 tests[22m[2m)[22m[32m 3[2mms[22m[39m
 [32m✓[39m src/discord/accounts.test.ts [2m([22m[2m3 tests[22m[2m)[22m[32m 3[2mms[22m[39m
 [32m✓[39m src/auto-reply/media-note.test.ts [2m([22m[2m11 tests[22m[2m)[22m[32m 3[2mms[22m[39m
 [32m✓[39m src/infra/secure-random.test.ts [2m([22m[2m2 tests[22m[2m)[22m[32m 3[2mms[22m[39m
 [32m✓[39m src/terminal/stream-writer.test.ts [2m([22m[2m2 tests[22m[2m)[22m[32m 3[2mms[22m[39m
 [32m✓[39m src/shared/avatar-policy.test.ts [2m([22m[2m5 tests[22m[2m)[22m[32m 3[2mms[22m[39m
 [32m✓[39m src/test-utils/channel-plugins.test.ts [2m([22m[2m3 tests[22m[2m)[22m[32m 3[2mms[22m[39m
 [32m✓[39m src/agents/tool-policy-pipeline.test.ts [2m([22m[2m3 tests[22m[2m)[22m[32m 3[2mms[22m[39m
 [32m✓[39m src/tts/prepare-text.test.ts [2m([22m[2m5 tests[22m[2m)[22m[32m 3[2mms[22m[39m
 [32m✓[39m src/agents/sandbox/browser.novnc-url.test.ts [2m([22m[2m4 tests[22m[2m)[22m[32m 3[2mms[22m[39m
 [32m✓[39m src/commands/doctor-legacy-config.test.ts [2m([22m[2m2 tests[22m[2m)[22m[32m 3[2mms[22m[39m
 [32m✓[39m src/plugins/logger.test.ts [2m([22m[2m1 test[22m[2m)[22m[32m 3[2mms[22m[39m
 [32m✓[39m src/security/audit-extra.sync.test.ts [2m([22m[2m7 tests[22m[2m)[22m[32m 3[2mms[22m[39m
 [32m✓[39m src/browser/control-auth.test.ts [2m([22m[2m5 tests[22m[2m)[22m[32m 3[2mms[22m[39m
 [32m✓[39m src/utils/transcript-tools.test.ts [2m([22m[2m7 tests[22m[2m)[22m[32m 3[2mms[22m[39m
 [32m✓[39m src/web/accounts.test.ts [2m([22m[2m4 tests[22m[2m)[22m[32m 3[2mms[22m[39m
[90mstdout[2m | src/agents/pi-embedded-runner.limithistoryturns.test.ts
[22m[39m[MemoryStore] Initializing the Five-Tier Central Nervous System...
KnowledgeGraph connected to Neo4j successfully.

[90mstdout[2m | src/agents/pi-embedded-runner.splitsdktools.test.ts
[22m[39m[MemoryStore] Initializing the Five-Tier Central Nervous System...
KnowledgeGraph connected to Neo4j successfully.

 [32m✓[39m src/agents/pi-embedded-runner.resolvesessionagentids.test.ts [2m([22m[2m7 tests[22m[2m)[22m[32m 3[2mms[22m[39m
[90mstdout[2m | src/agents/pi-embedded-runner.limithistoryturns.test.ts
[22m[39mKnowledgeGraph Schema Initialized.

[90mstdout[2m | src/agents/pi-embedded-runner.splitsdktools.test.ts
[22m[39mKnowledgeGraph Schema Initialized.

 [32m✓[39m src/commands/models/list.list-command.forward-compat.test.ts [2m([22m[2m1 test[22m[2m)[22m[32m 3[2mms[22m[39m
[90mstdout[2m | src/plugin-sdk/index.test.ts
[22m[39m[MemoryStore] Initializing the Five-Tier Central Nervous System...
KnowledgeGraph connected to Neo4j successfully.

 [32m✓[39m src/plugins/enable.test.ts [2m([22m[2m6 tests[22m[2m)[22m[32m 3[2mms[22m[39m
[90mstdout[2m | src/plugin-sdk/index.test.ts
[22m[39mKnowledgeGraph Schema Initialized.

 [32m✓[39m src/tui/tui-session-actions.test.ts [2m([22m[2m1 test[22m[2m)[22m[32m 3[2mms[22m[39m
 [32m✓[39m src/discord/monitor/threading.auto-thread.test.ts [2m([22m[2m5 tests[22m[2m)[22m[32m 3[2mms[22m[39m
 [32m✓[39m src/cron/stagger.test.ts [2m([22m[2m4 tests[22m[2m)[22m[32m 3[2mms[22m[39m
 [32m✓[39m src/shared/config-eval.test.ts [2m([22m[2m4 tests[22m[2m)[22m[32m 2[2mms[22m[39m
 [32m✓[39m src/routing/session-key.continuity.test.ts [2m([22m[2m3 tests[22m[2m)[22m[32m 3[2mms[22m[39m
 [32m✓[39m src/plugin-sdk/index.test.ts [2m([22m[2m1 test[22m[2m)[22m[32m 5[2mms[22m[39m
 [32m✓[39m src/providers/github-copilot-token.test.ts [2m([22m[2m3 tests[22m[2m)[22m[32m 4[2mms[22m[39m
[90mstdout[2m | src/commands/models.auth.provider-resolution.test.ts
[22m[39m[MemoryStore] Initializing the Five-Tier Central Nervous System...
KnowledgeGraph connected to Neo4j successfully.

 [32m✓[39m src/agents/pi-embedded-runner.splitsdktools.test.ts [2m([22m[2m2 tests[22m[2m)[22m[32m 3[2mms[22m[39m
 [32m✓[39m src/agents/pi-embedded-runner.limithistoryturns.test.ts [2m([22m[2m9 tests[22m[2m)[22m[32m 3[2mms[22m[39m
 [32m✓[39m src/agents/pi-embedded-runner/thinking.test.ts [2m([22m[2m4 tests[22m[2m)[22m[32m 3[2mms[22m[39m
[90mstdout[2m | src/commands/models.auth.provider-resolution.test.ts
[22m[39mKnowledgeGraph Schema Initialized.

 [32m✓[39m src/agents/pi-project-settings.test.ts [2m([22m[2m5 tests[22m[2m)[22m[32m 3[2mms[22m[39m
 [32m✓[39m src/cli/daemon-cli-compat.test.ts [2m([22m[2m3 tests[22m[2m)[22m[32m 3[2mms[22m[39m
[90mstdout[2m | src/agents/pi-embedded-runner/extra-params.cache-retention-default.test.ts
[22m[39m[MemoryStore] Initializing the Five-Tier Central Nervous System...
KnowledgeGraph connected to Neo4j successfully.

 [32m✓[39m src/acp/policy.test.ts [2m([22m[2m4 tests[22m[2m)[22m[32m 3[2mms[22m[39m
 [32m✓[39m test/scripts/ui.test.ts [2m([22m[2m5 tests[22m[2m)[22m[32m 3[2mms[22m[39m
[90mstdout[2m | src/agents/pi-embedded-runner/extra-params.cache-retention-default.test.ts
[22m[39mKnowledgeGraph Schema Initialized.

 [32m✓[39m src/agents/compaction.tool-result-details.test.ts [2m([22m[2m2 tests[22m[2m)[22m[32m 3[2mms[22m[39m
 [32m✓[39m src/plugin-sdk/group-access.test.ts [2m([22m[2m4 tests[22m[2m)[22m[32m 3[2mms[22m[39m
 [32m✓[39m src/dockerfile.test.ts [2m([22m[2m1 test[22m[2m)[22m[32m 3[2mms[22m[39m
 [32m✓[39m src/shared/requirements.test.ts [2m([22m[2m6 tests[22m[2m)[22m[32m 3[2mms[22m[39m
 [32m✓[39m src/slack/monitor/allow-list.test.ts [2m([22m[2m3 tests[22m[2m)[22m[32m 3[2mms[22m[39m
[90mstdout[2m | src/agents/pi-embedded-subscribe.tools.extract.test.ts
[22m[39m[MemoryStore] Initializing the Five-Tier Central Nervous System...
KnowledgeGraph connected to Neo4j successfully.

 [32m✓[39m src/channels/plugins/onboarding/imessage.test.ts [2m([22m[2m3 tests[22m[2m)[22m[32m 3[2mms[22m[39m
 [32m✓[39m src/shared/operator-scope-compat.test.ts [2m([22m[2m5 tests[22m[2m)[22m[32m 2[2mms[22m[39m
 [32m✓[39m src/channels/plugins/status-issues/whatsapp.test.ts [2m([22m[2m3 tests[22m[2m)[22m[32m 3[2mms[22m[39m
 [32m✓[39m src/config/agent-dirs.test.ts [2m([22m[2m2 tests[22m[2m)[22m[32m 2[2mms[22m[39m
[90mstdout[2m | src/agents/pi-embedded-subscribe.tools.extract.test.ts
[22m[39mKnowledgeGraph Schema Initialized.

 [32m✓[39m src/media-understanding/format.test.ts [2m([22m[2m5 tests[22m[2m)[22m[32m 3[2mms[22m[39m
 [32m✓[39m src/plugins/source-display.test.ts [2m([22m[2m3 tests[22m[2m)[22m[32m 2[2mms[22m[39m
 [32m✓[39m src/cli/program/command-tree.test.ts [2m([22m[2m4 tests[22m[2m)[22m[32m 3[2mms[22m[39m
 [32m✓[39m src/slack/accounts.test.ts [2m([22m[2m4 tests[22m[2m)[22m[32m 3[2mms[22m[39m
 [32m✓[39m src/agents/session-slug.test.ts [2m([22m[2m3 tests[22m[2m)[22m[32m 3[2mms[22m[39m
 [32m✓[39m src/commands/models.auth.provider-resolution.test.ts [2m([22m[2m2 tests[22m[2m)[22m[32m 3[2mms[22m[39m
 [32m✓[39m src/infra/skills-remote.test.ts [2m([22m[2m2 tests[22m[2m)[22m[32m 2[2mms[22m[39m
 [32m✓[39m src/agents/pi-embedded-runner/extra-params.cache-retention-default.test.ts [2m([22m[2m7 tests[22m[2m)[22m[32m 3[2mms[22m[39m
 [32m✓[39m src/media-understanding/providers/index.test.ts [2m([22m[2m3 tests[22m[2m)[22m[32m 3[2mms[22m[39m
 [32m✓[39m src/agents/pi-embedded-subscribe.tools.extract.test.ts [2m([22m[2m3 tests[22m[2m)[22m[32m 3[2mms[22m[39m
 [32m✓[39m src/config/commands.test.ts [2m([22m[2m8 tests[22m[2m)[22m[32m 3[2mms[22m[39m
 [32m✓[39m src/cron/delivery.test.ts [2m([22m[2m4 tests[22m[2m)[22m[32m 2[2mms[22m[39m
 [32m✓[39m src/plugins/config-state.test.ts [2m([22m[2m8 tests[22m[2m)[22m[32m 3[2mms[22m[39m
 [32m✓[39m src/config/config.talk-api-key-fallback.test.ts [2m([22m[2m2 tests[22m[2m)[22m[32m 2[2mms[22m[39m
 [32m✓[39m src/agents/tool-mutation.test.ts [2m([22m[2m5 tests[22m[2m)[22m[32m 3[2mms[22m[39m
 [32m✓[39m src/plugin-sdk/command-auth.test.ts [2m([22m[2m2 tests[22m[2m)[22m[32m 3[2mms[22m[39m
 [32m✓[39m src/web/auto-reply/monitor/group-members.test.ts [2m([22m[2m5 tests[22m[2m)[22m[32m 2[2mms[22m[39m
 [32m✓[39m src/channels/model-overrides.test.ts [2m([22m[2m3 tests[22m[2m)[22m[32m 2[2mms[22m[39m
 [32m✓[39m src/channels/sender-label.test.ts [2m([22m[2m4 tests[22m[2m)[22m[32m 2[2mms[22m[39m
 [32m✓[39m src/shared/string-normalization.test.ts [2m([22m[2m4 tests[22m[2m)[22m[32m 3[2mms[22m[39m
 [32m✓[39m src/infra/env.test.ts [2m([22m[2m6 tests[22m[2m)[22m[32m 3[2mms[22m[39m
 [32m✓[39m src/routing/account-id.test.ts [2m([22m[2m5 tests[22m[2m)[22m[32m 2[2mms[22m[39m
 [32m✓[39m src/infra/home-dir.test.ts [2m([22m[2m8 tests[22m[2m)[22m[32m 2[2mms[22m[39m
 [32m✓[39m src/agents/context-window-guard.test.ts [2m([22m[2m9 tests[22m[2m)[22m[32m 3[2mms[22m[39m
 [32m✓[39m src/infra/heartbeat-reason.test.ts [2m([22m[2m5 tests[22m[2m)[22m[32m 2[2mms[22m[39m
 [32m✓[39m src/channels/plugins/normalize/telegram.test.ts [2m([22m[2m6 tests[22m[2m)[22m[32m 3[2mms[22m[39m
 [32m✓[39m src/cli/progress.test.ts [2m([22m[2m2 tests[22m[2m)[22m[32m 3[2mms[22m[39m
[90mstdout[2m | src/agents/observer/mediator.test.ts[2m > [22m[2mMediatorSys[2m > [22m[2marbitrate returns an ArbitrationResult
[22m[39m[Mediator] Dispute arbitrated. Verdict: REJECT. Action: Rejected user claim. Maintained core fact.

[90mstdout[2m | src/agents/observer/mediator.test.ts[2m > [22m[2mMediatorSys[2m > [22m[2mREJECT verdict maintains core fact
[22m[39m[Mediator] Dispute arbitrated. Verdict: REJECT. Action: Rejected user claim. Maintained core fact.

 [32m✓[39m src/agents/observer/mediator.test.ts [2m([22m[2m3 tests[22m[2m)[22m[32m 3[2mms[22m[39m
 [32m✓[39m src/agents/model-ref-profile.test.ts [2m([22m[2m7 tests[22m[2m)[22m[32m 3[2mms[22m[39m
 [32m✓[39m src/memory/qmd-scope.test.ts [2m([22m[2m6 tests[22m[2m)[22m[32m 3[2mms[22m[39m
 [32m✓[39m src/agents/owner-display.test.ts [2m([22m[2m5 tests[22m[2m)[22m[32m 6[2mms[22m[39m
 [32m✓[39m src/agents/pi-embedded-runner/run/compaction-timeout.test.ts [2m([22m[2m4 tests[22m[2m)[22m[32m 2[2mms[22m[39m
 [32m✓[39m src/web/inbound/media.node.test.ts [2m([22m[2m9 tests[22m[2m)[22m[32m 3[2mms[22m[39m
 [32m✓[39m src/commands/configure.gateway-auth.prompt-auth-config.test.ts [2m([22m[2m2 tests[22m[2m)[22m[32m 3[2mms[22m[39m
[90mstdout[2m | src/telegram/bot-message-dispatch.sticker-media.test.ts
[22m[39m[MemoryStore] Initializing the Five-Tier Central Nervous System...
KnowledgeGraph connected to Neo4j successfully.

 [32m✓[39m src/daemon/systemd-unit.test.ts [2m([22m[2m2 tests[22m[2m)[22m[32m 2[2mms[22m[39m
 [32m✓[39m src/config/sessions/delivery-info.test.ts [2m([22m[2m4 tests[22m[2m)[22m[32m 3[2mms[22m[39m
 [32m✓[39m src/agents/pi-embedded-runner/google.test.ts [2m([22m[2m2 tests[22m[2m)[22m[32m 3[2mms[22m[39m
[90mstdout[2m | src/telegram/bot-message-dispatch.sticker-media.test.ts
[22m[39mKnowledgeGraph Schema Initialized.

[90mstdout[2m | src/line/monitor.fail-closed.test.ts
[22m[39m[MemoryStore] Initializing the Five-Tier Central Nervous System...
KnowledgeGraph connected to Neo4j successfully.

 [32m✓[39m src/agents/system-prompt-report.test.ts [2m([22m[2m6 tests[22m[2m)[22m[32m 2[2mms[22m[39m
 [32m✓[39m src/infra/host-env-security.policy-parity.test.ts [2m([22m[2m1 test[22m[2m)[22m[32m 3[2mms[22m[39m
 [32m✓[39m src/telegram/draft-chunking.test.ts [2m([22m[2m3 tests[22m[2m)[22m[32m 2[2mms[22m[39m
[90mstdout[2m | src/line/monitor.fail-closed.test.ts
[22m[39mKnowledgeGraph Schema Initialized.

 [32m✓[39m src/agents/skills/filter.test.ts [2m([22m[2m4 tests[22m[2m)[22m[32m 2[2mms[22m[39m
 [32m✓[39m src/security/safe-regex.test.ts [2m([22m[2m4 tests[22m[2m)[22m[32m 3[2mms[22m[39m
 [32m✓[39m src/agents/tools/common.test.ts [2m([22m[2m3 tests[22m[2m)[22m[32m 2[2mms[22m[39m
 [32m✓[39m src/telegram/bot-message-dispatch.sticker-media.test.ts [2m([22m[2m3 tests[22m[2m)[22m[32m 3[2mms[22m[39m
 [32m✓[39m src/browser/chrome-extension-options-validation.test.ts [2m([22m[2m6 tests[22m[2m)[22m[32m 3[2mms[22m[39m
 [32m✓[39m src/infra/agent-events.test.ts [2m([22m[2m3 tests[22m[2m)[22m[32m 2[2mms[22m[39m
 [32m✓[39m src/line/monitor.fail-closed.test.ts [2m([22m[2m2 tests[22m[2m)[22m[32m 3[2mms[22m[39m
 [32m✓[39m src/browser/chrome.default-browser.test.ts [2m([22m[2m2 tests[22m[2m)[22m[32m 2[2mms[22m[39m
 [32m✓[39m src/browser/routes/agent.storage.test.ts [2m([22m[2m6 tests[22m[2m)[22m[32m 3[2mms[22m[39m
 [32m✓[39m test/integration/observer-pipeline.test.ts [2m([22m[2m8 tests[22m[2m)[22m[32m 3[2mms[22m[39m
 [32m✓[39m src/signal/probe.test.ts [2m([22m[2m6 tests[22m[2m)[22m[32m 3[2mms[22m[39m
 [32m✓[39m src/discord/probe.intents.test.ts [2m([22m[2m4 tests[22m[2m)[22m[32m 3[2mms[22m[39m
 [32m✓[39m src/cli/log-level-option.test.ts [2m([22m[2m2 tests[22m[2m)[22m[32m 3[2mms[22m[39m
 [32m✓[39m src/agents/identity.test.ts [2m([22m[2m6 tests[22m[2m)[22m[32m 3[2mms[22m[39m
 [32m✓[39m src/infra/net/ssrf.dispatcher.test.ts [2m([22m[2m1 test[22m[2m)[22m[32m 2[2mms[22m[39m
 [32m✓[39m src/agents/model-auth-label.test.ts [2m([22m[2m2 tests[22m[2m)[22m[32m 2[2mms[22m[39m
 [32m✓[39m src/agents/auth-profiles.getsoonestcooldownexpiry.test.ts [2m([22m[2m4 tests[22m[2m)[22m[32m 2[2mms[22m[39m
 [32m✓[39m src/agents/identity.human-delay.test.ts [2m([22m[2m2 tests[22m[2m)[22m[32m 2[2mms[22m[39m
 [32m✓[39m src/infra/fixed-window-rate-limit.test.ts [2m([22m[2m2 tests[22m[2m)[22m[32m 2[2mms[22m[39m
 [32m✓[39m src/channels/plugins/normalize/targets.test.ts [2m([22m[2m4 tests[22m[2m)[22m[32m 3[2mms[22m[39m
 [32m✓[39m src/cli/update-cli/progress.test.ts [2m([22m[2m3 tests[22m[2m)[22m[32m 2[2mms[22m[39m
 [32m✓[39m src/agents/identity-file.test.ts [2m([22m[2m2 tests[22m[2m)[22m[32m 2[2mms[22m[39m
 [32m✓[39m src/infra/install-safe-path.test.ts [2m([22m[2m3 tests[22m[2m)[22m[32m 2[2mms[22m[39m
 [32m✓[39m src/signal/monitor.test.ts [2m([22m[2m6 tests[22m[2m)[22m[32m 2[2mms[22m[39m
 [32m✓[39m src/commands/onboard-auth.config-shared.test.ts [2m([22m[2m3 tests[22m[2m)[22m[32m 3[2mms[22m[39m
 [32m✓[39m src/utils/usage-format.test.ts [2m([22m[2m3 tests[22m[2m)[22m[32m 2[2mms[22m[39m
 [32m✓[39m src/cli/nodes-media-utils.test.ts [2m([22m[2m2 tests[22m[2m)[22m[32m 2[2mms[22m[39m
 [32m✓[39m src/cli/program/context.test.ts [2m([22m[2m2 tests[22m[2m)[22m[32m 2[2mms[22m[39m
 [32m✓[39m src/plugin-sdk/allow-from.test.ts [2m([22m[2m7 tests[22m[2m)[22m[32m 2[2mms[22m[39m
 [32m✓[39m src/auto-reply/reply/typing-policy.test.ts [2m([22m[2m5 tests[22m[2m)[22m[32m 2[2mms[22m[39m
 [32m✓[39m src/cli/completion-fish.test.ts [2m([22m[2m4 tests[22m[2m)[22m[32m 2[2mms[22m[39m
 [32m✓[39m src/slack/threading-tool-context.test.ts [2m([22m[2m7 tests[22m[2m)[22m[32m 3[2mms[22m[39m
 [32m✓[39m src/browser/chrome-extension-manifest.test.ts [2m([22m[2m2 tests[22m[2m)[22m[32m 2[2mms[22m[39m
 [32m✓[39m src/infra/install-mode-options.test.ts [2m([22m[2m4 tests[22m[2m)[22m[32m 2[2mms[22m[39m
 [32m✓[39m src/sessions/send-policy.test.ts [2m([22m[2m5 tests[22m[2m)[22m[32m 2[2mms[22m[39m
 [32m✓[39m src/channels/location.test.ts [2m([22m[2m4 tests[22m[2m)[22m[32m 2[2mms[22m[39m
[90mstdout[2m | src/agents/pi-embedded-runner.buildembeddedsandboxinfo.test.ts
[22m[39m[MemoryStore] Initializing the Five-Tier Central Nervous System...
KnowledgeGraph connected to Neo4j successfully.

 [32m✓[39m src/telegram/group-access.group-policy.test.ts [2m([22m[2m3 tests[22m[2m)[22m[32m 2[2mms[22m[39m
 [32m✓[39m src/plugins/bundled-sources.test.ts [2m([22m[2m2 tests[22m[2m)[22m[32m 2[2mms[22m[39m
 [32m✓[39m src/utils/reaction-level.test.ts [2m([22m[2m5 tests[22m[2m)[22m[32m 2[2mms[22m[39m
[90mstdout[2m | src/agents/pi-embedded-runner.buildembeddedsandboxinfo.test.ts
[22m[39mKnowledgeGraph Schema Initialized.

 [32m✓[39m src/browser/routes/agent.shared.test.ts [2m([22m[2m4 tests[22m[2m)[22m[32m 3[2mms[22m[39m
 [32m✓[39m src/discord/token.test.ts [2m([22m[2m3 tests[22m[2m)[22m[32m 2[2mms[22m[39m
 [32m✓[39m src/channels/registry.helpers.test.ts [2m([22m[2m4 tests[22m[2m)[22m[32m 2[2mms[22m[39m
 [32m✓[39m src/infra/update-channels.test.ts [2m([22m[2m3 tests[22m[2m)[22m[32m 2[2mms[22m[39m
 [32m✓[39m src/discord/monitor/thread-bindings.discord-api.test.ts [2m([22m[2m4 tests[22m[2m)[22m[32m 3[2mms[22m[39m
 [32m✓[39m src/logging/timestamps.test.ts [2m([22m[2m2 tests[22m[2m)[22m[32m 2[2mms[22m[39m
 [32m✓[39m src/media-understanding/defaults.test.ts [2m([22m[2m3 tests[22m[2m)[22m[32m 2[2mms[22m[39m
 [32m✓[39m src/agents/skills.resolveskillspromptforrun.test.ts [2m([22m[2m2 tests[22m[2m)[22m[32m 3[2mms[22m[39m
 [32m✓[39m src/infra/system-run-approval-mismatch.contract.test.ts [2m([22m[2m3 tests[22m[2m)[22m[32m 2[2mms[22m[39m
 [32m✓[39m src/plugins/hooks.phase-hooks.test.ts [2m([22m[2m2 tests[22m[2m)[22m[32m 2[2mms[22m[39m
 [32m✓[39m ui/src/ui/views/agents-utils.test.ts [2m([22m[2m3 tests[22m[2m)[22m[32m 2[2mms[22m[39m
 [32m✓[39m src/markdown/whatsapp.test.ts [2m([22m[2m3 tests[22m[2m)[22m[32m 3[2mms[22m[39m
 [32m✓[39m src/agents/tool-fs-policy.test.ts [2m([22m[2m4 tests[22m[2m)[22m[32m 2[2mms[22m[39m
 [32m✓[39m src/channels/plugins/onboarding/telegram.test.ts [2m([22m[2m3 tests[22m[2m)[22m[32m 2[2mms[22m[39m
 [32m✓[39m src/slack/threading.test.ts [2m([22m[2m7 tests[22m[2m)[22m[32m 2[2mms[22m[39m
 [32m✓[39m test/appcast.test.ts [2m([22m[2m1 test[22m[2m)[22m[32m 2[2mms[22m[39m
 [32m✓[39m src/config/sessions/cache-fields.test.ts [2m([22m[2m4 tests[22m[2m)[22m[32m 2[2mms[22m[39m
 [32m✓[39m src/hooks/module-loader.test.ts [2m([22m[2m5 tests[22m[2m)[22m[32m 2[2mms[22m[39m
 [32m✓[39m src/discord/monitor/thread-bindings.persona.test.ts [2m([22m[2m3 tests[22m[2m)[22m[32m 2[2mms[22m[39m
 [32m✓[39m src/channels/command-gating.test.ts [2m([22m[2m8 tests[22m[2m)[22m[32m 2[2mms[22m[39m
 [32m✓[39m src/cli/plugins-config.test.ts [2m([22m[2m3 tests[22m[2m)[22m[32m 2[2mms[22m[39m
 [32m✓[39m src/agents/content-blocks.test.ts [2m([22m[2m2 tests[22m[2m)[22m[32m 2[2mms[22m[39m
 [32m✓[39m src/auto-reply/commands-args.test.ts [2m([22m[2m3 tests[22m[2m)[22m[32m 2[2mms[22m[39m
 [32m✓[39m src/cron/service/timeout-policy.test.ts [2m([22m[2m4 tests[22m[2m)[22m[32m 2[2mms[22m[39m
 [32m✓[39m src/channels/conversation-label.test.ts [2m([22m[2m8 tests[22m[2m)[22m[32m 2[2mms[22m[39m
 [32m✓[39m src/config/merge-patch.proto-pollution.test.ts [2m([22m[2m4 tests[22m[2m)[22m[32m 2[2mms[22m[39m
 [32m✓[39m src/cron/isolated-agent/run.session-key.test.ts [2m([22m[2m4 tests[22m[2m)[22m[32m 2[2mms[22m[39m
 [32m✓[39m src/agents/pi-embedded-runner.buildembeddedsandboxinfo.test.ts [2m([22m[2m3 tests[22m[2m)[22m[32m 2[2mms[22m[39m
 [32m✓[39m src/utils/message-channel.test.ts [2m([22m[2m2 tests[22m[2m)[22m[32m 2[2mms[22m[39m
 [32m✓[39m src/agents/pty-keys.test.ts [2m([22m[2m5 tests[22m[2m)[22m[32m 2[2mms[22m[39m
 [32m✓[39m src/memory/batch-output.test.ts [2m([22m[2m3 tests[22m[2m)[22m[32m 2[2mms[22m[39m
 [32m✓[39m src/shared/node-list-parse.test.ts [2m([22m[2m2 tests[22m[2m)[22m[32m 2[2mms[22m[39m
 [32m✓[39m src/infra/widearea-dns.test.ts [2m([22m[2m2 tests[22m[2m)[22m[32m 2[2mms[22m[39m
 [32m✓[39m src/agents/sandbox/bind-spec.test.ts [2m([22m[2m3 tests[22m[2m)[22m[32m 2[2mms[22m[39m
 [32m✓[39m src/telegram/bot-message.test.ts [2m([22m[2m2 tests[22m[2m)[22m[32m 2[2mms[22m[39m
 [32m✓[39m src/agents/sandbox/context.user-fallback.test.ts [2m([22m[2m3 tests[22m[2m)[22m[32m 2[2mms[22m[39m
 [32m✓[39m src/media/image-ops.helpers.test.ts [2m([22m[2m3 tests[22m[2m)[22m[32m 2[2mms[22m[39m
[90mstdout[2m | src/slack/monitor/message-handler/dispatch.streaming.test.ts
[22m[39m[MemoryStore] Initializing the Five-Tier Central Nervous System...
KnowledgeGraph connected to Neo4j successfully.

 [32m✓[39m src/commands/models/list.auth-overview.test.ts [2m([22m[2m1 test[22m[2m)[22m[32m 2[2mms[22m[39m
[90mstdout[2m | src/slack/monitor/message-handler/dispatch.streaming.test.ts
[22m[39mKnowledgeGraph Schema Initialized.

 [32m✓[39m src/infra/outbound/conversation-id.test.ts [2m([22m[2m5 tests[22m[2m)[22m[32m 2[2mms[22m[39m
 [32m✓[39m src/memory/batch-error-utils.test.ts [2m([22m[2m4 tests[22m[2m)[22m[32m 2[2mms[22m[39m
 [32m✓[39m src/wizard/clack-prompter.test.ts [2m([22m[2m3 tests[22m[2m)[22m[32m 2[2mms[22m[39m
 [32m✓[39m src/agents/acp-binding-architecture.guardrail.test.ts [2m([22m[2m1 test[22m[2m)[22m[32m 2[2mms[22m[39m
 [32m✓[39m src/channels/mention-gating.test.ts [2m([22m[2m5 tests[22m[2m)[22m[32m 2[2mms[22m[39m
 [32m✓[39m src/infra/heartbeat-events-filter.test.ts [2m([22m[2m3 tests[22m[2m)[22m[32m 2[2mms[22m[39m
 [32m✓[39m src/slack/monitor/message-handler/dispatch.streaming.test.ts [2m([22m[2m5 tests[22m[2m)[22m[32m 3[2mms[22m[39m
 [32m✓[39m src/channels/plugins/message-actions.test.ts [2m([22m[2m2 tests[22m[2m)[22m[32m 2[2mms[22m[39m
 [32m✓[39m src/cli/outbound-send-mapping.test.ts [2m([22m[2m1 test[22m[2m)[22m[32m 2[2mms[22m[39m
 [32m✓[39m src/cli/prompt.test.ts [2m([22m[2m2 tests[22m[2m)[22m[32m 2[2mms[22m[39m
 [32m✓[39m src/telegram/group-access.base-access.test.ts [2m([22m[2m3 tests[22m[2m)[22m[32m 2[2mms[22m[39m
 [32m✓[39m src/plugin-sdk/text-chunking.test.ts [2m([22m[2m3 tests[22m[2m)[22m[32m 2[2mms[22m[39m
 [32m✓[39m src/imessage/probe.test.ts [2m([22m[2m1 test[22m[2m)[22m[32m 3[2mms[22m[39m
 [32m✓[39m src/infra/scp-host.test.ts [2m([22m[2m2 tests[22m[2m)[22m[32m 2[2mms[22m[39m
 [32m✓[39m src/logging/parse-log-line.test.ts [2m([22m[2m3 tests[22m[2m)[22m[32m 2[2mms[22m[39m
 [32m✓[39m src/agents/pi-embedded-runner/cache-ttl.test.ts [2m([22m[2m5 tests[22m[2m)[22m[32m 3[2mms[22m[39m
 [32m✓[39m src/tui/tui-waiting.test.ts [2m([22m[2m2 tests[22m[2m)[22m[32m 2[2mms[22m[39m
 [32m✓[39m src/commands/doctor-auth.hints.test.ts [2m([22m[2m4 tests[22m[2m)[22m[32m 2[2mms[22m[39m
 [32m✓[39m src/agents/observer/identity-guard.test.ts [2m([22m[2m4 tests[22m[2m)[22m[32m 2[2mms[22m[39m
 [32m✓[39m src/agents/image-sanitization.test.ts [2m([22m[2m2 tests[22m[2m)[22m[32m 2[2mms[22m[39m
 [32m✓[39m src/cron/service.issue-22895-every-next-run.test.ts [2m([22m[2m2 tests[22m[2m)[22m[32m 2[2mms[22m[39m
 [32m✓[39m src/routing/account-lookup.test.ts [2m([22m[2m2 tests[22m[2m)[22m[32m 2[2mms[22m[39m
 [32m✓[39m src/slack/blocks-fallback.test.ts [2m([22m[2m3 tests[22m[2m)[22m[32m 2[2mms[22m[39m
 [32m✓[39m src/infra/file-identity.test.ts [2m([22m[2m6 tests[22m[2m)[22m[32m 2[2mms[22m[39m
 [32m✓[39m src/discord/monitor/commands.test.ts [2m([22m[2m4 tests[22m[2m)[22m[32m 2[2mms[22m[39m
 [32m✓[39m src/commands/text-format.test.ts [2m([22m[2m3 tests[22m[2m)[22m[32m 2[2mms[22m[39m
 [32m✓[39m src/acp/runtime/error-text.test.ts [2m([22m[2m2 tests[22m[2m)[22m[32m 2[2mms[22m[39m
 [32m✓[39m src/agents/pi-embedded-subscribe.tools.test.ts [2m([22m[2m2 tests[22m[2m)[22m[32m 2[2mms[22m[39m
 [32m✓[39m src/telegram/bot.helpers.test.ts [2m([22m[2m4 tests[22m[2m)[22m[32m 2[2mms[22m[39m
 [32m✓[39m src/cli/daemon-cli/shared.test.ts [2m([22m[2m2 tests[22m[2m)[22m[32m 2[2mms[22m[39m
 [32m✓[39m src/auto-reply/reply/origin-routing.test.ts [2m([22m[2m4 tests[22m[2m)[22m[32m 2[2mms[22m[39m
 [32m✓[39m src/commands/onboard-config.test.ts [2m([22m[2m3 tests[22m[2m)[22m[32m 2[2mms[22m[39m
 [32m✓[39m src/agents/pi-embedded-runner/kilocode.test.ts [2m([22m[2m4 tests[22m[2m)[22m[32m 2[2mms[22m[39m
 [32m✓[39m src/web/inbound/access-control.group-policy.test.ts [2m([22m[2m3 tests[22m[2m)[22m[32m 3[2mms[22m[39m
 [32m✓[39m src/agents/skills/frontmatter.test.ts [2m([22m[2m2 tests[22m[2m)[22m[32m 2[2mms[22m[39m
 [32m✓[39m src/infra/system-message.test.ts [2m([22m[2m3 tests[22m[2m)[22m[32m 2[2mms[22m[39m
 [32m✓[39m src/utils/mask-api-key.test.ts [2m([22m[2m3 tests[22m[2m)[22m[32m 2[2mms[22m[39m
[90mstdout[2m | src/commands/models/list.probe.test.ts
[22m[39m[MemoryStore] Initializing the Five-Tier Central Nervous System...
KnowledgeGraph connected to Neo4j successfully.

[90mstdout[2m | src/agents/pi-embedded-runner.get-dm-history-limit-from-session-key.falls-back-provider-default-per-dm-not.test.ts
[22m[39m[MemoryStore] Initializing the Five-Tier Central Nervous System...
KnowledgeGraph connected to Neo4j successfully.

 [32m✓[39m src/infra/path-safety.test.ts [2m([22m[2m2 tests[22m[2m)[22m[32m 2[2mms[22m[39m
 [32m✓[39m src/channels/telegram/allow-from.test.ts [2m([22m[2m2 tests[22m[2m)[22m[32m 2[2mms[22m[39m
 [32m✓[39m src/agents/pi-embedded-subscribe.handlers.messages.test.ts [2m([22m[2m3 tests[22m[2m)[22m[32m 2[2mms[22m[39m
[90mstdout[2m | src/commands/models/list.probe.test.ts
[22m[39mKnowledgeGraph Schema Initialized.

 [32m✓[39m src/channels/plugins/account-action-gate.test.ts [2m([22m[2m3 tests[22m[2m)[22m[32m 2[2mms[22m[39m
[90mstdout[2m | src/agents/pi-embedded-runner.get-dm-history-limit-from-session-key.falls-back-provider-default-per-dm-not.test.ts
[22m[39mKnowledgeGraph Schema Initialized.

 [32m✓[39m src/agents/compaction.token-sanitize.test.ts [2m([22m[2m1 test[22m[2m)[22m[32m 2[2mms[22m[39m
 [32m✓[39m src/cli/program.nodes-test-helpers.test.ts [2m([22m[2m1 test[22m[2m)[22m[32m 2[2mms[22m[39m
 [32m✓[39m src/media/base64.test.ts [2m([22m[2m3 tests[22m[2m)[22m[32m 2[2mms[22m[39m
 [32m✓[39m src/cli/program/program-context.test.ts [2m([22m[2m3 tests[22m[2m)[22m[32m 2[2mms[22m[39m
 [32m✓[39m src/auto-reply/reply/queue-policy.test.ts [2m([22m[2m4 tests[22m[2m)[22m[32m 2[2mms[22m[39m
 [32m✓[39m src/agents/workspace.defaults.test.ts [2m([22m[2m1 test[22m[2m)[22m[32m 2[2mms[22m[39m
 [32m✓[39m src/config/legacy.shared.test.ts [2m([22m[2m1 test[22m[2m)[22m[32m 2[2mms[22m[39m
 [32m✓[39m src/cli/gateway.sigterm.test.ts [2m([22m[2m1 test[22m[2m)[22m[32m 2[2mms[22m[39m
 [32m✓[39m src/agents/pi-embedded-runner.get-dm-history-limit-from-session-key.falls-back-provider-default-per-dm-not.test.ts [2m([22m[2m5 tests[22m[2m)[22m[32m 3[2mms[22m[39m
 [32m✓[39m src/commands/models/list.probe.test.ts [2m([22m[2m3 tests[22m[2m)[22m[32m 2[2mms[22m[39m
 [32m✓[39m src/agents/transcript-policy.policy.test.ts [2m([22m[2m2 tests[22m[2m)[22m[32m 2[2mms[22m[39m
 [32m✓[39m src/agents/cli-backends.test.ts [2m([22m[2m1 test[22m[2m)[22m[32m 2[2mms[22m[39m
[90mstdout[2m | src/agents/pi-embedded-runner.history-limit-from-session-key.test.ts
[22m[39m[MemoryStore] Initializing the Five-Tier Central Nervous System...
KnowledgeGraph connected to Neo4j successfully.

[90mstdout[2m | src/agents/pi-embedded-runner.history-limit-from-session-key.test.ts
[22m[39mKnowledgeGraph Schema Initialized.

[90mstdout[2m | src/discord/monitor/provider.group-policy.test.ts
[22m[39m[MemoryStore] Initializing the Five-Tier Central Nervous System...
KnowledgeGraph connected to Neo4j successfully.

[90mstdout[2m | src/discord/monitor/provider.group-policy.test.ts
[22m[39mKnowledgeGraph Schema Initialized.

[90mstdout[2m | src/commands/status.summary.redaction.test.ts
[22m[39m[MemoryStore] Initializing the Five-Tier Central Nervous System...
KnowledgeGraph connected to Neo4j successfully.

[90mstdout[2m | src/commands/status.summary.redaction.test.ts
[22m[39mKnowledgeGraph Schema Initialized.

[90mstdout[2m | src/imessage/monitor/provider.group-policy.test.ts
[22m[39m[MemoryStore] Initializing the Five-Tier Central Nervous System...
KnowledgeGraph connected to Neo4j successfully.

 [32m✓[39m src/agents/tools/tts-tool.test.ts [2m([22m[2m1 test[22m[2m)[22m[32m 2[2mms[22m[39m
[90mstdout[2m | src/imessage/monitor/provider.group-policy.test.ts
[22m[39mKnowledgeGraph Schema Initialized.

 [32m✓[39m src/commands/status.summary.redaction.test.ts [2m([22m[2m1 test[22m[2m)[22m[32m 2[2mms[22m[39m
 [32m✓[39m src/agents/pi-embedded-runner.history-limit-from-session-key.test.ts [2m([22m[2m3 tests[22m[2m)[22m[32m 2[2mms[22m[39m
 [32m✓[39m src/discord/monitor/provider.group-policy.test.ts [2m([22m[2m4 tests[22m[2m)[22m[32m 3[2mms[22m[39m
[90mstdout[2m | src/slack/monitor/provider.group-policy.test.ts
[22m[39m[MemoryStore] Initializing the Five-Tier Central Nervous System...
KnowledgeGraph connected to Neo4j successfully.

[90mstdout[2m | src/slack/monitor/provider.group-policy.test.ts
[22m[39mKnowledgeGraph Schema Initialized.

 [32m✓[39m src/imessage/monitor/provider.group-policy.test.ts [2m([22m[2m3 tests[22m[2m)[22m[32m 2[2mms[22m[39m
 [32m✓[39m src/slack/monitor/provider.group-policy.test.ts [2m([22m[2m3 tests[22m[2m)[22m[32m 2[2mms[22m[39m
[90mstdout[2m | src/agents/pi-embedded-runner.createsystempromptoverride.test.ts
[22m[39m[MemoryStore] Initializing the Five-Tier Central Nervous System...
KnowledgeGraph connected to Neo4j successfully.

[90mstdout[2m | src/agents/pi-embedded-runner.createsystempromptoverride.test.ts
[22m[39mKnowledgeGraph Schema Initialized.

 [32m✓[39m src/agents/pi-embedded-runner.createsystempromptoverride.test.ts [2m([22m[2m2 tests[22m[2m)[22m[32m 2[2mms[22m[39m

[2m Test Files [22m [1m[31m14 failed[39m[22m[2m | [22m[1m[32m1416 passed[39m[22m[90m (1430)[39m
[2m      Tests [22m [1m[31m90 failed[39m[22m[2m | [22m[1m[32m11613 passed[39m[22m[90m (11703)[39m
[2m   Start at [22m 13:49:48
[2m   Duration [22m 70.75s[2m (transform 46.68s, setup 54.07s, import 753.72s, tests 121.12s, environment 98ms)[22m

 ELIFECYCLE  Command failed with exit code 1.
